<html>
<body>
<pre>
<h1>µVision Build Log</h1>
<h2>Tool Versions:</h2>
IDE-Version: ¦ÌVision V5.41.0.0
Copyright (C) 2024 ARM Ltd and ARM Germany GmbH. All rights reserved.
License Information: 1 Accelerator_365@outlook.com, 1, LIC=03C6R-KSF8L-LQK0Q-NS9Q0-YJSCE-PJ6HB
 
Tool Versions:
Toolchain:       MDK-ARM Plus  Version: 5.41.0.0
Toolchain Path:  C:\app\Keil5\ARM\ARMCC\Bin
C Compiler:      Armcc.exe V5.06 update 7 (build 960)
Assembler:       Armasm.exe V5.06 update 7 (build 960)
Linker/Locator:  ArmLink.exe V5.06 update 7 (build 960)
Library Manager: ArmAr.exe V5.06 update 7 (build 960)
Hex Converter:   FromElf.exe V5.06 update 7 (build 960)
CPU DLL:         SARMCM3.DLL V5.41.0.0
Dialog DLL:      DCM.DLL V1.17.5.0
Target DLL:      STLink\ST-LINKIII-KEIL_SWO.dll V3.3.0.0
Dialog DLL:      TCM.DLL V1.56.4.0
 
<h2>Project:</h2>
C:\Users\Accel\Documents\GitHub\LiteOS_STM32F411E-DISCO\Project\Fire-F407.uvprojx
Project File Date:  04/24/2026

<h2>Output:</h2>
*** Using Compiler 'V5.06 update 7 (build 960)', folder: 'C:\app\Keil5\ARM\ARMCC\Bin'
Rebuild target 'LiteOS'
assembling startup_stm32f411xe.s...
compiling stm32f4xx_hal_cec.c...
compiling stm32f4xx_hal.c...
compiling stm32f4xx_hal_crc.c...
compiling stm32f4xx_hal_adc_ex.c...
compiling system_stm32f4xx.c...
compiling stm32f4xx_hal_can.c...
compiling stm32f4xx_hal_dfsdm.c...
compiling stm32f4xx_hal_dac_ex.c...
compiling stm32f4xx_hal_dcmi_ex.c...
compiling stm32f4xx_hal_dac.c...
compiling stm32f4xx_hal_cryp.c...
compiling stm32f4xx_hal_dcmi.c...
compiling stm32f4xx_hal_cryp_ex.c...
compiling stm32f4xx_hal_cortex.c...
compiling stm32f4xx_hal_adc.c...
compiling stm32f4xx_hal_dma.c...
compiling stm32f4xx_hal_dma2d.c...
compiling stm32f4xx_hal_eth.c...
compiling stm32f4xx_hal_dsi.c...
compiling stm32f4xx_hal_flash.c...
compiling stm32f4xx_hal_flash_ex.c...
compiling stm32f4xx_hal_hash_ex.c...
compiling stm32f4xx_hal_fmpi2c_ex.c...
compiling stm32f4xx_hal_dma_ex.c...
compiling stm32f4xx_hal_fmpi2c.c...
compiling stm32f4xx_hal_flash_ramfunc.c...
compiling stm32f4xx_hal_hash.c...
compiling stm32f4xx_hal_gpio.c...
compiling stm32f4xx_hal_hcd.c...
compiling stm32f4xx_hal_i2c_ex.c...
compiling stm32f4xx_hal_i2c.c...
compiling stm32f4xx_hal_iwdg.c...
compiling stm32f4xx_hal_i2s.c...
compiling stm32f4xx_hal_lptim.c...
compiling stm32f4xx_hal_ltdc.c...
compiling stm32f4xx_hal_nand.c...
compiling stm32f4xx_hal_irda.c...
compiling stm32f4xx_hal_mmc.c...
compiling stm32f4xx_hal_ltdc_ex.c...
compiling stm32f4xx_hal_nor.c...
compiling stm32f4xx_hal_i2s_ex.c...
compiling stm32f4xx_hal_pccard.c...
compiling stm32f4xx_hal_pcd.c...
compiling stm32f4xx_hal_pcd_ex.c...
compiling stm32f4xx_hal_pwr_ex.c...
compiling stm32f4xx_hal_pwr.c...
compiling stm32f4xx_hal_qspi.c...
compiling stm32f4xx_hal_rng.c...
compiling stm32f4xx_hal_rcc_ex.c...
compiling stm32f4xx_hal_sai_ex.c...
compiling stm32f4xx_hal_sai.c...
compiling stm32f4xx_hal_rcc.c...
compiling stm32f4xx_hal_sdram.c...
compiling stm32f4xx_hal_rtc.c...
compiling stm32f4xx_hal_rtc_ex.c...
compiling stm32f4xx_hal_spdifrx.c...
compiling stm32f4xx_hal_smartcard.c...
compiling stm32f4xx_hal_sd.c...
compiling stm32f4xx_hal_spi.c...
compiling stm32f4xx_hal_sram.c...
compiling stm32f4xx_ll_fsmc.c...
compiling stm32f4xx_hal_tim_ex.c...
compiling stm32f4xx_hal_wwdg.c...
compiling stm32f4xx_ll_sdmmc.c...
compiling stm32f4xx_it.c...
compiling stm32f4xx_hal_usart.c...
compiling lsm303agr.c...
compiling stm32f4xx_hal_uart.c...
compiling stm32f4xx_hal_tim.c...
compiling lsm303dlhc.c...
compiling stm32f4xx_ll_usb.c...
compiling board.c...
compiling core_delay.c...
compiling bsp_debug_usart.c...
compiling main.c...
compiling stm32f411e_discovery.c...
compiling stm32f411e_discovery_accelerometer.c...
compiling los_sys.c...
compiling los_priqueue.c...
compiling los_swtmr.c...
compiling los_tick.c...
compiling cmsis_liteos.c...
compiling los_event.c...
compiling los_timeslice.c...
compiling los_mux.c...
compiling los_heap.c...
compiling los_membox.c...
compiling los_queue.c...
compiling los_sem.c...
assembling los_dispatch_keil.S...
compiling los_task.c...
compiling app_x-cube-ai.c...
compiling los_memcheck.c...
compiling los_memory.c...
compiling network_data.c...
compiling syscalls.c...
compiling network.c...
compiling lc_print.c...
compiling los_slab.c...
compiling los_memstat.c...
compiling los_slabmem.c...
compiling los_err.c...
compiling los_misc.c...
compiling los_init.c...
compiling los_hw.c...
compiling los_hw_tick.c...
compiling los_hwi.c...
compiling ai_device_adaptor.c...
compiling aiTestUtility.c...
compiling aiTestHelper_ST_AI.c...
linking...
Program Size: Code=22744 RO-data=13140 RW-data=644 ZI-data=5004  
"..\Output\LiteOS_STM32F411E-DISCO.axf" - 0 Error(s), 0 Warning(s).

<h2>Software Packages used:</h2>

Package Vendor: Keil
                https://www.keil.com/pack/Keil.STM32F4xx_DFP.2.17.0.pack
                Keil::STM32F4xx_DFP@2.17.0
                STMicroelectronics STM32F4 Series Device Support, Drivers and Examples

<h2>Collection of Component include folders:</h2>
  C:/app/Keil5/Packs/Keil/STM32F4xx_DFP/2.17.0/Drivers/CMSIS/Device/ST/STM32F4xx/Include

<h2>Collection of Component Files used:</h2>
Build Time Elapsed:  00:00:08
</pre>
</body>
</html>
