Component: ARM Compiler 5.06 update 7 (build 960) Tool: armlink [4d3601]

==============================================================================

Section Cross References

    startup_stm32f411xe.o(RESET) refers to startup_stm32f411xe.o(STACK) for __initial_sp
    startup_stm32f411xe.o(RESET) refers to startup_stm32f411xe.o(.text) for Reset_Handler
    startup_stm32f411xe.o(RESET) refers to stm32f4xx_it.o(i.NMI_Handler) for NMI_Handler
    startup_stm32f411xe.o(RESET) refers to stm32f4xx_it.o(i.HardFault_Handler) for HardFault_Handler
    startup_stm32f411xe.o(RESET) refers to stm32f4xx_it.o(i.MemManage_Handler) for MemManage_Handler
    startup_stm32f411xe.o(RESET) refers to stm32f4xx_it.o(i.BusFault_Handler) for BusFault_Handler
    startup_stm32f411xe.o(RESET) refers to stm32f4xx_it.o(i.UsageFault_Handler) for UsageFault_Handler
    startup_stm32f411xe.o(RESET) refers to stm32f4xx_it.o(i.SVC_Handler) for SVC_Handler
    startup_stm32f411xe.o(RESET) refers to stm32f4xx_it.o(i.DebugMon_Handler) for DebugMon_Handler
    startup_stm32f411xe.o(RESET) refers to los_hwi.o(i.PendSV_Handler) for PendSV_Handler
    startup_stm32f411xe.o(RESET) refers to los_hwi.o(i.SysTick_Handler) for SysTick_Handler
    startup_stm32f411xe.o(RESET) refers to stm32f4xx_it.o(i.EXTI0_IRQHandler) for EXTI0_IRQHandler
    startup_stm32f411xe.o(.text) refers to system_stm32f4xx.o(i.SystemInit) for SystemInit
    startup_stm32f411xe.o(.text) refers to entry.o(.ARM.Collect$$$$00000000) for __main
    system_stm32f4xx.o(i.SystemCoreClockUpdate) refers to system_stm32f4xx.o(.data) for .data
    system_stm32f4xx.o(i.SystemCoreClockUpdate) refers to system_stm32f4xx.o(.constdata) for .constdata
    stm32f4xx_hal.o(i.HAL_DeInit) refers to stm32f4xx_hal.o(i.HAL_MspDeInit) for HAL_MspDeInit
    stm32f4xx_hal.o(i.HAL_Delay) refers to core_delay.o(i.HAL_GetTick) for HAL_GetTick
    stm32f4xx_hal.o(i.HAL_Delay) refers to stm32f4xx_hal.o(.data) for .data
    stm32f4xx_hal.o(i.HAL_GetTick) refers to stm32f4xx_hal.o(.data) for .data
    stm32f4xx_hal.o(i.HAL_GetTickFreq) refers to stm32f4xx_hal.o(.data) for .data
    stm32f4xx_hal.o(i.HAL_GetTickPrio) refers to stm32f4xx_hal.o(.data) for .data
    stm32f4xx_hal.o(i.HAL_IncTick) refers to stm32f4xx_hal.o(.data) for .data
    stm32f4xx_hal.o(i.HAL_Init) refers to stm32f4xx_hal_cortex.o(i.HAL_NVIC_SetPriorityGrouping) for HAL_NVIC_SetPriorityGrouping
    stm32f4xx_hal.o(i.HAL_Init) refers to core_delay.o(i.HAL_InitTick) for HAL_InitTick
    stm32f4xx_hal.o(i.HAL_Init) refers to stm32f4xx_hal.o(i.HAL_MspInit) for HAL_MspInit
    stm32f4xx_hal.o(i.HAL_InitTick) refers to stm32f4xx_hal_cortex.o(i.HAL_SYSTICK_Config) for HAL_SYSTICK_Config
    stm32f4xx_hal.o(i.HAL_InitTick) refers to stm32f4xx_hal_cortex.o(i.HAL_NVIC_SetPriority) for HAL_NVIC_SetPriority
    stm32f4xx_hal.o(i.HAL_InitTick) refers to stm32f4xx_hal.o(.data) for .data
    stm32f4xx_hal.o(i.HAL_InitTick) refers to system_stm32f4xx.o(.data) for SystemCoreClock
    stm32f4xx_hal.o(i.HAL_SetTickFreq) refers to core_delay.o(i.HAL_InitTick) for HAL_InitTick
    stm32f4xx_hal.o(i.HAL_SetTickFreq) refers to stm32f4xx_hal.o(.data) for .data
    stm32f4xx_hal_adc.o(i.ADC_DMAConvCplt) refers to stm32f4xx_hal_adc.o(i.HAL_ADC_ConvCpltCallback) for HAL_ADC_ConvCpltCallback
    stm32f4xx_hal_adc.o(i.ADC_DMAError) refers to stm32f4xx_hal_adc.o(i.HAL_ADC_ErrorCallback) for HAL_ADC_ErrorCallback
    stm32f4xx_hal_adc.o(i.ADC_DMAHalfConvCplt) refers to stm32f4xx_hal_adc.o(i.HAL_ADC_ConvHalfCpltCallback) for HAL_ADC_ConvHalfCpltCallback
    stm32f4xx_hal_adc.o(i.HAL_ADC_ConfigChannel) refers to system_stm32f4xx.o(.data) for SystemCoreClock
    stm32f4xx_hal_adc.o(i.HAL_ADC_DeInit) refers to stm32f4xx_hal_adc.o(i.HAL_ADC_MspDeInit) for HAL_ADC_MspDeInit
    stm32f4xx_hal_adc.o(i.HAL_ADC_IRQHandler) refers to stm32f4xx_hal_adc.o(i.HAL_ADC_ConvCpltCallback) for HAL_ADC_ConvCpltCallback
    stm32f4xx_hal_adc.o(i.HAL_ADC_IRQHandler) refers to stm32f4xx_hal_adc_ex.o(i.HAL_ADCEx_InjectedConvCpltCallback) for HAL_ADCEx_InjectedConvCpltCallback
    stm32f4xx_hal_adc.o(i.HAL_ADC_IRQHandler) refers to stm32f4xx_hal_adc.o(i.HAL_ADC_LevelOutOfWindowCallback) for HAL_ADC_LevelOutOfWindowCallback
    stm32f4xx_hal_adc.o(i.HAL_ADC_IRQHandler) refers to stm32f4xx_hal_adc.o(i.HAL_ADC_ErrorCallback) for HAL_ADC_ErrorCallback
    stm32f4xx_hal_adc.o(i.HAL_ADC_Init) refers to stm32f4xx_hal_adc.o(i.HAL_ADC_MspInit) for HAL_ADC_MspInit
    stm32f4xx_hal_adc.o(i.HAL_ADC_Init) refers to stm32f4xx_hal_adc.o(i.ADC_Init) for ADC_Init
    stm32f4xx_hal_adc.o(i.HAL_ADC_PollForConversion) refers to core_delay.o(i.HAL_GetTick) for HAL_GetTick
    stm32f4xx_hal_adc.o(i.HAL_ADC_PollForEvent) refers to core_delay.o(i.HAL_GetTick) for HAL_GetTick
    stm32f4xx_hal_adc.o(i.HAL_ADC_Start) refers to system_stm32f4xx.o(.data) for SystemCoreClock
    stm32f4xx_hal_adc.o(i.HAL_ADC_Start_DMA) refers to stm32f4xx_hal_dma.o(i.HAL_DMA_Start_IT) for HAL_DMA_Start_IT
[...]
    i.aiRunInference                         0x08003eb0   Section        0  app_x-cube-ai.o(i.aiRunInference)
    i.forward_lite_conv2d_if32of32wf32       0x08003f04   Section        0  forward_lite_conv2d_if32of32wf32.o(i.forward_lite_conv2d_if32of32wf32)
    i.forward_lite_dense_if32of32wf32        0x08004058   Section        0  lite_dense_if32.o(i.forward_lite_dense_if32of32wf32)
    i.forward_lite_mp_max_pooling2d          0x080040f0   Section        0  network.o(i.forward_lite_mp_max_pooling2d)
    i.forward_lite_nl_relu_if32of32          0x08004168   Section        0  lite_nl_generic_float.o(i.forward_lite_nl_relu_if32of32)
    i.forward_lite_nl_softmax_if32of32       0x0800419c   Section        0  lite_nl_generic_float.o(i.forward_lite_nl_softmax_if32of32)
    i.forward_lite_nl_softmax_if32of32_kernel 0x080041f4   Section        0  lite_nl_softmax_if32of32.o(i.forward_lite_nl_softmax_if32of32_kernel)
    i.forward_mp                             0x08004298   Section        0  layers_pool_generic_float.o(i.forward_mp)
    i.fputc                                  0x080043e8   Section        0  bsp_debug_usart.o(i.fputc)
    i.fw_lite_conv2d_kernel_simple_opt_f32   0x08004400   Section        0  forward_lite_conv2d_if32of32wf32.o(i.fw_lite_conv2d_kernel_simple_opt_f32)
    fw_lite_conv2d_kernel_simple_opt_f32     0x08004401   Thumb Code   386  forward_lite_conv2d_if32of32wf32.o(i.fw_lite_conv2d_kernel_simple_opt_f32)
    i.main                                   0x08004584   Section        0  main.o(i.main)
    i.osAlarmHeapInfo                        0x08004640   Section        0  los_heap.o(i.osAlarmHeapInfo)
    i.osHeapAlloc                            0x0800465c   Section        0  los_heap.o(i.osHeapAlloc)
    i.osHeapFree                             0x0800478c   Section        0  los_heap.o(i.osHeapFree)
    i.osHeapInit                             0x08004888   Section        0  los_heap.o(i.osHeapInit)
    i.osHeapPrvGetNext                       0x080048c2   Section        0  los_heap.o(i.osHeapPrvGetNext)
    i.osHeapStatisticsGet                    0x080048d8   Section        0  los_heap.o(i.osHeapStatisticsGet)
    i.osIdleTask                             0x08004920   Section        0  los_task.o(i.osIdleTask)
    i.osIdleTaskCreate                       0x08004924   Section        0  los_task.o(i.osIdleTaskCreate)
    i.osIntNumGet                            0x08004964   Section        0  los_hwi.o(i.osIntNumGet)
    i.osMemSystemInit                        0x0800496c   Section        0  los_memory.o(i.osMemSystemInit)
    i.osPriqueueDequeue                      0x08004980   Section        0  los_priqueue.o(i.osPriqueueDequeue)
    i.osPriqueueEnqueue                      0x08004994   Section        0  los_priqueue.o(i.osPriqueueEnqueue)
    i.osPriqueueInit                         0x080049b0   Section        0  los_priqueue.o(i.osPriqueueInit)
    i.osPriqueueSize                         0x080049e4   Section        0  los_priqueue.o(i.osPriqueueSize)
    i.osPriqueueTop                          0x08004a08   Section        0  los_priqueue.o(i.osPriqueueTop)
    i.osQueueBufferOperate                   0x08004a30   Section        0  los_queue.o(i.osQueueBufferOperate)
    osQueueBufferOperate                     0x08004a31   Thumb Code   150  los_queue.o(i.osQueueBufferOperate)
    i.osQueueInit                            0x08004af0   Section        0  los_queue.o(i.osQueueInit)
    i.osQueueOperate                         0x08004b4c   Section        0  los_queue.o(i.osQueueOperate)
    i.osQueueWriteParameterCheck             0x08004cb4   Section        0  los_queue.o(i.osQueueWriteParameterCheck)
    osQueueWriteParameterCheck               0x08004cb5   Thumb Code    46  los_queue.o(i.osQueueWriteParameterCheck)
    i.osSchedule                             0x08004ce8   Section        0  los_hw.o(i.osSchedule)
    i.osSemInit                              0x08004cec   Section        0  los_sem.o(i.osSemInit)
    i.osSwTmrInit                            0x08004d40   Section        0  los_swtmr.o(i.osSwTmrInit)
    i.osSwTmrStart                           0x08004db4   Section        0  los_swtmr.o(i.osSwTmrStart)
    i.osSwTmrTask                            0x08004df4   Section        0  los_swtmr.o(i.osSwTmrTask)
    i.osSwTmrTaskCreate                      0x08004e30   Section        0  los_swtmr.o(i.osSwTmrTaskCreate)
    i.osSwTmrTimeoutHandle                   0x08004e70   Section        0  los_swtmr.o(i.osSwTmrTimeoutHandle)
    osSwTmrTimeoutHandle                     0x08004e71   Thumb Code    98  los_swtmr.o(i.osSwTmrTimeoutHandle)
    i.osSwtmrDelete                          0x08004ed8   Section        0  los_swtmr.o(i.osSwtmrDelete)
    osSwtmrDelete                            0x08004ed9   Thumb Code    14  los_swtmr.o(i.osSwtmrDelete)
    i.osSwtmrScan                            0x08004eec   Section        0  los_swtmr.o(i.osSwtmrScan)
    i.osTaskAdd2TimerList                    0x08004f08   Section        0  los_task.o(i.osTaskAdd2TimerList)
    i.osTaskEntry                            0x08004f8c   Section        0  los_task.o(i.osTaskEntry)
    i.osTaskExit                             0x08004fb8   Section        0  los_hw.o(i.osTaskExit)
    i.osTaskInit                             0x08004fbc   Section        0  los_task.o(i.osTaskInit)
    i.osTaskMonInit                          0x08005090   Section        0  los_task.o(i.osTaskMonInit)
    i.osTaskScan                             0x080050bc   Section        0  los_task.o(i.osTaskScan)
    i.osTaskSwitchCheck                      0x08005170   Section        0  los_task.o(i.osTaskSwitchCheck)
    i.osTaskWait                             0x080052ac   Section        0  los_task.o(i.osTaskWait)
    i.osTaskWake                             0x080052f8   Section        0  los_task.o(i.osTaskWake)
    i.osTickHandler                          0x08005338   Section        0  los_tick.o(i.osTickHandler)
    i.osTickStart                            0x0800535c   Section        0  los_hw_tick.o(i.osTickStart)
    i.osTimerListDelete                      0x080053c0   Section        0  los_task.o(i.osTimerListDelete)
    i.osTskStackInit                         0x080053f4   Section        0  los_hw.o(i.osTskStackInit)
    i.pool_func_mp_kernel_array_f32          0x08005520   Section        0  layers_pool_generic_float.o(i.pool_func_mp_kernel_array_f32)
    i.st_int8_copy                           0x08005560   Section        0  st_int8_fill.o(i.st_int8_copy)
    i.stai_network_deinit                    0x080055f0   Section        0  network.o(i.stai_network_deinit)
    i.stai_network_get_error                 0x08005624   Section        0  network.o(i.stai_network_get_error)
    i.stai_network_get_inputs                0x08005650   Section        0  network.o(i.stai_network_get_inputs)
    i.stai_network_get_outputs               0x08005698   Section        0  network.o(i.stai_network_get_outputs)
    i.stai_network_init                      0x080056e0   Section        0  network.o(i.stai_network_init)
    i.stai_network_run                       0x08005724   Section        0  network.o(i.stai_network_run)
    i.stai_network_set_activations           0x080059c4   Section        0  network.o(i.stai_network_set_activations)
    i.stai_runtime_deinit                    0x08005a68   Section        0  stai_internal.o(i.stai_runtime_deinit)
    i.stai_runtime_init                      0x08005a6c   Section        0  stai_internal.o(i.stai_runtime_init)
    .constdata                               0x08005a70   Section       16  system_stm32f4xx.o(.constdata)
    .constdata                               0x08005a80   Section        8  system_stm32f4xx.o(.constdata)
    .constdata                               0x08005a88   Section       16  main.o(.constdata)
    ActivityFilterInitialState               0x08005a88   Data          16  main.o(.constdata)
    .constdata                               0x08005a98   Section       12  stm32f411e_discovery.o(.constdata)
    .constdata                               0x08005aa4   Section        8  network.o(.constdata)
    max_pooling2d_chain                      0x08005aa4   Data           8  network.o(.constdata)
    .constdata                               0x08005ab0   Section      264  network.o(.constdata)
    .constdata                               0x08005bb8   Section    12256  network_data.o(.constdata)
    .constdata                               0x08008b98   Section       48  expf.o(.constdata)
    twotokover4top                           0x08008b98   Data          16  expf.o(.constdata)
    twotokover4bot                           0x08008ba8   Data          16  expf.o(.constdata)
    twotokover4all                           0x08008bb8   Data          16  expf.o(.constdata)
    .conststring                             0x08008bc8   Section       66  main.o(.conststring)
    .data                                    0x20000000   Section        4  system_stm32f4xx.o(.data)
    .data                                    0x20000004   Section       34  main.o(.data)
    CurrentMode                              0x20000004   Data           1  main.o(.data)
    LastActivityClass                        0x20000005   Data           1  main.o(.data)
    ActivitySampleCount                      0x20000008   Data           4  main.o(.data)
    ActivitySampleLoopCount                  0x2000000c   Data           4  main.o(.data)
    lastSample                               0x20000010   Data           4  main.o(.data)
    stableState                              0x20000014   Data           4  main.o(.data)
    stableCount                              0x20000018   Data           4  main.o(.data)
    LedControlTaskHandle                     0x2000001c   Data           4  main.o(.data)
    AcceleroBuffer                           0x20000020   Data           6  main.o(.data)
    .data                                    0x20000028   Section       28  stm32f411e_discovery.o(.data)
    .data                                    0x20000044   Section        4  stm32f411e_discovery_accelerometer.o(.data)
    AccelerometerDrv                         0x20000044   Data           4  stm32f411e_discovery_accelerometer.o(.data)
    .data                                    0x20000048   Section       52  lsm303agr.o(.data)
    .data                                    0x2000007c   Section       52  lsm303dlhc.o(.data)
    .data                                    0x200000b0   Section        4  los_priqueue.o(.data)
    .data                                    0x200000b4   Section       16  los_swtmr.o(.data)
    .data                                    0x200000c4   Section       72  los_task.o(.data)
    .data                                    0x20000110   Section       16  los_tick.o(.data)
    .data                                    0x20000120   Section        4  los_tick.o(.data)
    .data                                    0x20000124   Section       12  los_queue.o(.data)
    .data                                    0x20000130   Section       12  los_sem.o(.data)
    .data                                    0x2000013c   Section       16  los_heap.o(.data)
    g_uwAllocCount                           0x2000013c   Data           4  los_heap.o(.data)
    g_uwFreeCount                            0x20000140   Data           4  los_heap.o(.data)
    g_uwCurHeapUsed                          0x20000144   Data           4  los_heap.o(.data)
    g_uwMaxHeapUsed                          0x20000148   Data           4  los_heap.o(.data)
    .data                                    0x2000014c   Section        4  los_memory.o(.data)
    .data                                    0x20000150   Section        4  los_init.o(.data)
    .data                                    0x20000154   Section       24  app_x-cube-ai.o(.data)
    ai_initialized                           0x20000154   Data           1  app_x-cube-ai.o(.data)
    _in_size                                 0x2000015c   Data           4  app_x-cube-ai.o(.data)
    stai_input                               0x20000160   Data           4  app_x-cube-ai.o(.data)
    _out_size                                0x20000164   Data           4  app_x-cube-ai.o(.data)
    stai_output                              0x20000168   Data           4  app_x-cube-ai.o(.data)
    .data                                    0x2000016c   Section       16  network.o(.data)
    <Data22>                                 0x2000016c   Data          16  network.o(.data)
    .data                                    0x2000017c   Section       16  network.o(.data)
    <Data23>                                 0x2000017c   Data          16  network.o(.data)
    .data                                    0x2000018c   Section       16  network.o(.data)
    <Data24>                                 0x2000018c   Data          16  network.o(.data)
    .data                                    0x2000019c   Section       16  network.o(.data)
    <Data25>                                 0x2000019c   Data          16  network.o(.data)
    .data                                    0x200001ac   Section        4  network.o(.data)
    <Data26>                                 0x200001ac   Data           4  network.o(.data)
    .data                                    0x200001b0   Section        4  network.o(.data)
    <Data27>                                 0x200001b0   Data           4  network.o(.data)
    .data                                    0x200001b4   Section        4  network.o(.data)
    <Data28>                                 0x200001b4   Data           4  network.o(.data)
    .data                                    0x200001b8   Section        4  network.o(.data)
    <Data29>                                 0x200001b8   Data           4  network.o(.data)
    .data                                    0x200001bc   Section       48  network.o(.data)
    <Data30>                                 0x200001bc   Data          48  network.o(.data)
    .data                                    0x200001ec   Section      144  network.o(.data)
    activation_output_array                  0x200001ec   Data          16  network.o(.data)
    max_pooling2d_output_array               0x200001fc   Data          16  network.o(.data)
    activation_output                        0x2000020c   Data          28  network.o(.data)
    max_pooling2d_output                     0x20000228   Data          28  network.o(.data)
    max_pooling2d_layer                      0x20000244   Data          56  network.o(.data)
    .data                                    0x2000027c   Section        4  stdout.o(.data)
    .data                                    0x20000280   Section        4  errno.o(.data)
    _errno                                   0x20000280   Data           4  errno.o(.data)
    .bss                                     0x20000284   Section      364  main.o(.bss)
    Tim4Handle                               0x20000284   Data          60  main.o(.bss)
    ActivityWindow                           0x200002c0   Data         288  main.o(.bss)
    ActivityOutput                           0x200003e0   Data          16  main.o(.bss)
    .bss                                     0x200003f0   Section       64  bsp_debug_usart.o(.bss)
    .bss                                     0x20000430   Section      172  stm32f411e_discovery.o(.bss)
    I2cHandle                                0x20000430   Data          84  stm32f411e_discovery.o(.bss)
    SpiHandle                                0x20000484   Data          88  stm32f411e_discovery.o(.bss)
    .bss                                     0x200004dc   Section      342  los_task.o(.bss)
    .bss                                     0x20000638   Section       48  app_x-cube-ai.o(.bss)
    .bss                                     0x20000680   Section     2944  app_x-cube-ai.o(.bss)
    heap_overlay_pool                        0x20000680   Data        2944  app_x-cube-ai.o(.bss)
    .bss                                     0x20001200   Section       16  network.o(.bss)
    <Data31>                                 0x20001200   Data          16  network.o(.bss)
    STACK                                    0x20001210   Section     1024  startup_stm32f411xe.o(STACK)

    Global Symbols

    Symbol Name                              Value     Ov Type        Size  Object(Section)

    BuildAttributes$$THM_ISAv4$E$P$D$K$B$S$7EM$VFPi3$EXTD16$VFPS$VFMA$PE$A:L22UL41UL21$X:L11$S22US41US21$IEEE1$IW$USESV6$~STKCKD$USESV7$~SHL$OTIME$ROPI$IEEEX$EBA8$MICROLIB$REQ8$PRES8$EABIv2 0x00000000   Number         0  anon$$obj.o ABSOLUTE
    __ARM_use_no_argv                        0x00000000   Number         0  main.o ABSOLUTE
    _printf_a                                0x00000000   Number         0  stubs.o ABSOLUTE
    _printf_c                                0x00000000   Number         0  stubs.o ABSOLUTE
    _printf_charcount                        0x00000000   Number         0  stubs.o ABSOLUTE
    _printf_d                                0x00000000   Number         0  stubs.o ABSOLUTE
    _printf_e                                0x00000000   Number         0  stubs.o ABSOLUTE
    _printf_f                                0x00000000   Number         0  stubs.o ABSOLUTE
    _printf_flags                            0x00000000   Number         0  stubs.o ABSOLUTE
    _printf_fp_dec                           0x00000000   Number         0  stubs.o ABSOLUTE
    _printf_fp_hex                           0x00000000   Number         0  stubs.o ABSOLUTE
    _printf_g                                0x00000000   Number         0  stubs.o ABSOLUTE
    _printf_i                                0x00000000   Number         0  stubs.o ABSOLUTE
    _printf_int_dec                          0x00000000   Number         0  stubs.o ABSOLUTE
    _printf_l                                0x00000000   Number         0  stubs.o ABSOLUTE
    _printf_lc                               0x00000000   Number         0  stubs.o ABSOLUTE
    _printf_ll                               0x00000000   Number         0  stubs.o ABSOLUTE
    _printf_lld                              0x00000000   Number         0  stubs.o ABSOLUTE
    _printf_lli                              0x00000000   Number         0  stubs.o ABSOLUTE
    _printf_llo                              0x00000000   Number         0  stubs.o ABSOLUTE
    _printf_llu                              0x00000000   Number         0  stubs.o ABSOLUTE
    _printf_llx                              0x00000000   Number         0  stubs.o ABSOLUTE
    _printf_longlong_dec                     0x00000000   Number         0  stubs.o ABSOLUTE
    _printf_longlong_hex                     0x00000000   Number         0  stubs.o ABSOLUTE
    _printf_longlong_oct                     0x00000000   Number         0  stubs.o ABSOLUTE
    _printf_ls                               0x00000000   Number         0  stubs.o ABSOLUTE
    _printf_mbtowc                           0x00000000   Number         0  stubs.o ABSOLUTE
    _printf_n                                0x00000000   Number         0  stubs.o ABSOLUTE
    _printf_o                                0x00000000   Number         0  stubs.o ABSOLUTE
    _printf_p                                0x00000000   Number         0  stubs.o ABSOLUTE
    _printf_percent                          0x00000000   Number         0  stubs.o ABSOLUTE
    _printf_pre_padding                      0x00000000   Number         0  stubs.o ABSOLUTE
    _printf_return_value                     0x00000000   Number         0  stubs.o ABSOLUTE
    _printf_s                                0x00000000   Number         0  stubs.o ABSOLUTE
    _printf_sizespec                         0x00000000   Number         0  stubs.o ABSOLUTE
    _printf_str                              0x00000000   Number         0  stubs.o ABSOLUTE
    _printf_truncate_signed                  0x00000000   Number         0  stubs.o ABSOLUTE
    _printf_truncate_unsigned                0x00000000   Number         0  stubs.o ABSOLUTE
    _printf_u                                0x00000000   Number         0  stubs.o ABSOLUTE
    _printf_wc                               0x00000000   Number         0  stubs.o ABSOLUTE
    _printf_wctomb                           0x00000000   Number         0  stubs.o ABSOLUTE
    _printf_widthprec                        0x00000000   Number         0  stubs.o ABSOLUTE
    _printf_x                                0x00000000   Number         0  stubs.o ABSOLUTE
    __arm_fini_                               - Undefined Weak Reference
    __cpp_initialize__aeabi_                  - Undefined Weak Reference
    __cxa_finalize                            - Undefined Weak Reference
    _clock_init                               - Undefined Weak Reference
    _microlib_exit                            - Undefined Weak Reference
    __Vectors_Size                           0x00000198   Number         0  startup_stm32f411xe.o ABSOLUTE
    __Vectors                                0x08000000   Data           4  startup_stm32f411xe.o(RESET)
    __Vectors_End                            0x08000198   Data           0  startup_stm32f411xe.o(RESET)
    __main                                   0x08000199   Thumb Code     0  entry.o(.ARM.Collect$$$$00000000)
    _main_stk                                0x08000199   Thumb Code     0  entry2.o(.ARM.Collect$$$$00000001)
    _main_scatterload                        0x0800019d   Thumb Code     0  entry5.o(.ARM.Collect$$$$00000004)
    __main_after_scatterload                 0x080001a1   Thumb Code     0  entry5.o(.ARM.Collect$$$$00000004)
    _main_clock                              0x080001a1   Thumb Code     0  entry7b.o(.ARM.Collect$$$$00000008)
    _main_cpp_init                           0x080001a1   Thumb Code     0  entry8b.o(.ARM.Collect$$$$0000000A)
    _main_init                               0x080001a1   Thumb Code     0  entry9a.o(.ARM.Collect$$$$0000000B)
    __rt_lib_shutdown_fini                   0x080001a9   Thumb Code     0  entry12b.o(.ARM.Collect$$$$0000000E)
    __rt_final_cpp                           0x080001ad   Thumb Code     0  entry10a.o(.ARM.Collect$$$$0000000F)
    __rt_final_exit                          0x080001ad   Thumb Code     0  entry11a.o(.ARM.Collect$$$$00000011)
    Reset_Handler                            0x080001b1   Thumb Code     8  startup_stm32f411xe.o(.text)
    ADC_IRQHandler                           0x080001cb   Thumb Code     0  startup_stm32f411xe.o(.text)
    DMA1_Stream0_IRQHandler                  0x080001cb   Thumb Code     0  startup_stm32f411xe.o(.text)
    DMA1_Stream1_IRQHandler                  0x080001cb   Thumb Code     0  startup_stm32f411xe.o(.text)
    DMA1_Stream2_IRQHandler                  0x080001cb   Thumb Code     0  startup_stm32f411xe.o(.text)
    DMA1_Stream3_IRQHandler                  0x080001cb   Thumb Code     0  startup_stm32f411xe.o(.text)
    DMA1_Stream4_IRQHandler                  0x080001cb   Thumb Code     0  startup_stm32f411xe.o(.text)
    DMA1_Stream5_IRQHandler                  0x080001cb   Thumb Code     0  startup_stm32f411xe.o(.text)
    DMA1_Stream6_IRQHandler                  0x080001cb   Thumb Code     0  startup_stm32f411xe.o(.text)
    DMA1_Stream7_IRQHandler                  0x080001cb   Thumb Code     0  startup_stm32f411xe.o(.text)
    DMA2_Stream0_IRQHandler                  0x080001cb   Thumb Code     0  startup_stm32f411xe.o(.text)
    DMA2_Stream1_IRQHandler                  0x080001cb   Thumb Code     0  startup_stm32f411xe.o(.text)
    DMA2_Stream2_IRQHandler                  0x080001cb   Thumb Code     0  startup_stm32f411xe.o(.text)
    DMA2_Stream3_IRQHandler                  0x080001cb   Thumb Code     0  startup_stm32f411xe.o(.text)
    DMA2_Stream4_IRQHandler                  0x080001cb   Thumb Code     0  startup_stm32f411xe.o(.text)
    DMA2_Stream5_IRQHandler                  0x080001cb   Thumb Code     0  startup_stm32f411xe.o(.text)
    DMA2_Stream6_IRQHandler                  0x080001cb   Thumb Code     0  startup_stm32f411xe.o(.text)
    DMA2_Stream7_IRQHandler                  0x080001cb   Thumb Code     0  startup_stm32f411xe.o(.text)
    EXTI15_10_IRQHandler                     0x080001cb   Thumb Code     0  startup_stm32f411xe.o(.text)
    EXTI1_IRQHandler                         0x080001cb   Thumb Code     0  startup_stm32f411xe.o(.text)
    EXTI2_IRQHandler                         0x080001cb   Thumb Code     0  startup_stm32f411xe.o(.text)
    EXTI3_IRQHandler                         0x080001cb   Thumb Code     0  startup_stm32f411xe.o(.text)
    EXTI4_IRQHandler                         0x080001cb   Thumb Code     0  startup_stm32f411xe.o(.text)
    EXTI9_5_IRQHandler                       0x080001cb   Thumb Code     0  startup_stm32f411xe.o(.text)
    FLASH_IRQHandler                         0x080001cb   Thumb Code     0  startup_stm32f411xe.o(.text)
    FPU_IRQHandler                           0x080001cb   Thumb Code     0  startup_stm32f411xe.o(.text)
    I2C1_ER_IRQHandler                       0x080001cb   Thumb Code     0  startup_stm32f411xe.o(.text)
    I2C1_EV_IRQHandler                       0x080001cb   Thumb Code     0  startup_stm32f411xe.o(.text)
    I2C2_ER_IRQHandler                       0x080001cb   Thumb Code     0  startup_stm32f411xe.o(.text)
    I2C2_EV_IRQHandler                       0x080001cb   Thumb Code     0  startup_stm32f411xe.o(.text)
    I2C3_ER_IRQHandler                       0x080001cb   Thumb Code     0  startup_stm32f411xe.o(.text)
    I2C3_EV_IRQHandler                       0x080001cb   Thumb Code     0  startup_stm32f411xe.o(.text)
    OTG_FS_IRQHandler                        0x080001cb   Thumb Code     0  startup_stm32f411xe.o(.text)
    OTG_FS_WKUP_IRQHandler                   0x080001cb   Thumb Code     0  startup_stm32f411xe.o(.text)
    PVD_IRQHandler                           0x080001cb   Thumb Code     0  startup_stm32f411xe.o(.text)
    RCC_IRQHandler                           0x080001cb   Thumb Code     0  startup_stm32f411xe.o(.text)
    RTC_Alarm_IRQHandler                     0x080001cb   Thumb Code     0  startup_stm32f411xe.o(.text)
    RTC_WKUP_IRQHandler                      0x080001cb   Thumb Code     0  startup_stm32f411xe.o(.text)
    SDIO_IRQHandler                          0x080001cb   Thumb Code     0  startup_stm32f411xe.o(.text)
    SPI1_IRQHandler                          0x080001cb   Thumb Code     0  startup_stm32f411xe.o(.text)
    SPI2_IRQHandler                          0x080001cb   Thumb Code     0  startup_stm32f411xe.o(.text)
    SPI3_IRQHandler                          0x080001cb   Thumb Code     0  startup_stm32f411xe.o(.text)
    SPI4_IRQHandler                          0x080001cb   Thumb Code     0  startup_stm32f411xe.o(.text)
    SPI5_IRQHandler                          0x080001cb   Thumb Code     0  startup_stm32f411xe.o(.text)
    TAMP_STAMP_IRQHandler                    0x080001cb   Thumb Code     0  startup_stm32f411xe.o(.text)
    TIM1_BRK_TIM9_IRQHandler                 0x080001cb   Thumb Code     0  startup_stm32f411xe.o(.text)
    TIM1_CC_IRQHandler                       0x080001cb   Thumb Code     0  startup_stm32f411xe.o(.text)
    TIM1_TRG_COM_TIM11_IRQHandler            0x080001cb   Thumb Code     0  startup_stm32f411xe.o(.text)
    TIM1_UP_TIM10_IRQHandler                 0x080001cb   Thumb Code     0  startup_stm32f411xe.o(.text)
    TIM2_IRQHandler                          0x080001cb   Thumb Code     0  startup_stm32f411xe.o(.text)
    TIM3_IRQHandler                          0x080001cb   Thumb Code     0  startup_stm32f411xe.o(.text)
    TIM4_IRQHandler                          0x080001cb   Thumb Code     0  startup_stm32f411xe.o(.text)
    TIM5_IRQHandler                          0x080001cb   Thumb Code     0  startup_stm32f411xe.o(.text)
    USART1_IRQHandler                        0x080001cb   Thumb Code     0  startup_stm32f411xe.o(.text)
    USART2_IRQHandler                        0x080001cb   Thumb Code     0  startup_stm32f411xe.o(.text)
    USART6_IRQHandler                        0x080001cb   Thumb Code     0  startup_stm32f411xe.o(.text)
    WWDG_IRQHandler                          0x080001cb   Thumb Code     0  startup_stm32f411xe.o(.text)
    LOS_StartToRun                           0x080001d5   Thumb Code     0  los_dispatch_keil.o(.text)
    LOS_IntLock                              0x08000225   Thumb Code     0  los_dispatch_keil.o(.text)
    LOS_IntUnLock                            0x0800022d   Thumb Code     0  los_dispatch_keil.o(.text)
    LOS_IntRestore                           0x08000235   Thumb Code     0  los_dispatch_keil.o(.text)
    osTaskSchedule                           0x0800023b   Thumb Code     0  los_dispatch_keil.o(.text)
    osPendSV                                 0x08000245   Thumb Code     0  los_dispatch_keil.o(.text)
    __aeabi_uldivmod                         0x080002b9   Thumb Code    98  uldiv.o(.text)
    __aeabi_memcpy                           0x0800031b   Thumb Code    36  memcpya.o(.text)
    __aeabi_memcpy4                          0x0800031b   Thumb Code     0  memcpya.o(.text)
    __aeabi_memcpy8                          0x0800031b   Thumb Code     0  memcpya.o(.text)
    __aeabi_memset                           0x0800033f   Thumb Code    14  memseta.o(.text)
    __aeabi_memset4                          0x0800033f   Thumb Code     0  memseta.o(.text)
    __aeabi_memset8                          0x0800033f   Thumb Code     0  memseta.o(.text)
    __aeabi_memclr                           0x0800034d   Thumb Code     4  memseta.o(.text)
    __aeabi_memclr4                          0x0800034d   Thumb Code     0  memseta.o(.text)
    __aeabi_memclr8                          0x0800034d   Thumb Code     0  memseta.o(.text)
    _memset$wrapper                          0x08000351   Thumb Code    18  memseta.o(.text)
    __aeabi_llsl                             0x08000363   Thumb Code    30  llshl.o(.text)
    _ll_shift_l                              0x08000363   Thumb Code     0  llshl.o(.text)
    __aeabi_llsr                             0x08000381   Thumb Code    32  llushr.o(.text)
    _ll_ushift_r                             0x08000381   Thumb Code     0  llushr.o(.text)
    __I$use$fp                               0x080003a1   Thumb Code     0  iusefp.o(.text)
    __scatterload                            0x080003a1   Thumb Code    28  init.o(.text)
    __scatterload_rt2                        0x080003a1   Thumb Code     0  init.o(.text)
    __decompress                             0x080003c5   Thumb Code     0  __dczerorl2.o(.text)
    __decompress1                            0x080003c5   Thumb Code    86  __dczerorl2.o(.text)
    BSP_ACCELERO_GetXYZ                      0x0800066d   Thumb Code    38  stm32f411e_discovery_accelerometer.o(i.BSP_ACCELERO_GetXYZ)
    BSP_ACCELERO_Init                        0x0800069d   Thumb Code    60  stm32f411e_discovery_accelerometer.o(i.BSP_ACCELERO_Init)
    BSP_Init                                 0x080006e5   Thumb Code    46  board.o(i.BSP_Init)
    BSP_LED_Init                             0x08000715   Thumb Code    86  stm32f411e_discovery.o(i.BSP_LED_Init)
    BSP_PB_GetState                          0x08000779   Thumb Code    16  stm32f411e_discovery.o(i.BSP_PB_GetState)
    BSP_PB_Init                              0x08000791   Thumb Code   112  stm32f411e_discovery.o(i.BSP_PB_Init)
    BusFault_Handler                         0x08000811   Thumb Code     2  stm32f4xx_it.o(i.BusFault_Handler)
    COMPASSACCELERO_IO_ITConfig              0x08000815   Thumb Code    66  stm32f411e_discovery.o(i.COMPASSACCELERO_IO_ITConfig)
    COMPASSACCELERO_IO_Init                  0x08000865   Thumb Code    52  stm32f411e_discovery.o(i.COMPASSACCELERO_IO_Init)
    COMPASSACCELERO_IO_Read                  0x080008a1   Thumb Code     4  stm32f411e_discovery.o(i.COMPASSACCELERO_IO_Read)
    COMPASSACCELERO_IO_Write                 0x080008a5   Thumb Code     4  stm32f411e_discovery.o(i.COMPASSACCELERO_IO_Write)
    DEBUG_USART_Config                       0x080008d1   Thumb Code    46  bsp_debug_usart.o(i.DEBUG_USART_Config)
    DebugMon_Handler                         0x08000909   Thumb Code     2  stm32f4xx_it.o(i.DebugMon_Handler)
    EXTI0_IRQHandler                         0x0800090b   Thumb Code     2  stm32f4xx_it.o(i.EXTI0_IRQHandler)
    HAL_GPIO_Init                            0x0800090d   Thumb Code   358  stm32f4xx_hal_gpio.o(i.HAL_GPIO_Init)
    HAL_GPIO_ReadPin                         0x08000a95   Thumb Code    10  stm32f4xx_hal_gpio.o(i.HAL_GPIO_ReadPin)
    HAL_GPIO_WritePin                        0x08000a9f   Thumb Code    10  stm32f4xx_hal_gpio.o(i.HAL_GPIO_WritePin)
    HAL_GetREVID                             0x08000aa9   Thumb Code     8  stm32f4xx_hal.o(i.HAL_GetREVID)
    HAL_GetTick                              0x08000ab5   Thumb Code    18  core_delay.o(i.HAL_GetTick)
    HAL_I2C_DeInit                           0x08000ad1   Thumb Code    50  stm32f4xx_hal_i2c.o(i.HAL_I2C_DeInit)
    HAL_I2C_GetState                         0x08000b03   Thumb Code     6  stm32f4xx_hal_i2c.o(i.HAL_I2C_GetState)
    HAL_I2C_Init                             0x08000b09   Thumb Code   254  stm32f4xx_hal_i2c.o(i.HAL_I2C_Init)
    HAL_I2C_Mem_Read                         0x08000c11   Thumb Code   496  stm32f4xx_hal_i2c.o(i.HAL_I2C_Mem_Read)
    HAL_I2C_Mem_Write                        0x08000e0d   Thumb Code   306  stm32f4xx_hal_i2c.o(i.HAL_I2C_Mem_Write)
    HAL_I2C_MspDeInit                        0x08000f49   Thumb Code     2  stm32f4xx_hal_i2c.o(i.HAL_I2C_MspDeInit)
    HAL_I2C_MspInit                          0x08000f4b   Thumb Code     2  stm32f4xx_hal_i2c.o(i.HAL_I2C_MspInit)
    HAL_Init                                 0x08000f4d   Thumb Code    40  stm32f4xx_hal.o(i.HAL_Init)
    HAL_InitTick                             0x08000f79   Thumb Code    28  core_delay.o(i.HAL_InitTick)
    HAL_MspInit                              0x08000f9d   Thumb Code     2  stm32f4xx_hal.o(i.HAL_MspInit)
    HAL_NVIC_EnableIRQ                       0x08000f9f   Thumb Code    22  stm32f4xx_hal_cortex.o(i.HAL_NVIC_EnableIRQ)
    HAL_NVIC_SetPriority                     0x08000fb5   Thumb Code    60  stm32f4xx_hal_cortex.o(i.HAL_NVIC_SetPriority)
    HAL_NVIC_SetPriorityGrouping             0x08000ff5   Thumb Code    26  stm32f4xx_hal_cortex.o(i.HAL_NVIC_SetPriorityGrouping)
    HAL_RCC_ClockConfig                      0x08001019   Thumb Code   286  stm32f4xx_hal_rcc.o(i.HAL_RCC_ClockConfig)
    HAL_RCC_GetClockConfig                   0x08001149   Thumb Code    54  stm32f4xx_hal_rcc.o(i.HAL_RCC_GetClockConfig)
    HAL_RCC_GetPCLK1Freq                     0x08001189   Thumb Code    20  stm32f4xx_hal_rcc.o(i.HAL_RCC_GetPCLK1Freq)
    HAL_RCC_GetPCLK2Freq                     0x080011a9   Thumb Code    20  stm32f4xx_hal_rcc.o(i.HAL_RCC_GetPCLK2Freq)
    HAL_RCC_GetSysClockFreq                  0x080011c9   Thumb Code    88  stm32f4xx_hal_rcc.o(i.HAL_RCC_GetSysClockFreq)
    HAL_RCC_OscConfig                        0x0800122d   Thumb Code   770  stm32f4xx_hal_rcc.o(i.HAL_RCC_OscConfig)
    HAL_TIM_PWM_ConfigChannel                0x08001549   Thumb Code   208  stm32f4xx_hal_tim.o(i.HAL_TIM_PWM_ConfigChannel)
    HAL_TIM_PWM_Init                         0x08001619   Thumb Code    54  stm32f4xx_hal_tim.o(i.HAL_TIM_PWM_Init)
    HAL_TIM_PWM_MspInit                      0x08001651   Thumb Code    90  main.o(i.HAL_TIM_PWM_MspInit)
    HAL_TIM_PWM_Start                        0x080016b9   Thumb Code    42  stm32f4xx_hal_tim.o(i.HAL_TIM_PWM_Start)
    HAL_UART_Init                            0x080016e9   Thumb Code    98  stm32f4xx_hal_uart.o(i.HAL_UART_Init)
    HAL_UART_MspInit                         0x0800174d   Thumb Code   122  bsp_debug_usart.o(i.HAL_UART_MspInit)
    HAL_UART_Transmit                        0x080017d1   Thumb Code   186  stm32f4xx_hal_uart.o(i.HAL_UART_Transmit)
    HardFault_Handler                        0x0800188b   Thumb Code     2  stm32f4xx_it.o(i.HardFault_Handler)
    LOS_Align                                0x08001e71   Thumb Code    20  los_misc.o(i.LOS_Align)
    LOS_KernelInit                           0x08001e85   Thumb Code   118  los_init.o(i.LOS_KernelInit)
    LOS_MemAlloc                             0x08001fad   Thumb Code    14  los_memory.o(i.LOS_MemAlloc)
    LOS_MemAllocAlign                        0x08001fbb   Thumb Code    64  los_memory.o(i.LOS_MemAllocAlign)
    LOS_MemFree                              0x08001ffb   Thumb Code    36  los_memory.o(i.LOS_MemFree)
    LOS_MemInit                              0x08002021   Thumb Code   148  los_memory.o(i.LOS_MemInit)
    LOS_QueueCreate                          0x080020f1   Thumb Code   182  los_queue.o(i.LOS_QueueCreate)
    LOS_QueueReadCopy                        0x080021b5   Thumb Code    68  los_queue.o(i.LOS_QueueReadCopy)
    LOS_QueueWriteCopy                       0x080021fd   Thumb Code    38  los_queue.o(i.LOS_QueueWriteCopy)
    LOS_Schedule                             0x08002225   Thumb Code    54  los_hw.o(i.LOS_Schedule)
    LOS_Start                                0x08002265   Thumb Code    32  los_init.o(i.LOS_Start)
    LOS_TaskCreate                           0x080022a1   Thumb Code   106  los_task.o(i.LOS_TaskCreate)
    LOS_TaskCreateOnly                       0x08002311   Thumb Code   318  los_task.o(i.LOS_TaskCreateOnly)
    LOS_TaskDelay                            0x0800246d   Thumb Code    94  los_task.o(i.LOS_TaskDelay)
    LOS_TaskDelete                           0x080024d9   Thumb Code   300  los_task.o(i.LOS_TaskDelete)
    LOS_TaskYield                            0x08002611   Thumb Code   102  los_task.o(i.LOS_TaskYield)
    LOS_TickCountGet                         0x08002681   Thumb Code     8  los_sys.o(i.LOS_TickCountGet)
    LSM303AGR_AccClickITEnable               0x0800268d   Thumb Code    70  lsm303agr.o(i.LSM303AGR_AccClickITEnable)
    LSM303AGR_AccDeInit                      0x080026d3   Thumb Code     2  lsm303agr.o(i.LSM303AGR_AccDeInit)
    LSM303AGR_AccFilterClickCmd              0x080026d5   Thumb Code    30  lsm303agr.o(i.LSM303AGR_AccFilterClickCmd)
    LSM303AGR_AccFilterCmd                   0x080026f3   Thumb Code    30  lsm303agr.o(i.LSM303AGR_AccFilterCmd)
    LSM303AGR_AccFilterConfig                0x08002711   Thumb Code    30  lsm303agr.o(i.LSM303AGR_AccFilterConfig)
    LSM303AGR_AccIT1Enable                   0x0800272f   Thumb Code    28  lsm303agr.o(i.LSM303AGR_AccIT1Enable)
    LSM303AGR_AccInit                        0x0800274b   Thumb Code    32  lsm303agr.o(i.LSM303AGR_AccInit)
    LSM303AGR_AccReadID                      0x0800276b   Thumb Code    18  lsm303agr.o(i.LSM303AGR_AccReadID)
    LSM303AGR_AccReadXYZ                     0x0800277d   Thumb Code   236  lsm303agr.o(i.LSM303AGR_AccReadXYZ)
    LSM303AGR_AccRebootCmd                   0x08002869   Thumb Code    26  lsm303agr.o(i.LSM303AGR_AccRebootCmd)
    LSM303AGR_AccZClickITConfig              0x08002883   Thumb Code    28  lsm303agr.o(i.LSM303AGR_AccZClickITConfig)
    LSM303DLHC_AccClickITEnable              0x0800289f   Thumb Code    70  lsm303dlhc.o(i.LSM303DLHC_AccClickITEnable)
    LSM303DLHC_AccDeInit                     0x080028e5   Thumb Code     2  lsm303dlhc.o(i.LSM303DLHC_AccDeInit)
    LSM303DLHC_AccFilterClickCmd             0x080028e7   Thumb Code    30  lsm303dlhc.o(i.LSM303DLHC_AccFilterClickCmd)
    LSM303DLHC_AccFilterCmd                  0x08002905   Thumb Code    30  lsm303dlhc.o(i.LSM303DLHC_AccFilterCmd)
    LSM303DLHC_AccFilterConfig               0x08002923   Thumb Code    30  lsm303dlhc.o(i.LSM303DLHC_AccFilterConfig)
    LSM303DLHC_AccIT1Enable                  0x08002941   Thumb Code    28  lsm303dlhc.o(i.LSM303DLHC_AccIT1Enable)
    LSM303DLHC_AccInit                       0x0800295d   Thumb Code    32  lsm303dlhc.o(i.LSM303DLHC_AccInit)
    LSM303DLHC_AccReadID                     0x0800297d   Thumb Code    18  lsm303dlhc.o(i.LSM303DLHC_AccReadID)
    LSM303DLHC_AccReadXYZ                    0x08002991   Thumb Code   236  lsm303dlhc.o(i.LSM303DLHC_AccReadXYZ)
    LSM303DLHC_AccRebootCmd                  0x08002a7d   Thumb Code    26  lsm303dlhc.o(i.LSM303DLHC_AccRebootCmd)
    LSM303DLHC_AccZClickITConfig             0x08002a97   Thumb Code    28  lsm303dlhc.o(i.LSM303DLHC_AccZClickITConfig)
    MemManage_Handler                        0x08002c45   Thumb Code     2  stm32f4xx_it.o(i.MemManage_Handler)
    NMI_Handler                              0x08002c47   Thumb Code     2  stm32f4xx_it.o(i.NMI_Handler)
    PendSV_Handler                           0x08002c69   Thumb Code     4  los_hwi.o(i.PendSV_Handler)
    SVC_Handler                              0x08002ea5   Thumb Code     2  stm32f4xx_it.o(i.SVC_Handler)
    SysTick_Handler                          0x08002ee1   Thumb Code     4  los_hwi.o(i.SysTick_Handler)
    SystemInit                               0x08002f79   Thumb Code    66  system_stm32f4xx.o(i.SystemInit)
    TIM_Base_SetConfig                       0x0800309d   Thumb Code   114  stm32f4xx_hal_tim.o(i.TIM_Base_SetConfig)
    TIM_CCxChannelCmd                        0x0800312d   Thumb Code    22  stm32f4xx_hal_tim.o(i.TIM_CCxChannelCmd)
    TIM_OC2_SetConfig                        0x08003195   Thumb Code    84  stm32f4xx_hal_tim.o(i.TIM_OC2_SetConfig)
    UsageFault_Handler                       0x08003599   Thumb Code     2  stm32f4xx_it.o(i.UsageFault_Handler)
    __0printf$8                              0x0800359d   Thumb Code    22  printf8.o(i.__0printf$8)
    __1printf$8                              0x0800359d   Thumb Code     0  printf8.o(i.__0printf$8)
    __2printf                                0x0800359d   Thumb Code     0  printf8.o(i.__0printf$8)
    __ARM_fpclassifyf                        0x080035bd   Thumb Code    38  fpclassifyf.o(i.__ARM_fpclassifyf)
    __hardfp_expf                            0x08003719   Thumb Code   426  expf.o(i.__hardfp_expf)
    __mathlib_expf                           0x08003719   Thumb Code     0  expf.o(i.__hardfp_expf)
    __hardfp_sqrtf                           0x08003901   Thumb Code    58  sqrtf.o(i.__hardfp_sqrtf)
    __mathlib_flt_infnan                     0x0800393b   Thumb Code     6  funder.o(i.__mathlib_flt_infnan)
    __mathlib_flt_overflow                   0x08003941   Thumb Code    10  funder.o(i.__mathlib_flt_overflow)
    __mathlib_flt_underflow                  0x08003951   Thumb Code    10  funder.o(i.__mathlib_flt_underflow)
    __scatterload_copy                       0x08003961   Thumb Code    14  handlers.o(i.__scatterload_copy)
    __scatterload_null                       0x0800396f   Thumb Code     2  handlers.o(i.__scatterload_null)
    __scatterload_zeroinit                   0x08003971   Thumb Code    14  handlers.o(i.__scatterload_zeroinit)
    __set_errno                              0x08003981   Thumb Code     6  errno.o(i.__set_errno)
    aiInit                                   0x08003e19   Thumb Code    98  app_x-cube-ai.o(i.aiInit)
    aiRun                                    0x08003e85   Thumb Code    34  app_x-cube-ai.o(i.aiRun)
    aiRunInference                           0x08003eb1   Thumb Code    78  app_x-cube-ai.o(i.aiRunInference)
    forward_lite_conv2d_if32of32wf32         0x08003f05   Thumb Code   334  forward_lite_conv2d_if32of32wf32.o(i.forward_lite_conv2d_if32of32wf32)
    forward_lite_dense_if32of32wf32          0x08004059   Thumb Code   148  lite_dense_if32.o(i.forward_lite_dense_if32of32wf32)
    forward_lite_mp_max_pooling2d            0x080040f1   Thumb Code   112  network.o(i.forward_lite_mp_max_pooling2d)
    forward_lite_nl_relu_if32of32            0x08004169   Thumb Code    46  lite_nl_generic_float.o(i.forward_lite_nl_relu_if32of32)
    forward_lite_nl_softmax_if32of32         0x0800419d   Thumb Code    86  lite_nl_generic_float.o(i.forward_lite_nl_softmax_if32of32)
    forward_lite_nl_softmax_if32of32_kernel  0x080041f5   Thumb Code   158  lite_nl_softmax_if32of32.o(i.forward_lite_nl_softmax_if32of32_kernel)
    forward_mp                               0x08004299   Thumb Code   336  layers_pool_generic_float.o(i.forward_mp)
    fputc                                    0x080043e9   Thumb Code    20  bsp_debug_usart.o(i.fputc)
    main                                     0x08004585   Thumb Code    94  main.o(i.main)
    osAlarmHeapInfo                          0x08004641   Thumb Code    26  los_heap.o(i.osAlarmHeapInfo)
    osHeapAlloc                              0x0800465d   Thumb Code   244  los_heap.o(i.osHeapAlloc)
    osHeapFree                               0x0800478d   Thumb Code   218  los_heap.o(i.osHeapFree)
    osHeapInit                               0x08004889   Thumb Code    58  los_heap.o(i.osHeapInit)
    osHeapPrvGetNext                         0x080048c3   Thumb Code    22  los_heap.o(i.osHeapPrvGetNext)
    osHeapStatisticsGet                      0x080048d9   Thumb Code    66  los_heap.o(i.osHeapStatisticsGet)
    osIdleTask                               0x08004921   Thumb Code     2  los_task.o(i.osIdleTask)
    osIdleTaskCreate                         0x08004925   Thumb Code    44  los_task.o(i.osIdleTaskCreate)
    osIntNumGet                              0x08004965   Thumb Code     6  los_hwi.o(i.osIntNumGet)
    osMemSystemInit                          0x0800496d   Thumb Code    10  los_memory.o(i.osMemSystemInit)
    osPriqueueDequeue                        0x08004981   Thumb Code    20  los_priqueue.o(i.osPriqueueDequeue)
    osPriqueueEnqueue                        0x08004995   Thumb Code    22  los_priqueue.o(i.osPriqueueEnqueue)
    osPriqueueInit                           0x080049b1   Thumb Code    42  los_priqueue.o(i.osPriqueueInit)
    osPriqueueSize                           0x080049e5   Thumb Code    30  los_priqueue.o(i.osPriqueueSize)
    osPriqueueTop                            0x08004a09   Thumb Code    36  los_priqueue.o(i.osPriqueueTop)
    osQueueInit                              0x08004af1   Thumb Code    80  los_queue.o(i.osQueueInit)
    osQueueOperate                           0x08004b4d   Thumb Code   342  los_queue.o(i.osQueueOperate)
    osSchedule                               0x08004ce9   Thumb Code     4  los_hw.o(i.osSchedule)
    osSemInit                                0x08004ced   Thumb Code    72  los_sem.o(i.osSemInit)
    osSwTmrInit                              0x08004d41   Thumb Code   102  los_swtmr.o(i.osSwTmrInit)
    osSwTmrStart                             0x08004db5   Thumb Code    60  los_swtmr.o(i.osSwTmrStart)
    osSwTmrTask                              0x08004df5   Thumb Code    56  los_swtmr.o(i.osSwTmrTask)
    osSwTmrTaskCreate                        0x08004e31   Thumb Code    44  los_swtmr.o(i.osSwTmrTaskCreate)
    osSwtmrScan                              0x08004eed   Thumb Code    24  los_swtmr.o(i.osSwtmrScan)
    osTaskAdd2TimerList                      0x08004f09   Thumb Code   126  los_task.o(i.osTaskAdd2TimerList)
    osTaskEntry                              0x08004f8d   Thumb Code    38  los_task.o(i.osTaskEntry)
    osTaskExit                               0x08004fb9   Thumb Code     4  los_hw.o(i.osTaskExit)
    osTaskInit                               0x08004fbd   Thumb Code   200  los_task.o(i.osTaskInit)
    osTaskMonInit                            0x08005091   Thumb Code    30  los_task.o(i.osTaskMonInit)
    osTaskScan                               0x080050bd   Thumb Code   174  los_task.o(i.osTaskScan)
    osTaskSwitchCheck                        0x08005171   Thumb Code   170  los_task.o(i.osTaskSwitchCheck)
    osTaskWait                               0x080052ad   Thumb Code    70  los_task.o(i.osTaskWait)
    osTaskWake                               0x080052f9   Thumb Code    64  los_task.o(i.osTaskWake)
    osTickHandler                            0x08005339   Thumb Code    30  los_tick.o(i.osTickHandler)
    osTickStart                              0x0800535d   Thumb Code    80  los_hw_tick.o(i.osTickStart)
    osTimerListDelete                        0x080053c1   Thumb Code    48  los_task.o(i.osTimerListDelete)
    osTskStackInit                           0x080053f5   Thumb Code   286  los_hw.o(i.osTskStackInit)
    pool_func_mp_kernel_array_f32            0x08005521   Thumb Code    62  layers_pool_generic_float.o(i.pool_func_mp_kernel_array_f32)
    st_int8_copy                             0x08005561   Thumb Code   144  st_int8_fill.o(i.st_int8_copy)
    stai_network_deinit                      0x080055f1   Thumb Code    46  network.o(i.stai_network_deinit)
    stai_network_get_error                   0x08005625   Thumb Code    40  network.o(i.stai_network_get_error)
    stai_network_get_inputs                  0x08005651   Thumb Code    64  network.o(i.stai_network_get_inputs)
    stai_network_get_outputs                 0x08005699   Thumb Code    64  network.o(i.stai_network_get_outputs)
    stai_network_init                        0x080056e1   Thumb Code    60  network.o(i.stai_network_init)
    stai_network_run                         0x08005725   Thumb Code   660  network.o(i.stai_network_run)
    stai_network_set_activations             0x080059c5   Thumb Code   148  network.o(i.stai_network_set_activations)
    stai_runtime_deinit                      0x08005a69   Thumb Code     4  stai_internal.o(i.stai_runtime_deinit)
    stai_runtime_init                        0x08005a6d   Thumb Code     4  stai_internal.o(i.stai_runtime_init)
    AHBPrescTable                            0x08005a70   Data          16  system_stm32f4xx.o(.constdata)
    APBPrescTable                            0x08005a80   Data           8  system_stm32f4xx.o(.constdata)
    BUTTON_IRQn                              0x08005a98   Data           1  stm32f411e_discovery.o(.constdata)
    BUTTON_PIN                               0x08005a9a   Data           2  stm32f411e_discovery.o(.constdata)
    GPIO_PIN                                 0x08005a9c   Data           8  stm32f411e_discovery.o(.constdata)
    g_network_weights_array                  0x08005bb8   Data       12256  network_data.o(.constdata)
    Region$$Table$$Base                      0x08008c0c   Number         0  anon$$obj.o(Region$$Table)
    Region$$Table$$Limit                     0x08008c2c   Number         0  anon$$obj.o(Region$$Table)
    SystemCoreClock                          0x20000000   Data           4  system_stm32f4xx.o(.data)
    BUTTON_PORT                              0x20000028   Data           4  stm32f411e_discovery.o(.data)
    I2cxTimeout                              0x2000002c   Data           4  stm32f411e_discovery.o(.data)
    SpixTimeout                              0x20000030   Data           4  stm32f411e_discovery.o(.data)
    GPIO_PORT                                0x20000034   Data          16  stm32f411e_discovery.o(.data)
    Lsm303agrDrv                             0x20000048   Data          52  lsm303agr.o(.data)
    Lsm303dlhcDrv                            0x2000007c   Data          52  lsm303dlhc.o(.data)
    g_pstLosPriorityQueueList                0x200000b0   Data           4  los_priqueue.o(.data)
    m_uwSwTmrHandlerQueue                    0x200000b4   Data           4  los_swtmr.o(.data)
    m_pstSwtmrCBArray                        0x200000b8   Data           4  los_swtmr.o(.data)
    m_pstSwtmrFreeList                       0x200000bc   Data           4  los_swtmr.o(.data)
    m_pstSwtmrSortList                       0x200000c0   Data           4  los_swtmr.o(.data)
    g_usLosTaskLock                          0x200000c4   Data           2  los_task.o(.data)
    g_pfnTskSwitchHook                       0x200000c8   Data           4  los_task.o(.data)
    g_pfnUsrTskSwitchHook                    0x200000cc   Data           4  los_task.o(.data)
    g_pstTaskCBArray                         0x200000d0   Data           4  los_task.o(.data)
    g_uwTskMaxNum                            0x200000d4   Data           4  los_task.o(.data)
    g_uwIdleTaskID                           0x200000d8   Data           4  los_task.o(.data)
    g_uwSwtmrTaskID                          0x200000dc   Data           4  los_task.o(.data)
    g_bTaskScheduled                         0x200000e0   Data           4  los_task.o(.data)
    g_stLosTask                              0x200000e4   Data           8  los_task.o(.data)
    g_stTaskTimerList                        0x200000ec   Data           8  los_task.o(.data)
    g_stLosFreeTask                          0x200000f4   Data           8  los_task.o(.data)
    g_stTskRecyleList                        0x200000fc   Data           8  los_task.o(.data)
    g_stTskSortLink                          0x20000104   Data           8  los_task.o(.data)
    g_uwSysClock                             0x20000110   Data           4  los_tick.o(.data)
    g_ullTickCount                           0x20000118   Data           8  los_tick.o(.data)
    g_uwCyclesPerTick                        0x20000120   Data           4  los_tick.o(.data)
    g_pstAllQueue                            0x20000124   Data           4  los_queue.o(.data)
    g_stFreeQueueList                        0x20000128   Data           8  los_queue.o(.data)
    g_pstAllSem                              0x20000130   Data           4  los_sem.o(.data)
    g_stUnusedSemList                        0x20000134   Data           8  los_sem.o(.data)
    g_pPoolHead                              0x2000014c   Data           4  los_memory.o(.data)
    m_aucSysMem0                             0x20000150   Data           4  los_init.o(.data)
    data_activations                         0x20000158   Data           4  app_x-cube-ai.o(.data)
    __stdout                                 0x2000027c   Data           4  stdout.o(.data)
    UartHandle                               0x200003f0   Data          64  bsp_debug_usart.o(.bss)
    g_astTskSwitchInfo                       0x200004dc   Data         342  los_task.o(.bss)
    network_context                          0x20000638   Data          48  app_x-cube-ai.o(.bss)
    Image$$RW_IRAM1$$ZI$$Limit               0x20001610   Number         0  anon$$obj.o ABSOLUTE
    __initial_sp                             0x20001610   Data           0  startup_stm32f411xe.o(STACK)



==============================================================================

Memory Map of the image

  Image Entry point : 0x08000199

  Load Region LR_IROM1 (Base: 0x08000000, Size: 0x00008eb0, Max: 0x00080000, ABSOLUTE, COMPRESSED[0x00008cf4])

    Execution Region ER_IROM1 (Exec base: 0x08000000, Load base: 0x08000000, Size: 0x00008c2c, Max: 0x00080000, ABSOLUTE)

    Exec Addr    Load Addr    Size         Type   Attr      Idx    E Section Name        Object

    0x08000000   0x08000000   0x00000198   Data   RO            3    RESET               startup_stm32f411xe.o
    0x08000198   0x08000198   0x00000000   Code   RO        11695  * .ARM.Collect$$$$00000000  mc_w.l(entry.o)
    0x08000198   0x08000198   0x00000004   Code   RO        12027    .ARM.Collect$$$$00000001  mc_w.l(entry2.o)
    0x0800019c   0x0800019c   0x00000004   Code   RO        12030    .ARM.Collect$$$$00000004  mc_w.l(entry5.o)
    0x080001a0   0x080001a0   0x00000000   Code   RO        12032    .ARM.Collect$$$$00000008  mc_w.l(entry7b.o)
    0x080001a0   0x080001a0   0x00000000   Code   RO        12034    .ARM.Collect$$$$0000000A  mc_w.l(entry8b.o)
    0x080001a0   0x080001a0   0x00000008   Code   RO        12035    .ARM.Collect$$$$0000000B  mc_w.l(entry9a.o)
    0x080001a8   0x080001a8   0x00000004   Code   RO        12042    .ARM.Collect$$$$0000000E  mc_w.l(entry12b.o)
    0x080001ac   0x080001ac   0x00000000   Code   RO        12037    .ARM.Collect$$$$0000000F  mc_w.l(entry10a.o)
    0x080001ac   0x080001ac   0x00000000   Code   RO        12039    .ARM.Collect$$$$00000011  mc_w.l(entry11a.o)
    0x080001ac   0x080001ac   0x00000004   Code   RO        12028    .ARM.Collect$$$$00002712  mc_w.l(entry2.o)
    0x080001b0   0x080001b0   0x00000024   Code   RO            4    .text               startup_stm32f411xe.o
    0x080001d4   0x080001d4   0x000000e4   Code   RO         9684    .text               los_dispatch_keil.o
    0x080002b8   0x080002b8   0x00000062   Code   RO        11698    .text               mc_w.l(uldiv.o)
    0x0800031a   0x0800031a   0x00000024   Code   RO        11700    .text               mc_w.l(memcpya.o)
    0x0800033e   0x0800033e   0x00000024   Code   RO        11702    .text               mc_w.l(memseta.o)
    0x08000362   0x08000362   0x0000001e   Code   RO        12046    .text               mc_w.l(llshl.o)
    0x08000380   0x08000380   0x00000020   Code   RO        12048    .text               mc_w.l(llushr.o)
    0x080003a0   0x080003a0   0x00000000   Code   RO        12059    .text               mc_w.l(iusefp.o)
    0x080003a0   0x080003a0   0x00000024   Code   RO        12072    .text               mc_w.l(init.o)
    0x080003c4   0x080003c4   0x00000056   Code   RO        12082    .text               mc_w.l(__dczerorl2.o)
    0x0800041a   0x0800041a   0x00000002   PAD
    0x0800041c   0x0800041c   0x000001a8   Code   RO         6888    i.ApplyActivityMode  main.o
    0x080005c4   0x080005c4   0x00000026   Code   RO         6889    i.ApplyDefaultMode  main.o
    0x080005ea   0x080005ea   0x00000002   PAD
    0x080005ec   0x080005ec   0x00000080   Code   RO         6890    i.ApplyTiltMode     main.o
    0x0800066c   0x0800066c   0x00000030   Code   RO         7478    i.BSP_ACCELERO_GetXYZ  stm32f411e_discovery_accelerometer.o
    0x0800069c   0x0800069c   0x00000048   Code   RO         7479    i.BSP_ACCELERO_Init  stm32f411e_discovery_accelerometer.o
    0x080006e4   0x080006e4   0x0000002e   Code   RO         7177    i.BSP_Init          board.o
    0x08000712   0x08000712   0x00000002   PAD
    0x08000714   0x08000714   0x00000064   Code   RO         7313    i.BSP_LED_Init      stm32f411e_discovery.o
    0x08000778   0x08000778   0x00000018   Code   RO         7317    i.BSP_PB_GetState   stm32f411e_discovery.o
    0x08000790   0x08000790   0x00000080   Code   RO         7318    i.BSP_PB_Init       stm32f411e_discovery.o
    0x08000810   0x08000810   0x00000002   Code   RO         7108    i.BusFault_Handler  stm32f4xx_it.o
    0x08000812   0x08000812   0x00000002   PAD
    0x08000814   0x08000814   0x00000050   Code   RO         7319    i.COMPASSACCELERO_IO_ITConfig  stm32f411e_discovery.o
    0x08000864   0x08000864   0x0000003c   Code   RO         7320    i.COMPASSACCELERO_IO_Init  stm32f411e_discovery.o
    0x080008a0   0x080008a0   0x00000004   Code   RO         7321    i.COMPASSACCELERO_IO_Read  stm32f411e_discovery.o
    0x080008a4   0x080008a4   0x00000004   Code   RO         7322    i.COMPASSACCELERO_IO_Write  stm32f411e_discovery.o
    0x080008a8   0x080008a8   0x00000026   Code   RO         6891    i.ClearAllLeds      main.o
    0x080008ce   0x080008ce   0x00000002   PAD
    0x080008d0   0x080008d0   0x00000038   Code   RO         7254    i.DEBUG_USART_Config  bsp_debug_usart.o
    0x08000908   0x08000908   0x00000002   Code   RO         7109    i.DebugMon_Handler  stm32f4xx_it.o
    0x0800090a   0x0800090a   0x00000002   Code   RO         7110    i.EXTI0_IRQHandler  stm32f4xx_it.o
    0x0800090c   0x0800090c   0x00000188   Code   RO         1534    i.HAL_GPIO_Init     stm32f4xx_hal_gpio.o
    0x08000a94   0x08000a94   0x0000000a   Code   RO         1536    i.HAL_GPIO_ReadPin  stm32f4xx_hal_gpio.o
    0x08000a9e   0x08000a9e   0x0000000a   Code   RO         1538    i.HAL_GPIO_WritePin  stm32f4xx_hal_gpio.o
    0x08000aa8   0x08000aa8   0x0000000c   Code   RO          255    i.HAL_GetREVID      stm32f4xx_hal.o
    0x08000ab4   0x08000ab4   0x0000001c   Code   RO         7211    i.HAL_GetTick       core_delay.o
    0x08000ad0   0x08000ad0   0x00000032   Code   RO         1799    i.HAL_I2C_DeInit    stm32f4xx_hal_i2c.o
    0x08000b02   0x08000b02   0x00000006   Code   RO         1807    i.HAL_I2C_GetState  stm32f4xx_hal_i2c.o
    0x08000b08   0x08000b08   0x00000108   Code   RO         1808    i.HAL_I2C_Init      stm32f4xx_hal_i2c.o
    0x08000c10   0x08000c10   0x000001fc   Code   RO         1824    i.HAL_I2C_Mem_Read  stm32f4xx_hal_i2c.o
    0x08000e0c   0x08000e0c   0x0000013c   Code   RO         1827    i.HAL_I2C_Mem_Write  stm32f4xx_hal_i2c.o
    0x08000f48   0x08000f48   0x00000002   Code   RO         1830    i.HAL_I2C_MspDeInit  stm32f4xx_hal_i2c.o
    0x08000f4a   0x08000f4a   0x00000002   Code   RO         1831    i.HAL_I2C_MspInit   stm32f4xx_hal_i2c.o
    0x08000f4c   0x08000f4c   0x0000002c   Code   RO          261    i.HAL_Init          stm32f4xx_hal.o
    0x08000f78   0x08000f78   0x00000024   Code   RO         7212    i.HAL_InitTick      core_delay.o
    0x08000f9c   0x08000f9c   0x00000002   Code   RO          264    i.HAL_MspInit       stm32f4xx_hal.o
    0x08000f9e   0x08000f9e   0x00000016   Code   RO          734    i.HAL_NVIC_EnableIRQ  stm32f4xx_hal_cortex.o
    0x08000fb4   0x08000fb4   0x00000040   Code   RO          740    i.HAL_NVIC_SetPriority  stm32f4xx_hal_cortex.o
    0x08000ff4   0x08000ff4   0x00000024   Code   RO          741    i.HAL_NVIC_SetPriorityGrouping  stm32f4xx_hal_cortex.o
    0x08001018   0x08001018   0x00000130   Code   RO         3384    i.HAL_RCC_ClockConfig  stm32f4xx_hal_rcc.o
    0x08001148   0x08001148   0x00000040   Code   RO         3388    i.HAL_RCC_GetClockConfig  stm32f4xx_hal_rcc.o
    0x08001188   0x08001188   0x00000020   Code   RO         3391    i.HAL_RCC_GetPCLK1Freq  stm32f4xx_hal_rcc.o
    0x080011a8   0x080011a8   0x00000020   Code   RO         3392    i.HAL_RCC_GetPCLK2Freq  stm32f4xx_hal_rcc.o
    0x080011c8   0x080011c8   0x00000064   Code   RO         3393    i.HAL_RCC_GetSysClockFreq  stm32f4xx_hal_rcc.o
    0x0800122c   0x0800122c   0x0000031c   Code   RO         3396    i.HAL_RCC_OscConfig  stm32f4xx_hal_rcc.o
    0x08001548   0x08001548   0x000000d0   Code   RO         4886    i.HAL_TIM_PWM_ConfigChannel  stm32f4xx_hal_tim.o
    0x08001618   0x08001618   0x00000036   Code   RO         4889    i.HAL_TIM_PWM_Init  stm32f4xx_hal_tim.o
    0x0800164e   0x0800164e   0x00000002   PAD
    0x08001650   0x08001650   0x00000068   Code   RO         6892    i.HAL_TIM_PWM_MspInit  main.o
    0x080016b8   0x080016b8   0x00000030   Code   RO         4893    i.HAL_TIM_PWM_Start  stm32f4xx_hal_tim.o
    0x080016e8   0x080016e8   0x00000062   Code   RO         5713    i.HAL_UART_Init     stm32f4xx_hal_uart.o
    0x0800174a   0x0800174a   0x00000002   PAD
    0x0800174c   0x0800174c   0x00000084   Code   RO         7255    i.HAL_UART_MspInit  bsp_debug_usart.o
    0x080017d0   0x080017d0   0x000000ba   Code   RO         5721    i.HAL_UART_Transmit  stm32f4xx_hal_uart.o
    0x0800188a   0x0800188a   0x00000002   Code   RO         7111    i.HardFault_Handler  stm32f4xx_it.o
    0x0800188c   0x0800188c   0x000000fc   Code   RO         6893    i.HighPassFilterAxis  main.o
    0x08001988   0x08001988   0x00000028   Code   RO         1846    i.I2C_IsAcknowledgeFailed  stm32f4xx_hal_i2c.o
    0x080019b0   0x080019b0   0x000000f0   Code   RO         1855    i.I2C_RequestMemoryRead  stm32f4xx_hal_i2c.o
    0x08001aa0   0x08001aa0   0x000000a0   Code   RO         1856    i.I2C_RequestMemoryWrite  stm32f4xx_hal_i2c.o
    0x08001b40   0x08001b40   0x0000004e   Code   RO         1859    i.I2C_WaitOnBTFFlagUntilTimeout  stm32f4xx_hal_i2c.o
    0x08001b8e   0x08001b8e   0x00000060   Code   RO         1860    i.I2C_WaitOnFlagUntilTimeout  stm32f4xx_hal_i2c.o
    0x08001bee   0x08001bee   0x00000002   PAD
    0x08001bf0   0x08001bf0   0x00000088   Code   RO         1861    i.I2C_WaitOnMasterAddressFlagUntilTimeout  stm32f4xx_hal_i2c.o
    0x08001c78   0x08001c78   0x00000062   Code   RO         1862    i.I2C_WaitOnRXNEFlagUntilTimeout  stm32f4xx_hal_i2c.o
    0x08001cda   0x08001cda   0x0000004e   Code   RO         1863    i.I2C_WaitOnTXEFlagUntilTimeout  stm32f4xx_hal_i2c.o
    0x08001d28   0x08001d28   0x00000014   Code   RO         7326    i.I2Cx_Error        stm32f411e_discovery.o
    0x08001d3c   0x08001d3c   0x00000048   Code   RO         7327    i.I2Cx_Init         stm32f411e_discovery.o
    0x08001d84   0x08001d84   0x00000088   Code   RO         7328    i.I2Cx_MspInit      stm32f411e_discovery.o
    0x08001e0c   0x08001e0c   0x00000034   Code   RO         7329    i.I2Cx_ReadData     stm32f411e_discovery.o
    0x08001e40   0x08001e40   0x00000030   Code   RO         7330    i.I2Cx_WriteData    stm32f411e_discovery.o
    0x08001e70   0x08001e70   0x00000014   Code   RO         9575    i.LOS_Align         los_misc.o
    0x08001e84   0x08001e84   0x000000e4   Code   RO         9638    i.LOS_KernelInit    los_init.o
    0x08001f68   0x08001f68   0x0000000e   Code   RO         8484    i.LOS_ListAdd       los_task.o
    0x08001f76   0x08001f76   0x0000000e   Code   RO         8931    i.LOS_ListAdd       los_queue.o
    0x08001f84   0x08001f84   0x0000000e   Code   RO         9048    i.LOS_ListAdd       los_sem.o
    0x08001f92   0x08001f92   0x00000014   Code   RO         8485    i.LOS_ListDelete    los_task.o
    0x08001fa6   0x08001fa6   0x00000006   Code   RO         8486    i.LOS_ListTailInsert  los_task.o
    0x08001fac   0x08001fac   0x0000000e   Code   RO         9243    i.LOS_MemAlloc      los_memory.o
    0x08001fba   0x08001fba   0x00000040   Code   RO         9244    i.LOS_MemAllocAlign  los_memory.o
    0x08001ffa   0x08001ffa   0x00000024   Code   RO         9246    i.LOS_MemFree       los_memory.o
    0x0800201e   0x0800201e   0x00000002   PAD
    0x08002020   0x08002020   0x000000d0   Code   RO         9248    i.LOS_MemInit       los_memory.o
    0x080020f0   0x080020f0   0x000000c4   Code   RO         8932    i.LOS_QueueCreate   los_queue.o
    0x080021b4   0x080021b4   0x00000048   Code   RO         8936    i.LOS_QueueReadCopy  los_queue.o
    0x080021fc   0x080021fc   0x00000026   Code   RO         8938    i.LOS_QueueWriteCopy  los_queue.o
    0x08002222   0x08002222   0x00000002   PAD
    0x08002224   0x08002224   0x00000040   Code   RO         9690    i.LOS_Schedule      los_hw.o
    0x08002264   0x08002264   0x0000003c   Code   RO         9640    i.LOS_Start         los_init.o
    0x080022a0   0x080022a0   0x00000070   Code   RO         8489    i.LOS_TaskCreate    los_task.o
    0x08002310   0x08002310   0x0000015c   Code   RO         8490    i.LOS_TaskCreateOnly  los_task.o
    0x0800246c   0x0800246c   0x0000006c   Code   RO         8491    i.LOS_TaskDelay     los_task.o
    0x080024d8   0x080024d8   0x00000138   Code   RO         8492    i.LOS_TaskDelete    los_task.o
    0x08002610   0x08002610   0x00000070   Code   RO         8505    i.LOS_TaskYield     los_task.o
    0x08002680   0x08002680   0x0000000c   Code   RO         8427    i.LOS_TickCountGet  los_sys.o
    0x0800268c   0x0800268c   0x00000046   Code   RO         7530    i.LSM303AGR_AccClickITEnable  lsm303agr.o
    0x080026d2   0x080026d2   0x00000002   Code   RO         7531    i.LSM303AGR_AccDeInit  lsm303agr.o
    0x080026d4   0x080026d4   0x0000001e   Code   RO         7532    i.LSM303AGR_AccFilterClickCmd  lsm303agr.o
    0x080026f2   0x080026f2   0x0000001e   Code   RO         7533    i.LSM303AGR_AccFilterCmd  lsm303agr.o
    0x08002710   0x08002710   0x0000001e   Code   RO         7534    i.LSM303AGR_AccFilterConfig  lsm303agr.o
    0x0800272e   0x0800272e   0x0000001c   Code   RO         7540    i.LSM303AGR_AccIT1Enable  lsm303agr.o
    0x0800274a   0x0800274a   0x00000020   Code   RO         7543    i.LSM303AGR_AccInit  lsm303agr.o
    0x0800276a   0x0800276a   0x00000012   Code   RO         7544    i.LSM303AGR_AccReadID  lsm303agr.o
    0x0800277c   0x0800277c   0x000000ec   Code   RO         7545    i.LSM303AGR_AccReadXYZ  lsm303agr.o
    0x08002868   0x08002868   0x0000001a   Code   RO         7546    i.LSM303AGR_AccRebootCmd  lsm303agr.o
    0x08002882   0x08002882   0x0000001c   Code   RO         7547    i.LSM303AGR_AccZClickITConfig  lsm303agr.o
    0x0800289e   0x0800289e   0x00000046   Code   RO         7661    i.LSM303DLHC_AccClickITEnable  lsm303dlhc.o
    0x080028e4   0x080028e4   0x00000002   Code   RO         7662    i.LSM303DLHC_AccDeInit  lsm303dlhc.o
    0x080028e6   0x080028e6   0x0000001e   Code   RO         7663    i.LSM303DLHC_AccFilterClickCmd  lsm303dlhc.o
    0x08002904   0x08002904   0x0000001e   Code   RO         7664    i.LSM303DLHC_AccFilterCmd  lsm303dlhc.o
    0x08002922   0x08002922   0x0000001e   Code   RO         7665    i.LSM303DLHC_AccFilterConfig  lsm303dlhc.o
    0x08002940   0x08002940   0x0000001c   Code   RO         7671    i.LSM303DLHC_AccIT1Enable  lsm303dlhc.o
    0x0800295c   0x0800295c   0x00000020   Code   RO         7674    i.LSM303DLHC_AccInit  lsm303dlhc.o
    0x0800297c   0x0800297c   0x00000012   Code   RO         7675    i.LSM303DLHC_AccReadID  lsm303dlhc.o
    0x0800298e   0x0800298e   0x00000002   PAD
    0x08002990   0x08002990   0x000000ec   Code   RO         7676    i.LSM303DLHC_AccReadXYZ  lsm303dlhc.o
    0x08002a7c   0x08002a7c   0x0000001a   Code   RO         7677    i.LSM303DLHC_AccRebootCmd  lsm303dlhc.o
    0x08002a96   0x08002a96   0x0000001c   Code   RO         7678    i.LSM303DLHC_AccZClickITConfig  lsm303dlhc.o
    0x08002ab2   0x08002ab2   0x00000002   PAD
    0x08002ab4   0x08002ab4   0x00000190   Code   RO         6894    i.LedControlTask    main.o
    0x08002c44   0x08002c44   0x00000002   Code   RO         7112    i.MemManage_Handler  stm32f4xx_it.o
    0x08002c46   0x08002c46   0x00000002   Code   RO         7113    i.NMI_Handler       stm32f4xx_it.o
    0x08002c48   0x08002c48   0x00000020   Code   RO          747    i.NVIC_SetPriority  stm32f4xx_hal_cortex.o
    0x08002c68   0x08002c68   0x00000004   Code   RO         9784    i.PendSV_Handler    los_hwi.o
    0x08002c6c   0x08002c6c   0x0000003c   Code   RO         6895    i.PollButtonPressedEvent  main.o
    0x08002ca8   0x08002ca8   0x000001fc   Code   RO         6896    i.PreprocessActivityWindow  main.o
    0x08002ea4   0x08002ea4   0x00000002   Code   RO         7114    i.SVC_Handler       stm32f4xx_it.o
    0x08002ea6   0x08002ea6   0x00000020   Code   RO         6897    i.ScaleTiltToDuty   main.o
    0x08002ec6   0x08002ec6   0x00000002   PAD
    0x08002ec8   0x08002ec8   0x00000018   Code   RO         6898    i.SetLedDuty        main.o
    0x08002ee0   0x08002ee0   0x00000004   Code   RO         9785    i.SysTick_Handler   los_hwi.o
    0x08002ee4   0x08002ee4   0x00000094   Code   RO         7178    i.SystemClock_Config  board.o
    0x08002f78   0x08002f78   0x00000054   Code   RO           14    i.SystemInit        system_stm32f4xx.o
    0x08002fcc   0x08002fcc   0x000000d0   Code   RO         6899    i.TIM4_Config       main.o
    0x0800309c   0x0800309c   0x00000090   Code   RO         4904    i.TIM_Base_SetConfig  stm32f4xx_hal_tim.o
    0x0800312c   0x0800312c   0x00000016   Code   RO         4905    i.TIM_CCxChannelCmd  stm32f4xx_hal_tim.o
    0x08003142   0x08003142   0x00000002   PAD
    0x08003144   0x08003144   0x00000050   Code   RO         4913    i.TIM_OC1_SetConfig  stm32f4xx_hal_tim.o
    0x08003194   0x08003194   0x00000058   Code   RO         4914    i.TIM_OC2_SetConfig  stm32f4xx_hal_tim.o
    0x080031ec   0x080031ec   0x00000058   Code   RO         4915    i.TIM_OC3_SetConfig  stm32f4xx_hal_tim.o
    0x08003244   0x08003244   0x00000044   Code   RO         4916    i.TIM_OC4_SetConfig  stm32f4xx_hal_tim.o
    0x08003288   0x08003288   0x000002ac   Code   RO         5739    i.UART_SetConfig    stm32f4xx_hal_uart.o
    0x08003534   0x08003534   0x00000064   Code   RO         5741    i.UART_WaitOnFlagUntilTimeout  stm32f4xx_hal_uart.o
    0x08003598   0x08003598   0x00000002   Code   RO         7115    i.UsageFault_Handler  stm32f4xx_it.o
    0x0800359a   0x0800359a   0x00000002   PAD
    0x0800359c   0x0800359c   0x00000020   Code   RO        11919    i.__0printf$8       mc_w.l(printf8.o)
    0x080035bc   0x080035bc   0x00000026   Code   RO        12001    i.__ARM_fpclassifyf  m_wm.l(fpclassifyf.o)
    0x080035e2   0x080035e2   0x00000002   PAD
    0x080035e4   0x080035e4   0x00000134   Code   RO        10746    i.__ai_math_dot_array  NetworkRuntime1200_CM4_Keil.lib(lite_dense_if32.o)
    0x08003718   0x08003718   0x000001e8   Code   RO        11571    i.__hardfp_expf     m_wm.l(expf.o)
    0x08003900   0x08003900   0x0000003a   Code   RO        11655    i.__hardfp_sqrtf    m_wm.l(sqrtf.o)
    0x0800393a   0x0800393a   0x00000006   Code   RO        12004    i.__mathlib_flt_infnan  m_wm.l(funder.o)
    0x08003940   0x08003940   0x00000010   Code   RO        12007    i.__mathlib_flt_overflow  m_wm.l(funder.o)
    0x08003950   0x08003950   0x00000010   Code   RO        12009    i.__mathlib_flt_underflow  m_wm.l(funder.o)
    0x08003960   0x08003960   0x0000000e   Code   RO        12076    i.__scatterload_copy  mc_w.l(handlers.o)
    0x0800396e   0x0800396e   0x00000002   Code   RO        12077    i.__scatterload_null  mc_w.l(handlers.o)
    0x08003970   0x08003970   0x0000000e   Code   RO        12078    i.__scatterload_zeroinit  mc_w.l(handlers.o)
    0x0800397e   0x0800397e   0x00000002   PAD
    0x08003980   0x08003980   0x0000000c   Code   RO        12054    i.__set_errno       mc_w.l(errno.o)
    0x0800398c   0x0800398c   0x00000404   Code   RO        11926    i._printf_core      mc_w.l(printf8.o)
    0x08003d90   0x08003d90   0x00000024   Code   RO        11927    i._printf_post_padding  mc_w.l(printf8.o)
    0x08003db4   0x08003db4   0x0000002e   Code   RO        11928    i._printf_pre_padding  mc_w.l(printf8.o)
    0x08003de2   0x08003de2   0x00000034   Code   RO         9908    i._stai_network_check  network.o
    0x08003e16   0x08003e16   0x00000002   PAD
    0x08003e18   0x08003e18   0x0000006c   Code   RO         9825    i.aiInit            app_x-cube-ai.o
    0x08003e84   0x08003e84   0x0000002c   Code   RO         9826    i.aiRun             app_x-cube-ai.o
    0x08003eb0   0x08003eb0   0x00000054   Code   RO         9827    i.aiRunInference    app_x-cube-ai.o
    0x08003f04   0x08003f04   0x00000154   Code   RO        10721    i.forward_lite_conv2d_if32of32wf32  NetworkRuntime1200_CM4_Keil.lib(forward_lite_conv2d_if32of32wf32.o)
    0x08004058   0x08004058   0x00000098   Code   RO        10749    i.forward_lite_dense_if32of32wf32  NetworkRuntime1200_CM4_Keil.lib(lite_dense_if32.o)
    0x080040f0   0x080040f0   0x00000078   Code   RO         9909    i.forward_lite_mp_max_pooling2d  network.o
    0x08004168   0x08004168   0x00000034   Code   RO        10791    i.forward_lite_nl_relu_if32of32  NetworkRuntime1200_CM4_Keil.lib(lite_nl_generic_float.o)
    0x0800419c   0x0800419c   0x00000056   Code   RO        10802    i.forward_lite_nl_softmax_if32of32  NetworkRuntime1200_CM4_Keil.lib(lite_nl_generic_float.o)
    0x080041f2   0x080041f2   0x00000002   PAD
    0x080041f4   0x080041f4   0x000000a4   Code   RO        10858    i.forward_lite_nl_softmax_if32of32_kernel  NetworkRuntime1200_CM4_Keil.lib(lite_nl_softmax_if32of32.o)
    0x08004298   0x08004298   0x00000150   Code   RO        10710    i.forward_mp        NetworkRuntime1200_CM4_Keil.lib(layers_pool_generic_float.o)
    0x080043e8   0x080043e8   0x00000018   Code   RO         7258    i.fputc             bsp_debug_usart.o
    0x08004400   0x08004400   0x00000182   Code   RO        10729    i.fw_lite_conv2d_kernel_simple_opt_f32  NetworkRuntime1200_CM4_Keil.lib(forward_lite_conv2d_if32of32wf32.o)
    0x08004582   0x08004582   0x00000002   PAD
    0x08004584   0x08004584   0x000000bc   Code   RO         6900    i.main              main.o
    0x08004640   0x08004640   0x0000001a   Code   RO         9121    i.osAlarmHeapInfo   los_heap.o
    0x0800465a   0x0800465a   0x00000002   PAD
    0x0800465c   0x0800465c   0x00000130   Code   RO         9122    i.osHeapAlloc       los_heap.o
    0x0800478c   0x0800478c   0x000000fc   Code   RO         9123    i.osHeapFree        los_heap.o
    0x08004888   0x08004888   0x0000003a   Code   RO         9126    i.osHeapInit        los_heap.o
    0x080048c2   0x080048c2   0x00000016   Code   RO         9127    i.osHeapPrvGetNext  los_heap.o
    0x080048d8   0x080048d8   0x00000048   Code   RO         9128    i.osHeapStatisticsGet  los_heap.o
    0x08004920   0x08004920   0x00000002   Code   RO         8509    i.osIdleTask        los_task.o
    0x08004922   0x08004922   0x00000002   PAD
    0x08004924   0x08004924   0x00000040   Code   RO         8510    i.osIdleTaskCreate  los_task.o
    0x08004964   0x08004964   0x00000006   Code   RO         9786    i.osIntNumGet       los_hwi.o
    0x0800496a   0x0800496a   0x00000002   PAD
    0x0800496c   0x0800496c   0x00000014   Code   RO         9252    i.osMemSystemInit   los_memory.o
    0x08004980   0x08004980   0x00000014   Code   RO         8217    i.osPriqueueDequeue  los_priqueue.o
    0x08004994   0x08004994   0x0000001c   Code   RO         8218    i.osPriqueueEnqueue  los_priqueue.o
    0x080049b0   0x080049b0   0x00000034   Code   RO         8219    i.osPriqueueInit    los_priqueue.o
    0x080049e4   0x080049e4   0x00000024   Code   RO         8220    i.osPriqueueSize    los_priqueue.o
    0x08004a08   0x08004a08   0x00000028   Code   RO         8221    i.osPriqueueTop     los_priqueue.o
    0x08004a30   0x08004a30   0x000000c0   Code   RO         8941    i.osQueueBufferOperate  los_queue.o
    0x08004af0   0x08004af0   0x0000005c   Code   RO         8942    i.osQueueInit       los_queue.o
    0x08004b4c   0x08004b4c   0x00000168   Code   RO         8945    i.osQueueOperate    los_queue.o
    0x08004cb4   0x08004cb4   0x00000034   Code   RO         8946    i.osQueueWriteParameterCheck  los_queue.o
    0x08004ce8   0x08004ce8   0x00000004   Code   RO         9692    i.osSchedule        los_hw.o
    0x08004cec   0x08004cec   0x00000054   Code   RO         9054    i.osSemInit         los_sem.o
    0x08004d40   0x08004d40   0x00000074   Code   RO         8301    i.osSwTmrInit       los_swtmr.o
    0x08004db4   0x08004db4   0x00000040   Code   RO         8302    i.osSwTmrStart      los_swtmr.o
    0x08004df4   0x08004df4   0x0000003c   Code   RO         8303    i.osSwTmrTask       los_swtmr.o
    0x08004e30   0x08004e30   0x00000040   Code   RO         8304    i.osSwTmrTaskCreate  los_swtmr.o
    0x08004e70   0x08004e70   0x00000068   Code   RO         8305    i.osSwTmrTimeoutHandle  los_swtmr.o
    0x08004ed8   0x08004ed8   0x00000014   Code   RO         8307    i.osSwtmrDelete     los_swtmr.o
    0x08004eec   0x08004eec   0x0000001c   Code   RO         8308    i.osSwtmrScan       los_swtmr.o
    0x08004f08   0x08004f08   0x00000084   Code   RO         8511    i.osTaskAdd2TimerList  los_task.o
    0x08004f8c   0x08004f8c   0x0000002c   Code   RO         8512    i.osTaskEntry       los_task.o
    0x08004fb8   0x08004fb8   0x00000004   Code   RO         9693    i.osTaskExit        los_hw.o
    0x08004fbc   0x08004fbc   0x000000d4   Code   RO         8513    i.osTaskInit        los_task.o
    0x08005090   0x08005090   0x0000002c   Code   RO         8514    i.osTaskMonInit     los_task.o
    0x080050bc   0x080050bc   0x000000b4   Code   RO         8517    i.osTaskScan        los_task.o
    0x08005170   0x08005170   0x0000013c   Code   RO         8518    i.osTaskSwitchCheck  los_task.o
    0x080052ac   0x080052ac   0x0000004c   Code   RO         8519    i.osTaskWait        los_task.o
    0x080052f8   0x080052f8   0x00000040   Code   RO         8520    i.osTaskWake        los_task.o
    0x08005338   0x08005338   0x00000024   Code   RO         8768    i.osTickHandler     los_tick.o
    0x0800535c   0x0800535c   0x00000064   Code   RO         9741    i.osTickStart       los_hw_tick.o
    0x080053c0   0x080053c0   0x00000034   Code   RO         8521    i.osTimerListDelete  los_task.o
    0x080053f4   0x080053f4   0x0000012c   Code   RO         9694    i.osTskStackInit    los_hw.o
    0x08005520   0x08005520   0x0000003e   Code   RO        10712    i.pool_func_mp_kernel_array_f32  NetworkRuntime1200_CM4_Keil.lib(layers_pool_generic_float.o)
    0x0800555e   0x0800555e   0x00000002   PAD
    0x08005560   0x08005560   0x00000090   Code   RO        11416    i.st_int8_copy      NetworkRuntime1200_CM4_Keil.lib(st_int8_fill.o)
    0x080055f0   0x080055f0   0x00000034   Code   RO         9910    i.stai_network_deinit  network.o
    0x08005624   0x08005624   0x0000002c   Code   RO         9913    i.stai_network_get_error  network.o
    0x08005650   0x08005650   0x00000048   Code   RO         9914    i.stai_network_get_inputs  network.o
    0x08005698   0x08005698   0x00000048   Code   RO         9915    i.stai_network_get_outputs  network.o
    0x080056e0   0x080056e0   0x00000044   Code   RO         9918    i.stai_network_init  network.o
    0x08005724   0x08005724   0x000002a0   Code   RO         9919    i.stai_network_run  network.o
    0x080059c4   0x080059c4   0x000000a4   Code   RO         9920    i.stai_network_set_activations  network.o
    0x08005a68   0x08005a68   0x00000004   Code   RO        10699    i.stai_runtime_deinit  NetworkRuntime1200_CM4_Keil.lib(stai_internal.o)
    0x08005a6c   0x08005a6c   0x00000004   Code   RO        10701    i.stai_runtime_init  NetworkRuntime1200_CM4_Keil.lib(stai_internal.o)
    0x08005a70   0x08005a70   0x00000010   Data   RO           15    .constdata          system_stm32f4xx.o
    0x08005a80   0x08005a80   0x00000008   Data   RO           16    .constdata          system_stm32f4xx.o
    0x08005a88   0x08005a88   0x00000010   Data   RO         6904    .constdata          main.o
    0x08005a98   0x08005a98   0x0000000c   Data   RO         7334    .constdata          stm32f411e_discovery.o
    0x08005aa4   0x08005aa4   0x00000008   Data   RO         9949    .constdata          network.o
    0x08005aac   0x08005aac   0x00000004   PAD
    0x08005ab0   0x08005ab0   0x00000108   Data   RO         9950    .constdata          network.o
    0x08005bb8   0x08005bb8   0x00002fe0   Data   RO        10328    .constdata          network_data.o
    0x08008b98   0x08008b98   0x00000030   Data   RO        11574    .constdata          m_wm.l(expf.o)
    0x08008bc8   0x08008bc8   0x00000042   Data   RO         6905    .conststring        main.o
    0x08008c0a   0x08008c0a   0x00000002   PAD
    0x08008c0c   0x08008c0c   0x00000020   Data   RO        12074    Region$$Table       anon$$obj.o


    Execution Region RW_IRAM1 (Exec base: 0x20000000, Load base: 0x08008c2c, Size: 0x00001610, Max: 0x00020000, ABSOLUTE, COMPRESSED[0x000000c8])

    Exec Addr    Load Addr    Size         Type   Attr      Idx    E Section Name        Object

    0x20000000   COMPRESSED   0x00000004   Data   RW           17    .data               system_stm32f4xx.o
    0x20000004   COMPRESSED   0x00000022   Data   RW         6906    .data               main.o
    0x20000026   COMPRESSED   0x00000002   PAD
    0x20000028   COMPRESSED   0x0000001c   Data   RW         7335    .data               stm32f411e_discovery.o
    0x20000044   COMPRESSED   0x00000004   Data   RW         7481    .data               stm32f411e_discovery_accelerometer.o
    0x20000048   COMPRESSED   0x00000034   Data   RW         7548    .data               lsm303agr.o
    0x2000007c   COMPRESSED   0x00000034   Data   RW         7679    .data               lsm303dlhc.o
    0x200000b0   COMPRESSED   0x00000004   Data   RW         8223    .data               los_priqueue.o
    0x200000b4   COMPRESSED   0x00000010   Data   RW         8311    .data               los_swtmr.o
    0x200000c4   COMPRESSED   0x00000048   Data   RW         8524    .data               los_task.o
    0x2000010c   COMPRESSED   0x00000004   PAD
    0x20000110   COMPRESSED   0x00000010   Data   RW         8769    .data               los_tick.o
    0x20000120   COMPRESSED   0x00000004   Data   RW         8772    .data               los_tick.o
    0x20000124   COMPRESSED   0x0000000c   Data   RW         8947    .data               los_queue.o
    0x20000130   COMPRESSED   0x0000000c   Data   RW         9055    .data               los_sem.o
    0x2000013c   COMPRESSED   0x00000010   Data   RW         9129    .data               los_heap.o
    0x2000014c   COMPRESSED   0x00000004   Data   RW         9254    .data               los_memory.o
    0x20000150   COMPRESSED   0x00000004   Data   RW         9642    .data               los_init.o
    0x20000154   COMPRESSED   0x00000018   Data   RW         9832    .data               app_x-cube-ai.o
    0x2000016c   COMPRESSED   0x00000010   Data   RW         9952    .data               network.o
    0x2000017c   COMPRESSED   0x00000010   Data   RW         9953    .data               network.o
    0x2000018c   COMPRESSED   0x00000010   Data   RW         9954    .data               network.o
    0x2000019c   COMPRESSED   0x00000010   Data   RW         9955    .data               network.o
    0x200001ac   COMPRESSED   0x00000004   Data   RW         9956    .data               network.o
    0x200001b0   COMPRESSED   0x00000004   Data   RW         9957    .data               network.o
    0x200001b4   COMPRESSED   0x00000004   Data   RW         9958    .data               network.o
    0x200001b8   COMPRESSED   0x00000004   Data   RW         9959    .data               network.o
    0x200001bc   COMPRESSED   0x00000030   Data   RW         9960    .data               network.o
    0x200001ec   COMPRESSED   0x00000090   Data   RW         9961    .data               network.o
    0x2000027c   COMPRESSED   0x00000004   Data   RW        12043    .data               mc_w.l(stdout.o)
    0x20000280   COMPRESSED   0x00000004   Data   RW        12055    .data               mc_w.l(errno.o)
    0x20000284        -       0x0000016c   Zero   RW         6901    .bss                main.o
    0x200003f0        -       0x00000040   Zero   RW         7259    .bss                bsp_debug_usart.o
    0x20000430        -       0x000000ac   Zero   RW         7333    .bss                stm32f411e_discovery.o
    0x200004dc        -       0x00000156   Zero   RW         8522    .bss                los_task.o
    0x20000632   COMPRESSED   0x00000006   PAD
    0x20000638        -       0x00000030   Zero   RW         9830    .bss                app_x-cube-ai.o
    0x20000668   COMPRESSED   0x00000018   PAD
    0x20000680        -       0x00000b80   Zero   RW         9831    .bss                app_x-cube-ai.o
    0x20001200        -       0x00000010   Zero   RW         9926    .bss                network.o
    0x20001210        -       0x00000400   Zero   RW            1    STACK               startup_stm32f411xe.o


==============================================================================

Image component sizes


      Code (inc. data)   RO Data    RW Data    ZI Data      Debug   Object Name

       236         26          0         24       2992       3547   app_x-cube-ai.o
       194         14          0          0          0       1671   board.o
       212         24          0          0         64       2513   bsp_debug_usart.o
         0          0          0          0          0       6390   cmsis_liteos.o
        64         18          0          0          0       1009   core_delay.o
       228         26          0          0          0        404   los_dispatch_keil.o
       734        100          0         16          0       6385   los_heap.o
       372         24          0          0          0       2978   los_hw.o
       100         20          0          0          0      27457   los_hw_tick.o
        14          0          0          0          0       6005   los_hwi.o
       288        138          0          4          0       1924   los_init.o
       342         70          0          4          0       5319   los_memory.o
        20          0          0          0          0        648   los_misc.o
       176         26          0          4          0      12730   los_priqueue.o
      1016         96          0         12          0      10903   los_queue.o
        98         12          0         12          0       2828   los_sem.o
       456         58          0         16          0       6810   los_swtmr.o
        12          4          0          0          0        539   los_sys.o
      2218        292          0         72        342      22996   los_task.o
        36          6          0         20          0       1004   los_tick.o
       530          0          0         52          0       9185   lsm303agr.o
       530          0          0         52          0       9144   lsm303dlhc.o
      2404        482         82         34        364      43249   main.o
      1316         70        272        272         16      49270   network.o
         0          0      12256          0          0        710   network_data.o
        36          8        408          0       1024        980   startup_stm32f411xe.o
       728        102         12         28        172      14728   stm32f411e_discovery.o
       120         22          0          4          0       2258   stm32f411e_discovery_accelerometer.o
        58          8          0          0          0       1688   stm32f4xx_hal.o
       154         14          0          0          0      29734   stm32f4xx_hal_cortex.o
       412         34          0          0          0       3143   stm32f4xx_hal_gpio.o
      2074         36          0          0          0      15644   stm32f4xx_hal_i2c.o
      1328         90          0          0          0       5957   stm32f4xx_hal_rcc.o
       800         56          0          0          0       8000   stm32f4xx_hal_tim.o
      1068          8          0          0          0       4244   stm32f4xx_hal_uart.o
        16          0          0          0          0       3790   stm32f4xx_it.o
        84         18         24          4          0     424363   system_stm32f4xx.o

    ----------------------------------------------------------------------
     18510       1902      13092        636       5004     750147   Object Totals
         0          0         32          0          0          0   (incl. Generated)
        36          0          6          6         30          0   (incl. Padding)

    ----------------------------------------------------------------------

      Code (inc. data)   RO Data    RW Data    ZI Data      Debug   Library Member Name

       726          6          0          0          0        308   forward_lite_conv2d_if32of32wf32.o
       398          0          0          0          0        272   layers_pool_generic_float.o
       460          8          0          0          0        276   lite_dense_if32.o
       138          6          0          0          0        256   lite_nl_generic_float.o
       164          6          0          0          0        152   lite_nl_softmax_if32of32.o
       144          0          0          0          0        132   st_int8_fill.o
         8          0          0          0          0        232   stai_internal.o
       488         62         48          0          0        236   expf.o
        38          0          0          0          0        116   fpclassifyf.o
        38         12          0          0          0        348   funder.o
        58          0          0          0          0        136   sqrtf.o
        86          0          0          0          0          0   __dczerorl2.o
         0          0          0          0          0          0   entry.o
         0          0          0          0          0          0   entry10a.o
         0          0          0          0          0          0   entry11a.o
         4          0          0          0          0          0   entry12b.o
         8          4          0          0          0          0   entry2.o
         4          0          0          0          0          0   entry5.o
         0          0          0          0          0          0   entry7b.o
         0          0          0          0          0          0   entry8b.o
         8          4          0          0          0          0   entry9a.o
        12          6          0          4          0         68   errno.o
        30          0          0          0          0          0   handlers.o
        36          8          0          0          0         68   init.o
         0          0          0          0          0          0   iusefp.o
        30          0          0          0          0         68   llshl.o
        32          0          0          0          0         68   llushr.o
        36          0          0          0          0         68   memcpya.o
        36          0          0          0          0        108   memseta.o
      1142         54          0          0          0        352   printf8.o
         0          0          0          4          0          0   stdout.o
        98          0          0          0          0         92   uldiv.o

    ----------------------------------------------------------------------
      4234        176         48          8          0       3356   Library Totals
        12          0          0          0          0          0   (incl. Padding)

    ----------------------------------------------------------------------

      Code (inc. data)   RO Data    RW Data    ZI Data      Debug   Library Name

      2038         26          0          0          0       1628   NetworkRuntime1200_CM4_Keil.lib
       622         74         48          0          0        836   m_wm.l
      1562         76          0          8          0        892   mc_w.l

    ----------------------------------------------------------------------
      4234        176         48          8          0       3356   Library Totals

    ----------------------------------------------------------------------

==============================================================================


      Code (inc. data)   RO Data    RW Data    ZI Data      Debug   

     22744       2078      13140        644       5004     733923   Grand Totals
     22744       2078      13140        200       5004     733923   ELF Image Totals (compressed)
     22744       2078      13140        200          0          0   ROM Totals

==============================================================================

    Total RO  Size (Code + RO Data)                35884 (  35.04kB)
    Total RW  Size (RW Data + ZI Data)              5648 (   5.52kB)
    Total ROM Size (Code + RO Data + RW Data)      36084 (  35.24kB)

==============================================================================

