Component: ARM Compiler 5.06 update 7 (build 960) Tool: armlink [4d3601]

==============================================================================

Section Cross References

    startup_stm32f407xx.o(RESET) refers to startup_stm32f407xx.o(STACK) for __initial_sp
    startup_stm32f407xx.o(RESET) refers to startup_stm32f407xx.o(.text) for Reset_Handler
    startup_stm32f407xx.o(RESET) refers to stm32f4xx_it.o(i.NMI_Handler) for NMI_Handler
    startup_stm32f407xx.o(RESET) refers to stm32f4xx_it.o(i.HardFault_Handler) for HardFault_Handler
    startup_stm32f407xx.o(RESET) refers to stm32f4xx_it.o(i.MemManage_Handler) for MemManage_Handler
    startup_stm32f407xx.o(RESET) refers to stm32f4xx_it.o(i.BusFault_Handler) for BusFault_Handler
    startup_stm32f407xx.o(RESET) refers to stm32f4xx_it.o(i.UsageFault_Handler) for UsageFault_Handler
    startup_stm32f407xx.o(RESET) refers to stm32f4xx_it.o(i.SVC_Handler) for SVC_Handler
    startup_stm32f407xx.o(RESET) refers to stm32f4xx_it.o(i.DebugMon_Handler) for DebugMon_Handler
    startup_stm32f407xx.o(RESET) refers to los_hwi.o(i.PendSV_Handler) for PendSV_Handler
    startup_stm32f407xx.o(RESET) refers to los_hwi.o(i.SysTick_Handler) for SysTick_Handler
    startup_stm32f407xx.o(RESET) refers to stm32f4xx_it.o(i.EXTI0_IRQHandler) for EXTI0_IRQHandler
    startup_stm32f407xx.o(.text) refers to system_stm32f4xx.o(i.SystemInit) for SystemInit
    startup_stm32f407xx.o(.text) refers to entry.o(.ARM.Collect$$$$00000000) for __main
    system_stm32f4xx.o(i.SystemCoreClockUpdate) refers to system_stm32f4xx.o(.data) for SystemCoreClock
    system_stm32f4xx.o(i.SystemCoreClockUpdate) refers to system_stm32f4xx.o(.constdata) for AHBPrescTable
    stm32f4xx_hal.o(i.HAL_DeInit) refers to stm32f4xx_hal.o(i.HAL_MspDeInit) for HAL_MspDeInit
    stm32f4xx_hal.o(i.HAL_Delay) refers to core_delay.o(i.HAL_GetTick) for HAL_GetTick
    stm32f4xx_hal.o(i.HAL_Delay) refers to stm32f4xx_hal.o(.data) for uwTickFreq
    stm32f4xx_hal.o(i.HAL_GetTick) refers to stm32f4xx_hal.o(.data) for uwTick
    stm32f4xx_hal.o(i.HAL_GetTickFreq) refers to stm32f4xx_hal.o(.data) for uwTickFreq
    stm32f4xx_hal.o(i.HAL_GetTickPrio) refers to stm32f4xx_hal.o(.data) for uwTickPrio
    stm32f4xx_hal.o(i.HAL_IncTick) refers to stm32f4xx_hal.o(.data) for uwTick
    stm32f4xx_hal.o(i.HAL_Init) refers to stm32f4xx_hal_cortex.o(i.HAL_NVIC_SetPriorityGrouping) for HAL_NVIC_SetPriorityGrouping
    stm32f4xx_hal.o(i.HAL_Init) refers to core_delay.o(i.HAL_InitTick) for HAL_InitTick
    stm32f4xx_hal.o(i.HAL_Init) refers to stm32f4xx_hal.o(i.HAL_MspInit) for HAL_MspInit
    stm32f4xx_hal.o(i.HAL_InitTick) refers to stm32f4xx_hal_cortex.o(i.HAL_SYSTICK_Config) for HAL_SYSTICK_Config
    stm32f4xx_hal.o(i.HAL_InitTick) refers to stm32f4xx_hal_cortex.o(i.HAL_NVIC_SetPriority) for HAL_NVIC_SetPriority
    stm32f4xx_hal.o(i.HAL_InitTick) refers to stm32f4xx_hal.o(.data) for uwTickFreq
    stm32f4xx_hal.o(i.HAL_InitTick) refers to system_stm32f4xx.o(.data) for SystemCoreClock
    stm32f4xx_hal.o(i.HAL_SetTickFreq) refers to core_delay.o(i.HAL_InitTick) for HAL_InitTick
    stm32f4xx_hal.o(i.HAL_SetTickFreq) refers to stm32f4xx_hal.o(.data) for uwTickFreq
    stm32f4xx_hal_adc.o(i.ADC_DMAConvCplt) refers to stm32f4xx_hal_adc.o(i.HAL_ADC_ConvCpltCallback) for HAL_ADC_ConvCpltCallback
    stm32f4xx_hal_adc.o(i.ADC_DMAError) refers to stm32f4xx_hal_adc.o(i.HAL_ADC_ErrorCallback) for HAL_ADC_ErrorCallback
    stm32f4xx_hal_adc.o(i.ADC_DMAHalfConvCplt) refers to stm32f4xx_hal_adc.o(i.HAL_ADC_ConvHalfCpltCallback) for HAL_ADC_ConvHalfCpltCallback
    stm32f4xx_hal_adc.o(i.HAL_ADC_ConfigChannel) refers to system_stm32f4xx.o(.data) for SystemCoreClock
    stm32f4xx_hal_adc.o(i.HAL_ADC_DeInit) refers to stm32f4xx_hal_adc.o(i.HAL_ADC_MspDeInit) for HAL_ADC_MspDeInit
    stm32f4xx_hal_adc.o(i.HAL_ADC_IRQHandler) refers to stm32f4xx_hal_adc.o(i.HAL_ADC_ConvCpltCallback) for HAL_ADC_ConvCpltCallback
    stm32f4xx_hal_adc.o(i.HAL_ADC_IRQHandler) refers to stm32f4xx_hal_adc_ex.o(i.HAL_ADCEx_InjectedConvCpltCallback) for HAL_ADCEx_InjectedConvCpltCallback
    stm32f4xx_hal_adc.o(i.HAL_ADC_IRQHandler) refers to stm32f4xx_hal_adc.o(i.HAL_ADC_LevelOutOfWindowCallback) for HAL_ADC_LevelOutOfWindowCallback
    stm32f4xx_hal_adc.o(i.HAL_ADC_IRQHandler) refers to stm32f4xx_hal_adc.o(i.HAL_ADC_ErrorCallback) for HAL_ADC_ErrorCallback
    stm32f4xx_hal_adc.o(i.HAL_ADC_Init) refers to stm32f4xx_hal_adc.o(i.HAL_ADC_MspInit) for HAL_ADC_MspInit
    stm32f4xx_hal_adc.o(i.HAL_ADC_Init) refers to stm32f4xx_hal_adc.o(i.ADC_Init) for ADC_Init
    stm32f4xx_hal_adc.o(i.HAL_ADC_PollForConversion) refers to core_delay.o(i.HAL_GetTick) for HAL_GetTick
    stm32f4xx_hal_adc.o(i.HAL_ADC_PollForEvent) refers to core_delay.o(i.HAL_GetTick) for HAL_GetTick
    stm32f4xx_hal_adc.o(i.HAL_ADC_Start) refers to system_stm32f4xx.o(.data) for SystemCoreClock
[...]
    ..\Libraries\STM32F4xx_HAL_Driver\Src\stm32f4xx_hal_dma_ex.c 0x00000000   Number         0  stm32f4xx_hal_dma_ex.o ABSOLUTE
    ..\Libraries\STM32F4xx_HAL_Driver\Src\stm32f4xx_hal_dsi.c 0x00000000   Number         0  stm32f4xx_hal_dsi.o ABSOLUTE
    ..\Libraries\STM32F4xx_HAL_Driver\Src\stm32f4xx_hal_eth.c 0x00000000   Number         0  stm32f4xx_hal_eth.o ABSOLUTE
    ..\Libraries\STM32F4xx_HAL_Driver\Src\stm32f4xx_hal_flash.c 0x00000000   Number         0  stm32f4xx_hal_flash.o ABSOLUTE
    ..\Libraries\STM32F4xx_HAL_Driver\Src\stm32f4xx_hal_flash_ex.c 0x00000000   Number         0  stm32f4xx_hal_flash_ex.o ABSOLUTE
    ..\Libraries\STM32F4xx_HAL_Driver\Src\stm32f4xx_hal_flash_ramfunc.c 0x00000000   Number         0  stm32f4xx_hal_flash_ramfunc.o ABSOLUTE
    ..\Libraries\STM32F4xx_HAL_Driver\Src\stm32f4xx_hal_fmpi2c.c 0x00000000   Number         0  stm32f4xx_hal_fmpi2c.o ABSOLUTE
    ..\Libraries\STM32F4xx_HAL_Driver\Src\stm32f4xx_hal_fmpi2c_ex.c 0x00000000   Number         0  stm32f4xx_hal_fmpi2c_ex.o ABSOLUTE
    ..\Libraries\STM32F4xx_HAL_Driver\Src\stm32f4xx_hal_gpio.c 0x00000000   Number         0  stm32f4xx_hal_gpio.o ABSOLUTE
    ..\Libraries\STM32F4xx_HAL_Driver\Src\stm32f4xx_hal_hash.c 0x00000000   Number         0  stm32f4xx_hal_hash.o ABSOLUTE
    ..\Libraries\STM32F4xx_HAL_Driver\Src\stm32f4xx_hal_hash_ex.c 0x00000000   Number         0  stm32f4xx_hal_hash_ex.o ABSOLUTE
    ..\Libraries\STM32F4xx_HAL_Driver\Src\stm32f4xx_hal_hcd.c 0x00000000   Number         0  stm32f4xx_hal_hcd.o ABSOLUTE
    ..\Libraries\STM32F4xx_HAL_Driver\Src\stm32f4xx_hal_i2c.c 0x00000000   Number         0  stm32f4xx_hal_i2c.o ABSOLUTE
    ..\Libraries\STM32F4xx_HAL_Driver\Src\stm32f4xx_hal_i2c_ex.c 0x00000000   Number         0  stm32f4xx_hal_i2c_ex.o ABSOLUTE
    ..\Libraries\STM32F4xx_HAL_Driver\Src\stm32f4xx_hal_i2s.c 0x00000000   Number         0  stm32f4xx_hal_i2s.o ABSOLUTE
    ..\Libraries\STM32F4xx_HAL_Driver\Src\stm32f4xx_hal_i2s_ex.c 0x00000000   Number         0  stm32f4xx_hal_i2s_ex.o ABSOLUTE
    ..\Libraries\STM32F4xx_HAL_Driver\Src\stm32f4xx_hal_irda.c 0x00000000   Number         0  stm32f4xx_hal_irda.o ABSOLUTE
    ..\Libraries\STM32F4xx_HAL_Driver\Src\stm32f4xx_hal_iwdg.c 0x00000000   Number         0  stm32f4xx_hal_iwdg.o ABSOLUTE
    ..\Libraries\STM32F4xx_HAL_Driver\Src\stm32f4xx_hal_lptim.c 0x00000000   Number         0  stm32f4xx_hal_lptim.o ABSOLUTE
    ..\Libraries\STM32F4xx_HAL_Driver\Src\stm32f4xx_hal_ltdc.c 0x00000000   Number         0  stm32f4xx_hal_ltdc.o ABSOLUTE
    ..\Libraries\STM32F4xx_HAL_Driver\Src\stm32f4xx_hal_ltdc_ex.c 0x00000000   Number         0  stm32f4xx_hal_ltdc_ex.o ABSOLUTE
    ..\Libraries\STM32F4xx_HAL_Driver\Src\stm32f4xx_hal_mmc.c 0x00000000   Number         0  stm32f4xx_hal_mmc.o ABSOLUTE
    ..\Libraries\STM32F4xx_HAL_Driver\Src\stm32f4xx_hal_nand.c 0x00000000   Number         0  stm32f4xx_hal_nand.o ABSOLUTE
    ..\Libraries\STM32F4xx_HAL_Driver\Src\stm32f4xx_hal_nor.c 0x00000000   Number         0  stm32f4xx_hal_nor.o ABSOLUTE
    ..\Libraries\STM32F4xx_HAL_Driver\Src\stm32f4xx_hal_pccard.c 0x00000000   Number         0  stm32f4xx_hal_pccard.o ABSOLUTE
    ..\Libraries\STM32F4xx_HAL_Driver\Src\stm32f4xx_hal_pcd.c 0x00000000   Number         0  stm32f4xx_hal_pcd.o ABSOLUTE
    ..\Libraries\STM32F4xx_HAL_Driver\Src\stm32f4xx_hal_pcd_ex.c 0x00000000   Number         0  stm32f4xx_hal_pcd_ex.o ABSOLUTE
    ..\Libraries\STM32F4xx_HAL_Driver\Src\stm32f4xx_hal_pwr.c 0x00000000   Number         0  stm32f4xx_hal_pwr.o ABSOLUTE
    ..\Libraries\STM32F4xx_HAL_Driver\Src\stm32f4xx_hal_pwr_ex.c 0x00000000   Number         0  stm32f4xx_hal_pwr_ex.o ABSOLUTE
    ..\Libraries\STM32F4xx_HAL_Driver\Src\stm32f4xx_hal_qspi.c 0x00000000   Number         0  stm32f4xx_hal_qspi.o ABSOLUTE
    ..\Libraries\STM32F4xx_HAL_Driver\Src\stm32f4xx_hal_rcc.c 0x00000000   Number         0  stm32f4xx_hal_rcc.o ABSOLUTE
    ..\Libraries\STM32F4xx_HAL_Driver\Src\stm32f4xx_hal_rcc_ex.c 0x00000000   Number         0  stm32f4xx_hal_rcc_ex.o ABSOLUTE
    ..\Libraries\STM32F4xx_HAL_Driver\Src\stm32f4xx_hal_rng.c 0x00000000   Number         0  stm32f4xx_hal_rng.o ABSOLUTE
    ..\Libraries\STM32F4xx_HAL_Driver\Src\stm32f4xx_hal_rtc.c 0x00000000   Number         0  stm32f4xx_hal_rtc.o ABSOLUTE
    ..\Libraries\STM32F4xx_HAL_Driver\Src\stm32f4xx_hal_rtc_ex.c 0x00000000   Number         0  stm32f4xx_hal_rtc_ex.o ABSOLUTE
    ..\Libraries\STM32F4xx_HAL_Driver\Src\stm32f4xx_hal_sai.c 0x00000000   Number         0  stm32f4xx_hal_sai.o ABSOLUTE
    ..\Libraries\STM32F4xx_HAL_Driver\Src\stm32f4xx_hal_sai_ex.c 0x00000000   Number         0  stm32f4xx_hal_sai_ex.o ABSOLUTE
    ..\Libraries\STM32F4xx_HAL_Driver\Src\stm32f4xx_hal_sd.c 0x00000000   Number         0  stm32f4xx_hal_sd.o ABSOLUTE
    ..\Libraries\STM32F4xx_HAL_Driver\Src\stm32f4xx_hal_sdram.c 0x00000000   Number         0  stm32f4xx_hal_sdram.o ABSOLUTE
    ..\Libraries\STM32F4xx_HAL_Driver\Src\stm32f4xx_hal_smartcard.c 0x00000000   Number         0  stm32f4xx_hal_smartcard.o ABSOLUTE
    ..\Libraries\STM32F4xx_HAL_Driver\Src\stm32f4xx_hal_spdifrx.c 0x00000000   Number         0  stm32f4xx_hal_spdifrx.o ABSOLUTE
    ..\Libraries\STM32F4xx_HAL_Driver\Src\stm32f4xx_hal_spi.c 0x00000000   Number         0  stm32f4xx_hal_spi.o ABSOLUTE
    ..\Libraries\STM32F4xx_HAL_Driver\Src\stm32f4xx_hal_sram.c 0x00000000   Number         0  stm32f4xx_hal_sram.o ABSOLUTE
    ..\Libraries\STM32F4xx_HAL_Driver\Src\stm32f4xx_hal_tim.c 0x00000000   Number         0  stm32f4xx_hal_tim.o ABSOLUTE
    ..\Libraries\STM32F4xx_HAL_Driver\Src\stm32f4xx_hal_tim_ex.c 0x00000000   Number         0  stm32f4xx_hal_tim_ex.o ABSOLUTE
    ..\Libraries\STM32F4xx_HAL_Driver\Src\stm32f4xx_hal_uart.c 0x00000000   Number         0  stm32f4xx_hal_uart.o ABSOLUTE
    ..\Libraries\STM32F4xx_HAL_Driver\Src\stm32f4xx_hal_usart.c 0x00000000   Number         0  stm32f4xx_hal_usart.o ABSOLUTE
    ..\Libraries\STM32F4xx_HAL_Driver\Src\stm32f4xx_hal_wwdg.c 0x00000000   Number         0  stm32f4xx_hal_wwdg.o ABSOLUTE
    ..\Libraries\STM32F4xx_HAL_Driver\Src\stm32f4xx_ll_fsmc.c 0x00000000   Number         0  stm32f4xx_ll_fsmc.o ABSOLUTE
    ..\Libraries\STM32F4xx_HAL_Driver\Src\stm32f4xx_ll_sdmmc.c 0x00000000   Number         0  stm32f4xx_ll_sdmmc.o ABSOLUTE
    ..\Libraries\STM32F4xx_HAL_Driver\Src\stm32f4xx_ll_usb.c 0x00000000   Number         0  stm32f4xx_ll_usb.o ABSOLUTE
    ..\LiteOS\arch\arm\arm-m\cortex-m4\keil\los_dispatch_keil.S 0x00000000   Number         0  los_dispatch_keil.o ABSOLUTE
    ..\LiteOS\arch\arm\arm-m\src\los_hw.c    0x00000000   Number         0  los_hw.o ABSOLUTE
    ..\LiteOS\arch\arm\arm-m\src\los_hw_tick.c 0x00000000   Number         0  los_hw_tick.o ABSOLUTE
    ..\LiteOS\arch\arm\arm-m\src\los_hwi.c   0x00000000   Number         0  los_hwi.o ABSOLUTE
    ..\LiteOS\cmsis\cmsis_liteos.c           0x00000000   Number         0  cmsis_liteos.o ABSOLUTE
    ..\LiteOS\kernel\base\core\los_priqueue.c 0x00000000   Number         0  los_priqueue.o ABSOLUTE
    ..\LiteOS\kernel\base\core\los_swtmr.c   0x00000000   Number         0  los_swtmr.o ABSOLUTE
    ..\LiteOS\kernel\base\core\los_sys.c     0x00000000   Number         0  los_sys.o ABSOLUTE
    ..\LiteOS\kernel\base\core\los_task.c    0x00000000   Number         0  los_task.o ABSOLUTE
    ..\LiteOS\kernel\base\core\los_tick.c    0x00000000   Number         0  los_tick.o ABSOLUTE
    ..\LiteOS\kernel\base\core\los_timeslice.c 0x00000000   Number         0  los_timeslice.o ABSOLUTE
    ..\LiteOS\kernel\base\ipc\los_event.c    0x00000000   Number         0  los_event.o ABSOLUTE
    ..\LiteOS\kernel\base\ipc\los_mux.c      0x00000000   Number         0  los_mux.o ABSOLUTE
    ..\LiteOS\kernel\base\ipc\los_queue.c    0x00000000   Number         0  los_queue.o ABSOLUTE
    ..\LiteOS\kernel\base\ipc\los_sem.c      0x00000000   Number         0  los_sem.o ABSOLUTE
    ..\LiteOS\kernel\base\mem\bestfit_little\los_heap.c 0x00000000   Number         0  los_heap.o ABSOLUTE
    ..\LiteOS\kernel\base\mem\bestfit_little\los_membox.c 0x00000000   Number         0  los_membox.o ABSOLUTE
    ..\LiteOS\kernel\base\mem\bestfit_little\los_memcheck.c 0x00000000   Number         0  los_memcheck.o ABSOLUTE
    ..\LiteOS\kernel\base\mem\bestfit_little\los_memory.c 0x00000000   Number         0  los_memory.o ABSOLUTE
    ..\LiteOS\kernel\base\mem\common\los_memstat.c 0x00000000   Number         0  los_memstat.o ABSOLUTE
    ..\LiteOS\kernel\base\mem\common\los_slab.c 0x00000000   Number         0  los_slab.o ABSOLUTE
    ..\LiteOS\kernel\base\mem\common\los_slabmem.c 0x00000000   Number         0  los_slabmem.o ABSOLUTE
    ..\LiteOS\kernel\base\misc\los_misc.c    0x00000000   Number         0  los_misc.o ABSOLUTE
    ..\LiteOS\kernel\base\om\los_err.c       0x00000000   Number         0  los_err.o ABSOLUTE
    ..\LiteOS\kernel\los_init.c              0x00000000   Number         0  los_init.o ABSOLUTE
    ..\User\board.c                          0x00000000   Number         0  board.o ABSOLUTE
    ..\User\core_delay.c                     0x00000000   Number         0  core_delay.o ABSOLUTE
    ..\User\led\bsp_led.c                    0x00000000   Number         0  bsp_led.o ABSOLUTE
    ..\User\main.c                           0x00000000   Number         0  main.o ABSOLUTE
    ..\User\stm32f4xx_it.c                   0x00000000   Number         0  stm32f4xx_it.o ABSOLUTE
    ..\User\usart\bsp_debug_usart.c          0x00000000   Number         0  bsp_debug_usart.o ABSOLUTE
    ..\\Libraries\\CMSIS\\Device\\ST\\STM32F4xx\\Source\\Templates\\system_stm32f4xx.c 0x00000000   Number         0  system_stm32f4xx.o ABSOLUTE
    ..\\Libraries\\STM32F4xx_HAL_Driver\\Src\\stm32f4xx_hal.c 0x00000000   Number         0  stm32f4xx_hal.o ABSOLUTE
    ..\\Libraries\\STM32F4xx_HAL_Driver\\Src\\stm32f4xx_hal_adc.c 0x00000000   Number         0  stm32f4xx_hal_adc.o ABSOLUTE
    ..\\Libraries\\STM32F4xx_HAL_Driver\\Src\\stm32f4xx_hal_adc_ex.c 0x00000000   Number         0  stm32f4xx_hal_adc_ex.o ABSOLUTE
    ..\\Libraries\\STM32F4xx_HAL_Driver\\Src\\stm32f4xx_hal_can.c 0x00000000   Number         0  stm32f4xx_hal_can.o ABSOLUTE
    ..\\Libraries\\STM32F4xx_HAL_Driver\\Src\\stm32f4xx_hal_cec.c 0x00000000   Number         0  stm32f4xx_hal_cec.o ABSOLUTE
    ..\\Libraries\\STM32F4xx_HAL_Driver\\Src\\stm32f4xx_hal_cortex.c 0x00000000   Number         0  stm32f4xx_hal_cortex.o ABSOLUTE
    ..\\Libraries\\STM32F4xx_HAL_Driver\\Src\\stm32f4xx_hal_crc.c 0x00000000   Number         0  stm32f4xx_hal_crc.o ABSOLUTE
    ..\\Libraries\\STM32F4xx_HAL_Driver\\Src\\stm32f4xx_hal_cryp.c 0x00000000   Number         0  stm32f4xx_hal_cryp.o ABSOLUTE
    ..\\Libraries\\STM32F4xx_HAL_Driver\\Src\\stm32f4xx_hal_cryp_ex.c 0x00000000   Number         0  stm32f4xx_hal_cryp_ex.o ABSOLUTE
    ..\\Libraries\\STM32F4xx_HAL_Driver\\Src\\stm32f4xx_hal_dac.c 0x00000000   Number         0  stm32f4xx_hal_dac.o ABSOLUTE
    ..\\Libraries\\STM32F4xx_HAL_Driver\\Src\\stm32f4xx_hal_dac_ex.c 0x00000000   Number         0  stm32f4xx_hal_dac_ex.o ABSOLUTE
    ..\\Libraries\\STM32F4xx_HAL_Driver\\Src\\stm32f4xx_hal_dcmi.c 0x00000000   Number         0  stm32f4xx_hal_dcmi.o ABSOLUTE
    ..\\Libraries\\STM32F4xx_HAL_Driver\\Src\\stm32f4xx_hal_dcmi_ex.c 0x00000000   Number         0  stm32f4xx_hal_dcmi_ex.o ABSOLUTE
    ..\\Libraries\\STM32F4xx_HAL_Driver\\Src\\stm32f4xx_hal_dfsdm.c 0x00000000   Number         0  stm32f4xx_hal_dfsdm.o ABSOLUTE
    ..\\Libraries\\STM32F4xx_HAL_Driver\\Src\\stm32f4xx_hal_dma.c 0x00000000   Number         0  stm32f4xx_hal_dma.o ABSOLUTE
    ..\\Libraries\\STM32F4xx_HAL_Driver\\Src\\stm32f4xx_hal_dma2d.c 0x00000000   Number         0  stm32f4xx_hal_dma2d.o ABSOLUTE
    ..\\Libraries\\STM32F4xx_HAL_Driver\\Src\\stm32f4xx_hal_dma_ex.c 0x00000000   Number         0  stm32f4xx_hal_dma_ex.o ABSOLUTE
    ..\\Libraries\\STM32F4xx_HAL_Driver\\Src\\stm32f4xx_hal_dsi.c 0x00000000   Number         0  stm32f4xx_hal_dsi.o ABSOLUTE
    ..\\Libraries\\STM32F4xx_HAL_Driver\\Src\\stm32f4xx_hal_eth.c 0x00000000   Number         0  stm32f4xx_hal_eth.o ABSOLUTE
    ..\\Libraries\\STM32F4xx_HAL_Driver\\Src\\stm32f4xx_hal_flash.c 0x00000000   Number         0  stm32f4xx_hal_flash.o ABSOLUTE
    ..\\Libraries\\STM32F4xx_HAL_Driver\\Src\\stm32f4xx_hal_flash_ex.c 0x00000000   Number         0  stm32f4xx_hal_flash_ex.o ABSOLUTE
    ..\\Libraries\\STM32F4xx_HAL_Driver\\Src\\stm32f4xx_hal_flash_ramfunc.c 0x00000000   Number         0  stm32f4xx_hal_flash_ramfunc.o ABSOLUTE
    ..\\Libraries\\STM32F4xx_HAL_Driver\\Src\\stm32f4xx_hal_fmpi2c.c 0x00000000   Number         0  stm32f4xx_hal_fmpi2c.o ABSOLUTE
    ..\\Libraries\\STM32F4xx_HAL_Driver\\Src\\stm32f4xx_hal_fmpi2c_ex.c 0x00000000   Number         0  stm32f4xx_hal_fmpi2c_ex.o ABSOLUTE
    ..\\Libraries\\STM32F4xx_HAL_Driver\\Src\\stm32f4xx_hal_gpio.c 0x00000000   Number         0  stm32f4xx_hal_gpio.o ABSOLUTE
    ..\\Libraries\\STM32F4xx_HAL_Driver\\Src\\stm32f4xx_hal_hash.c 0x00000000   Number         0  stm32f4xx_hal_hash.o ABSOLUTE
    ..\\Libraries\\STM32F4xx_HAL_Driver\\Src\\stm32f4xx_hal_hash_ex.c 0x00000000   Number         0  stm32f4xx_hal_hash_ex.o ABSOLUTE
    ..\\Libraries\\STM32F4xx_HAL_Driver\\Src\\stm32f4xx_hal_hcd.c 0x00000000   Number         0  stm32f4xx_hal_hcd.o ABSOLUTE
    ..\\Libraries\\STM32F4xx_HAL_Driver\\Src\\stm32f4xx_hal_i2c.c 0x00000000   Number         0  stm32f4xx_hal_i2c.o ABSOLUTE
    ..\\Libraries\\STM32F4xx_HAL_Driver\\Src\\stm32f4xx_hal_i2c_ex.c 0x00000000   Number         0  stm32f4xx_hal_i2c_ex.o ABSOLUTE
    ..\\Libraries\\STM32F4xx_HAL_Driver\\Src\\stm32f4xx_hal_i2s.c 0x00000000   Number         0  stm32f4xx_hal_i2s.o ABSOLUTE
    ..\\Libraries\\STM32F4xx_HAL_Driver\\Src\\stm32f4xx_hal_i2s_ex.c 0x00000000   Number         0  stm32f4xx_hal_i2s_ex.o ABSOLUTE
    ..\\Libraries\\STM32F4xx_HAL_Driver\\Src\\stm32f4xx_hal_irda.c 0x00000000   Number         0  stm32f4xx_hal_irda.o ABSOLUTE
    ..\\Libraries\\STM32F4xx_HAL_Driver\\Src\\stm32f4xx_hal_iwdg.c 0x00000000   Number         0  stm32f4xx_hal_iwdg.o ABSOLUTE
    ..\\Libraries\\STM32F4xx_HAL_Driver\\Src\\stm32f4xx_hal_lptim.c 0x00000000   Number         0  stm32f4xx_hal_lptim.o ABSOLUTE
    ..\\Libraries\\STM32F4xx_HAL_Driver\\Src\\stm32f4xx_hal_ltdc.c 0x00000000   Number         0  stm32f4xx_hal_ltdc.o ABSOLUTE
    ..\\Libraries\\STM32F4xx_HAL_Driver\\Src\\stm32f4xx_hal_ltdc_ex.c 0x00000000   Number         0  stm32f4xx_hal_ltdc_ex.o ABSOLUTE
    ..\\Libraries\\STM32F4xx_HAL_Driver\\Src\\stm32f4xx_hal_mmc.c 0x00000000   Number         0  stm32f4xx_hal_mmc.o ABSOLUTE
    ..\\Libraries\\STM32F4xx_HAL_Driver\\Src\\stm32f4xx_hal_nand.c 0x00000000   Number         0  stm32f4xx_hal_nand.o ABSOLUTE
    ..\\Libraries\\STM32F4xx_HAL_Driver\\Src\\stm32f4xx_hal_nor.c 0x00000000   Number         0  stm32f4xx_hal_nor.o ABSOLUTE
    ..\\Libraries\\STM32F4xx_HAL_Driver\\Src\\stm32f4xx_hal_pccard.c 0x00000000   Number         0  stm32f4xx_hal_pccard.o ABSOLUTE
    ..\\Libraries\\STM32F4xx_HAL_Driver\\Src\\stm32f4xx_hal_pcd.c 0x00000000   Number         0  stm32f4xx_hal_pcd.o ABSOLUTE
    ..\\Libraries\\STM32F4xx_HAL_Driver\\Src\\stm32f4xx_hal_pcd_ex.c 0x00000000   Number         0  stm32f4xx_hal_pcd_ex.o ABSOLUTE
    ..\\Libraries\\STM32F4xx_HAL_Driver\\Src\\stm32f4xx_hal_pwr.c 0x00000000   Number         0  stm32f4xx_hal_pwr.o ABSOLUTE
    ..\\Libraries\\STM32F4xx_HAL_Driver\\Src\\stm32f4xx_hal_pwr_ex.c 0x00000000   Number         0  stm32f4xx_hal_pwr_ex.o ABSOLUTE
    ..\\Libraries\\STM32F4xx_HAL_Driver\\Src\\stm32f4xx_hal_qspi.c 0x00000000   Number         0  stm32f4xx_hal_qspi.o ABSOLUTE
    ..\\Libraries\\STM32F4xx_HAL_Driver\\Src\\stm32f4xx_hal_rcc.c 0x00000000   Number         0  stm32f4xx_hal_rcc.o ABSOLUTE
    ..\\Libraries\\STM32F4xx_HAL_Driver\\Src\\stm32f4xx_hal_rcc_ex.c 0x00000000   Number         0  stm32f4xx_hal_rcc_ex.o ABSOLUTE
    ..\\Libraries\\STM32F4xx_HAL_Driver\\Src\\stm32f4xx_hal_rng.c 0x00000000   Number         0  stm32f4xx_hal_rng.o ABSOLUTE
    ..\\Libraries\\STM32F4xx_HAL_Driver\\Src\\stm32f4xx_hal_rtc.c 0x00000000   Number         0  stm32f4xx_hal_rtc.o ABSOLUTE
    ..\\Libraries\\STM32F4xx_HAL_Driver\\Src\\stm32f4xx_hal_rtc_ex.c 0x00000000   Number         0  stm32f4xx_hal_rtc_ex.o ABSOLUTE
    ..\\Libraries\\STM32F4xx_HAL_Driver\\Src\\stm32f4xx_hal_sai.c 0x00000000   Number         0  stm32f4xx_hal_sai.o ABSOLUTE
    ..\\Libraries\\STM32F4xx_HAL_Driver\\Src\\stm32f4xx_hal_sai_ex.c 0x00000000   Number         0  stm32f4xx_hal_sai_ex.o ABSOLUTE
    ..\\Libraries\\STM32F4xx_HAL_Driver\\Src\\stm32f4xx_hal_sd.c 0x00000000   Number         0  stm32f4xx_hal_sd.o ABSOLUTE
    ..\\Libraries\\STM32F4xx_HAL_Driver\\Src\\stm32f4xx_hal_sdram.c 0x00000000   Number         0  stm32f4xx_hal_sdram.o ABSOLUTE
    ..\\Libraries\\STM32F4xx_HAL_Driver\\Src\\stm32f4xx_hal_smartcard.c 0x00000000   Number         0  stm32f4xx_hal_smartcard.o ABSOLUTE
    ..\\Libraries\\STM32F4xx_HAL_Driver\\Src\\stm32f4xx_hal_spdifrx.c 0x00000000   Number         0  stm32f4xx_hal_spdifrx.o ABSOLUTE
    ..\\Libraries\\STM32F4xx_HAL_Driver\\Src\\stm32f4xx_hal_spi.c 0x00000000   Number         0  stm32f4xx_hal_spi.o ABSOLUTE
    ..\\Libraries\\STM32F4xx_HAL_Driver\\Src\\stm32f4xx_hal_sram.c 0x00000000   Number         0  stm32f4xx_hal_sram.o ABSOLUTE
    ..\\Libraries\\STM32F4xx_HAL_Driver\\Src\\stm32f4xx_hal_tim.c 0x00000000   Number         0  stm32f4xx_hal_tim.o ABSOLUTE
    ..\\Libraries\\STM32F4xx_HAL_Driver\\Src\\stm32f4xx_hal_tim_ex.c 0x00000000   Number         0  stm32f4xx_hal_tim_ex.o ABSOLUTE
    ..\\Libraries\\STM32F4xx_HAL_Driver\\Src\\stm32f4xx_hal_uart.c 0x00000000   Number         0  stm32f4xx_hal_uart.o ABSOLUTE
    ..\\Libraries\\STM32F4xx_HAL_Driver\\Src\\stm32f4xx_hal_usart.c 0x00000000   Number         0  stm32f4xx_hal_usart.o ABSOLUTE
    ..\\Libraries\\STM32F4xx_HAL_Driver\\Src\\stm32f4xx_hal_wwdg.c 0x00000000   Number         0  stm32f4xx_hal_wwdg.o ABSOLUTE
    ..\\Libraries\\STM32F4xx_HAL_Driver\\Src\\stm32f4xx_ll_fsmc.c 0x00000000   Number         0  stm32f4xx_ll_fsmc.o ABSOLUTE
    ..\\Libraries\\STM32F4xx_HAL_Driver\\Src\\stm32f4xx_ll_sdmmc.c 0x00000000   Number         0  stm32f4xx_ll_sdmmc.o ABSOLUTE
    ..\\Libraries\\STM32F4xx_HAL_Driver\\Src\\stm32f4xx_ll_usb.c 0x00000000   Number         0  stm32f4xx_ll_usb.o ABSOLUTE
    ..\\LiteOS\\arch\\arm\\arm-m\\src\\los_hw.c 0x00000000   Number         0  los_hw.o ABSOLUTE
    ..\\LiteOS\\arch\\arm\\arm-m\\src\\los_hw_tick.c 0x00000000   Number         0  los_hw_tick.o ABSOLUTE
    ..\\LiteOS\\arch\\arm\\arm-m\\src\\los_hwi.c 0x00000000   Number         0  los_hwi.o ABSOLUTE
    ..\\LiteOS\\cmsis\\cmsis_liteos.c        0x00000000   Number         0  cmsis_liteos.o ABSOLUTE
    ..\\LiteOS\\kernel\\base\\core\\los_priqueue.c 0x00000000   Number         0  los_priqueue.o ABSOLUTE
    ..\\LiteOS\\kernel\\base\\core\\los_swtmr.c 0x00000000   Number         0  los_swtmr.o ABSOLUTE
    ..\\LiteOS\\kernel\\base\\core\\los_sys.c 0x00000000   Number         0  los_sys.o ABSOLUTE
    ..\\LiteOS\\kernel\\base\\core\\los_task.c 0x00000000   Number         0  los_task.o ABSOLUTE
    ..\\LiteOS\\kernel\\base\\core\\los_tick.c 0x00000000   Number         0  los_tick.o ABSOLUTE
    ..\\LiteOS\\kernel\\base\\core\\los_timeslice.c 0x00000000   Number         0  los_timeslice.o ABSOLUTE
    ..\\LiteOS\\kernel\\base\\ipc\\los_event.c 0x00000000   Number         0  los_event.o ABSOLUTE
    ..\\LiteOS\\kernel\\base\\ipc\\los_mux.c 0x00000000   Number         0  los_mux.o ABSOLUTE
    ..\\LiteOS\\kernel\\base\\ipc\\los_queue.c 0x00000000   Number         0  los_queue.o ABSOLUTE
    ..\\LiteOS\\kernel\\base\\ipc\\los_sem.c 0x00000000   Number         0  los_sem.o ABSOLUTE
    ..\\LiteOS\\kernel\\base\\mem\\bestfit_little\\los_heap.c 0x00000000   Number         0  los_heap.o ABSOLUTE
    ..\\LiteOS\\kernel\\base\\mem\\bestfit_little\\los_membox.c 0x00000000   Number         0  los_membox.o ABSOLUTE
    ..\\LiteOS\\kernel\\base\\mem\\bestfit_little\\los_memcheck.c 0x00000000   Number         0  los_memcheck.o ABSOLUTE
    ..\\LiteOS\\kernel\\base\\mem\\bestfit_little\\los_memory.c 0x00000000   Number         0  los_memory.o ABSOLUTE
    ..\\LiteOS\\kernel\\base\\mem\\common\\los_memstat.c 0x00000000   Number         0  los_memstat.o ABSOLUTE
    ..\\LiteOS\\kernel\\base\\mem\\common\\los_slab.c 0x00000000   Number         0  los_slab.o ABSOLUTE
    ..\\LiteOS\\kernel\\base\\mem\\common\\los_slabmem.c 0x00000000   Number         0  los_slabmem.o ABSOLUTE
    ..\\LiteOS\\kernel\\base\\misc\\los_misc.c 0x00000000   Number         0  los_misc.o ABSOLUTE
    ..\\LiteOS\\kernel\\base\\om\\los_err.c  0x00000000   Number         0  los_err.o ABSOLUTE
    ..\\LiteOS\\kernel\\los_init.c           0x00000000   Number         0  los_init.o ABSOLUTE
    ..\\User\\board.c                        0x00000000   Number         0  board.o ABSOLUTE
    ..\\User\\core_delay.c                   0x00000000   Number         0  core_delay.o ABSOLUTE
    ..\\User\\led\\bsp_led.c                 0x00000000   Number         0  bsp_led.o ABSOLUTE
    ..\\User\\main.c                         0x00000000   Number         0  main.o ABSOLUTE
    ..\\User\\stm32f4xx_it.c                 0x00000000   Number         0  stm32f4xx_it.o ABSOLUTE
    ..\\User\\usart\\bsp_debug_usart.c       0x00000000   Number         0  bsp_debug_usart.o ABSOLUTE
    cdrcmple.s                               0x00000000   Number         0  cdrcmple.o ABSOLUTE
    dc.s                                     0x00000000   Number         0  dc.o ABSOLUTE
    handlers.s                               0x00000000   Number         0  handlers.o ABSOLUTE
    init.s                                   0x00000000   Number         0  init.o ABSOLUTE
    RESET                                    0x08000000   Section      392  startup_stm32f407xx.o(RESET)
    .ARM.Collect$$$$00000000                 0x08000188   Section        0  entry.o(.ARM.Collect$$$$00000000)
    .ARM.Collect$$$$00000001                 0x08000188   Section        4  entry2.o(.ARM.Collect$$$$00000001)
    .ARM.Collect$$$$00000004                 0x0800018c   Section        4  entry5.o(.ARM.Collect$$$$00000004)
    .ARM.Collect$$$$00000008                 0x08000190   Section        0  entry7b.o(.ARM.Collect$$$$00000008)
    .ARM.Collect$$$$0000000A                 0x08000190   Section        0  entry8b.o(.ARM.Collect$$$$0000000A)
    .ARM.Collect$$$$0000000B                 0x08000190   Section        8  entry9a.o(.ARM.Collect$$$$0000000B)
    .ARM.Collect$$$$0000000E                 0x08000198   Section        4  entry12b.o(.ARM.Collect$$$$0000000E)
    .ARM.Collect$$$$0000000F                 0x0800019c   Section        0  entry10a.o(.ARM.Collect$$$$0000000F)
    .ARM.Collect$$$$00000011                 0x0800019c   Section        0  entry11a.o(.ARM.Collect$$$$00000011)
    .ARM.Collect$$$$00002712                 0x0800019c   Section        4  entry2.o(.ARM.Collect$$$$00002712)
    __lit__00000000                          0x0800019c   Data           4  entry2.o(.ARM.Collect$$$$00002712)
    .text                                    0x080001a0   Section       36  startup_stm32f407xx.o(.text)
    $v0                                      0x080001a0   Number         0  startup_stm32f407xx.o(.text)
    .text                                    0x080001c4   Section      228  los_dispatch_keil.o(.text)
    $v0                                      0x080001c4   Number         0  los_dispatch_keil.o(.text)
    .text                                    0x080002a8   Section        0  uldiv.o(.text)
    .text                                    0x0800030a   Section        0  memcpya.o(.text)
    .text                                    0x0800032e   Section        0  memseta.o(.text)
    .text                                    0x08000352   Section        0  llshl.o(.text)
    .text                                    0x08000370   Section        0  llushr.o(.text)
    .text                                    0x08000390   Section       36  init.o(.text)
    i.AppTaskCreate                          0x080003b4   Section        0  main.o(i.AppTaskCreate)
    AppTaskCreate                            0x080003b5   Thumb Code    28  main.o(i.AppTaskCreate)
    i.BSP_Init                               0x080003f8   Section        0  board.o(i.BSP_Init)
    i.BusFault_Handler                       0x08000408   Section        0  stm32f4xx_it.o(i.BusFault_Handler)
    i.Creat_Test1_Task                       0x0800040c   Section        0  main.o(i.Creat_Test1_Task)
    Creat_Test1_Task                         0x0800040d   Thumb Code    42  main.o(i.Creat_Test1_Task)
    i.DEBUG_USART_Config                     0x0800044c   Section        0  bsp_debug_usart.o(i.DEBUG_USART_Config)
    i.DebugMon_Handler                       0x08000488   Section        0  stm32f4xx_it.o(i.DebugMon_Handler)
    i.EXTI0_IRQHandler                       0x0800048a   Section        0  stm32f4xx_it.o(i.EXTI0_IRQHandler)
    i.HAL_GPIO_Init                          0x0800048c   Section        0  stm32f4xx_hal_gpio.o(i.HAL_GPIO_Init)
    i.HAL_GetREVID                           0x08000660   Section        0  stm32f4xx_hal.o(i.HAL_GetREVID)
    i.HAL_GetTick                            0x0800066c   Section        0  core_delay.o(i.HAL_GetTick)
    i.HAL_InitTick                           0x08000688   Section        0  core_delay.o(i.HAL_InitTick)
    i.HAL_NVIC_EnableIRQ                     0x080006b4   Section        0  stm32f4xx_hal_cortex.o(i.HAL_NVIC_EnableIRQ)
    i.HAL_NVIC_SetPriority                   0x080006ce   Section        0  stm32f4xx_hal_cortex.o(i.HAL_NVIC_SetPriority)
    i.HAL_RCC_ClockConfig                    0x0800074c   Section        0  stm32f4xx_hal_rcc.o(i.HAL_RCC_ClockConfig)
    i.HAL_RCC_GetHCLKFreq                    0x080008cc   Section        0  stm32f4xx_hal_rcc.o(i.HAL_RCC_GetHCLKFreq)
    i.HAL_RCC_GetPCLK1Freq                   0x080008d8   Section        0  stm32f4xx_hal_rcc.o(i.HAL_RCC_GetPCLK1Freq)
    i.HAL_RCC_GetPCLK2Freq                   0x080008f8   Section        0  stm32f4xx_hal_rcc.o(i.HAL_RCC_GetPCLK2Freq)
    i.HAL_RCC_GetSysClockFreq                0x08000918   Section        0  stm32f4xx_hal_rcc.o(i.HAL_RCC_GetSysClockFreq)
    i.HAL_RCC_OscConfig                      0x080009c8   Section        0  stm32f4xx_hal_rcc.o(i.HAL_RCC_OscConfig)
    i.HAL_UART_Init                          0x08000e10   Section        0  stm32f4xx_hal_uart.o(i.HAL_UART_Init)
    i.HAL_UART_MspInit                       0x08000e84   Section        0  bsp_debug_usart.o(i.HAL_UART_MspInit)
    i.HAL_UART_Transmit                      0x08000f34   Section        0  stm32f4xx_hal_uart.o(i.HAL_UART_Transmit)
    i.HardFault_Handler                      0x0800100a   Section        0  stm32f4xx_it.o(i.HardFault_Handler)
    i.LED_GPIO_Config                        0x08001010   Section        0  bsp_led.o(i.LED_GPIO_Config)
    i.LOS_Align                              0x080010f0   Section        0  los_misc.o(i.LOS_Align)
    i.LOS_KernelInit                         0x0800110c   Section        0  los_init.o(i.LOS_KernelInit)
    i.LOS_ListAdd                            0x08001214   Section        0  los_task.o(i.LOS_ListAdd)
    LOS_ListAdd                              0x08001215   Thumb Code    14  los_task.o(i.LOS_ListAdd)
    i.LOS_ListAdd                            0x08001222   Section        0  los_queue.o(i.LOS_ListAdd)
    LOS_ListAdd                              0x08001223   Thumb Code    14  los_queue.o(i.LOS_ListAdd)
    i.LOS_ListAdd                            0x08001230   Section        0  los_sem.o(i.LOS_ListAdd)
    LOS_ListAdd                              0x08001231   Thumb Code    14  los_sem.o(i.LOS_ListAdd)
    i.LOS_ListDelete                         0x0800123e   Section        0  los_task.o(i.LOS_ListDelete)
    LOS_ListDelete                           0x0800123f   Thumb Code    20  los_task.o(i.LOS_ListDelete)
    i.LOS_ListEmpty                          0x08001252   Section        0  los_task.o(i.LOS_ListEmpty)
    LOS_ListEmpty                            0x08001253   Thumb Code    16  los_task.o(i.LOS_ListEmpty)
    i.LOS_ListEmpty                          0x08001262   Section        0  los_queue.o(i.LOS_ListEmpty)
    LOS_ListEmpty                            0x08001263   Thumb Code    16  los_queue.o(i.LOS_ListEmpty)
    i.LOS_ListInit                           0x08001272   Section        0  los_task.o(i.LOS_ListInit)
    LOS_ListInit                             0x08001273   Thumb Code     6  los_task.o(i.LOS_ListInit)
    i.LOS_ListInit                           0x08001278   Section        0  los_queue.o(i.LOS_ListInit)
    LOS_ListInit                             0x08001279   Thumb Code     6  los_queue.o(i.LOS_ListInit)
    i.LOS_ListInit                           0x0800127e   Section        0  los_sem.o(i.LOS_ListInit)
    LOS_ListInit                             0x0800127f   Thumb Code     6  los_sem.o(i.LOS_ListInit)
    i.LOS_ListTailInsert                     0x08001284   Section        0  los_task.o(i.LOS_ListTailInsert)
    LOS_ListTailInsert                       0x08001285   Thumb Code    16  los_task.o(i.LOS_ListTailInsert)
    i.LOS_MemAlloc                           0x08001294   Section        0  los_memory.o(i.LOS_MemAlloc)
    i.LOS_MemAllocAlign                      0x080012b2   Section        0  los_memory.o(i.LOS_MemAllocAlign)
    i.LOS_MemFree                            0x0800130c   Section        0  los_memory.o(i.LOS_MemFree)
    i.LOS_MemInit                            0x08001348   Section        0  los_memory.o(i.LOS_MemInit)
    i.LOS_QueueCreate                        0x08001434   Section        0  los_queue.o(i.LOS_QueueCreate)
    i.LOS_QueueReadCopy                      0x08001514   Section        0  los_queue.o(i.LOS_QueueReadCopy)
    i.LOS_QueueWriteCopy                     0x0800154a   Section        0  los_queue.o(i.LOS_QueueWriteCopy)
    i.LOS_Schedule                           0x08001580   Section        0  los_hw.o(i.LOS_Schedule)
    i.LOS_Start                              0x080015c0   Section        0  los_init.o(i.LOS_Start)
    i.LOS_TaskCreate                         0x08001604   Section        0  los_task.o(i.LOS_TaskCreate)
    i.LOS_TaskCreateOnly                     0x080016a0   Section        0  los_task.o(i.LOS_TaskCreateOnly)
    i.LOS_TaskDelay                          0x08001828   Section        0  los_task.o(i.LOS_TaskDelay)
    i.LOS_TaskDelete                         0x080018a4   Section        0  los_task.o(i.LOS_TaskDelete)
    i.LOS_TaskYield                          0x08001a1c   Section        0  los_task.o(i.LOS_TaskYield)
    i.LOS_TickCountGet                       0x08001ab0   Section        0  los_sys.o(i.LOS_TickCountGet)
    i.MemManage_Handler                      0x08001abc   Section        0  stm32f4xx_it.o(i.MemManage_Handler)
    i.NMI_Handler                            0x08001ac0   Section        0  stm32f4xx_it.o(i.NMI_Handler)
    i.NVIC_GetPriorityGrouping               0x08001ac4   Section        0  stm32f4xx_hal_cortex.o(i.NVIC_GetPriorityGrouping)
    NVIC_GetPriorityGrouping                 0x08001ac5   Thumb Code    10  stm32f4xx_hal_cortex.o(i.NVIC_GetPriorityGrouping)
    i.NVIC_SetPriority                       0x08001ad4   Section        0  stm32f4xx_hal_cortex.o(i.NVIC_SetPriority)
    NVIC_SetPriority                         0x08001ad5   Thumb Code    32  stm32f4xx_hal_cortex.o(i.NVIC_SetPriority)
    i.PendSV_Handler                         0x08001afc   Section        0  los_hwi.o(i.PendSV_Handler)
    i.SVC_Handler                            0x08001b04   Section        0  stm32f4xx_it.o(i.SVC_Handler)
    i.SysTick_Handler                        0x08001b06   Section        0  los_hwi.o(i.SysTick_Handler)
    i.SystemClock_Config                     0x08001b10   Section        0  board.o(i.SystemClock_Config)
    SystemClock_Config                       0x08001b11   Thumb Code   180  board.o(i.SystemClock_Config)
    i.SystemInit                             0x08001bd0   Section        0  system_stm32f4xx.o(i.SystemInit)
    i.Test1_Task                             0x08001c34   Section        0  main.o(i.Test1_Task)
    Test1_Task                               0x08001c35   Thumb Code   124  main.o(i.Test1_Task)
    i.UART_SetConfig                         0x08001cb8   Section        0  stm32f4xx_hal_uart.o(i.UART_SetConfig)
    UART_SetConfig                           0x08001cb9   Thumb Code   864  stm32f4xx_hal_uart.o(i.UART_SetConfig)
    i.UART_WaitOnFlagUntilTimeout            0x08002020   Section        0  stm32f4xx_hal_uart.o(i.UART_WaitOnFlagUntilTimeout)
    UART_WaitOnFlagUntilTimeout              0x08002021   Thumb Code   108  stm32f4xx_hal_uart.o(i.UART_WaitOnFlagUntilTimeout)
    i.UsageFault_Handler                     0x0800208c   Section        0  stm32f4xx_it.o(i.UsageFault_Handler)
    i.__0printf$8                            0x08002090   Section        0  printf8.o(i.__0printf$8)
    i.__scatterload_copy                     0x080020b0   Section       14  handlers.o(i.__scatterload_copy)
    i.__scatterload_null                     0x080020be   Section        2  handlers.o(i.__scatterload_null)
    i.__scatterload_zeroinit                 0x080020c0   Section       14  handlers.o(i.__scatterload_zeroinit)
    i._printf_core                           0x080020d0   Section        0  printf8.o(i._printf_core)
    _printf_core                             0x080020d1   Thumb Code   984  printf8.o(i._printf_core)
    i._printf_post_padding                   0x080024d4   Section        0  printf8.o(i._printf_post_padding)
    _printf_post_padding                     0x080024d5   Thumb Code    36  printf8.o(i._printf_post_padding)
    i._printf_pre_padding                    0x080024f8   Section        0  printf8.o(i._printf_pre_padding)
    _printf_pre_padding                      0x080024f9   Thumb Code    46  printf8.o(i._printf_pre_padding)
    i.fputc                                  0x08002528   Section        0  bsp_debug_usart.o(i.fputc)
    i.main                                   0x08002544   Section        0  main.o(i.main)
    i.osAlarmHeapInfo                        0x080025dc   Section        0  los_heap.o(i.osAlarmHeapInfo)
    i.osHeapAlloc                            0x08002600   Section        0  los_heap.o(i.osHeapAlloc)
    i.osHeapFree                             0x08002774   Section        0  los_heap.o(i.osHeapFree)
    i.osHeapInit                             0x080028a8   Section        0  los_heap.o(i.osHeapInit)
    i.osHeapPrvGetNext                       0x080028ec   Section        0  los_heap.o(i.osHeapPrvGetNext)
    i.osHeapStatisticsGet                    0x08002908   Section        0  los_heap.o(i.osHeapStatisticsGet)
    i.osIdleTask                             0x0800296c   Section        0  los_task.o(i.osIdleTask)
    i.osIdleTaskCreate                       0x08002970   Section        0  los_task.o(i.osIdleTaskCreate)
    i.osIntNumGet                            0x080029bc   Section        0  los_hwi.o(i.osIntNumGet)
    i.osMemSystemInit                        0x080029c4   Section        0  los_memory.o(i.osMemSystemInit)
    i.osPriqueueDequeue                      0x080029e0   Section        0  los_priqueue.o(i.osPriqueueDequeue)
    i.osPriqueueEnqueue                      0x080029f8   Section        0  los_priqueue.o(i.osPriqueueEnqueue)
    i.osPriqueueInit                         0x08002a1c   Section        0  los_priqueue.o(i.osPriqueueInit)
    i.osPriqueueSize                         0x08002a64   Section        0  los_priqueue.o(i.osPriqueueSize)
    i.osPriqueueTop                          0x08002a8c   Section        0  los_priqueue.o(i.osPriqueueTop)
    i.osQueueBufferOperate                   0x08002ac8   Section        0  los_queue.o(i.osQueueBufferOperate)
    osQueueBufferOperate                     0x08002ac9   Thumb Code   198  los_queue.o(i.osQueueBufferOperate)
    i.osQueueInit                            0x08002bb8   Section        0  los_queue.o(i.osQueueInit)
    i.osQueueOperate                         0x08002c28   Section        0  los_queue.o(i.osQueueOperate)
    i.osQueueReadParameterCheck              0x08002db0   Section        0  los_queue.o(i.osQueueReadParameterCheck)
    osQueueReadParameterCheck                0x08002db1   Thumb Code    60  los_queue.o(i.osQueueReadParameterCheck)
    i.osQueueWriteParameterCheck             0x08002df0   Section        0  los_queue.o(i.osQueueWriteParameterCheck)
    osQueueWriteParameterCheck               0x08002df1   Thumb Code    58  los_queue.o(i.osQueueWriteParameterCheck)
    i.osRegister                             0x08002e30   Section        0  los_init.o(i.osRegister)
    osRegister                               0x08002e31   Thumb Code     8  los_init.o(i.osRegister)
    i.osSchedule                             0x08002e3c   Section        0  los_hw.o(i.osSchedule)
    i.osSemInit                              0x08002e44   Section        0  los_sem.o(i.osSemInit)
    i.osSwTmrInit                            0x08002ea4   Section        0  los_swtmr.o(i.osSwTmrInit)
    i.osSwTmrStart                           0x08002f38   Section        0  los_swtmr.o(i.osSwTmrStart)
    i.osSwTmrTask                            0x08002f84   Section        0  los_swtmr.o(i.osSwTmrTask)
    i.osSwTmrTaskCreate                      0x08002fc8   Section        0  los_swtmr.o(i.osSwTmrTaskCreate)
    i.osSwTmrTimeoutHandle                   0x0800300c   Section        0  los_swtmr.o(i.osSwTmrTimeoutHandle)
    osSwTmrTimeoutHandle                     0x0800300d   Thumb Code   120  los_swtmr.o(i.osSwTmrTimeoutHandle)
    i.osSwtmrDelete                          0x0800308c   Section        0  los_swtmr.o(i.osSwtmrDelete)
    osSwtmrDelete                            0x0800308d   Thumb Code    16  los_swtmr.o(i.osSwtmrDelete)
    i.osSwtmrScan                            0x080030a0   Section        0  los_swtmr.o(i.osSwtmrScan)
    i.osTaskAdd2TimerList                    0x080030c4   Section        0  los_task.o(i.osTaskAdd2TimerList)
    i.osTaskEntry                            0x08003184   Section        0  los_task.o(i.osTaskEntry)
    i.osTaskExit                             0x080031b4   Section        0  los_hw.o(i.osTaskExit)
    i.osTaskInit                             0x080031bc   Section        0  los_task.o(i.osTaskInit)
    i.osTaskMonInit                          0x080032e4   Section        0  los_task.o(i.osTaskMonInit)
    i.osTaskScan                             0x08003314   Section        0  los_task.o(i.osTaskScan)
    i.osTaskSwitchCheck                      0x080033f0   Section        0  los_task.o(i.osTaskSwitchCheck)
    i.osTaskWait                             0x08003574   Section        0  los_task.o(i.osTaskWait)
    i.osTaskWake                             0x080035c0   Section        0  los_task.o(i.osTaskWake)
    i.osTickHandler                          0x08003608   Section        0  los_tick.o(i.osTickHandler)
    i.osTickStart                            0x0800362c   Section        0  los_hw_tick.o(i.osTickStart)
    i.osTimerListDelete                      0x080036d4   Section        0  los_task.o(i.osTimerListDelete)
    i.osTskStackInit                         0x0800371c   Section        0  los_hw.o(i.osTskStackInit)
    .constdata                               0x0800385c   Section       24  system_stm32f4xx.o(.constdata)
    .conststring                             0x08003874   Section       68  main.o(.conststring)
    .data                                    0x20000000   Section        4  system_stm32f4xx.o(.data)
    .data                                    0x20000004   Section        4  main.o(.data)
    .data                                    0x20000008   Section        4  los_priqueue.o(.data)
    .data                                    0x2000000c   Section       16  los_swtmr.o(.data)
    .data                                    0x2000001c   Section       72  los_task.o(.data)
    .data                                    0x20000068   Section       24  los_tick.o(.data)
    .data                                    0x20000080   Section       12  los_queue.o(.data)
    .data                                    0x2000008c   Section       12  los_sem.o(.data)
    .data                                    0x20000098   Section       16  los_heap.o(.data)
    g_uwAllocCount                           0x20000098   Data           4  los_heap.o(.data)
    g_uwFreeCount                            0x2000009c   Data           4  los_heap.o(.data)
    g_uwCurHeapUsed                          0x200000a0   Data           4  los_heap.o(.data)
    g_uwMaxHeapUsed                          0x200000a4   Data           4  los_heap.o(.data)
    .data                                    0x200000a8   Section        4  los_memory.o(.data)
    .data                                    0x200000ac   Section        4  los_init.o(.data)
    .data                                    0x200000b0   Section        4  stdout.o(.data)
    .bss                                     0x200000b4   Section       64  bsp_debug_usart.o(.bss)
    .bss                                     0x200000f4   Section      342  los_task.o(.bss)
    STACK                                    0x20000250   Section     1024  startup_stm32f407xx.o(STACK)

    Global Symbols

    Symbol Name                              Value     Ov Type        Size  Object(Section)

    BuildAttributes$$THM_ISAv4$E$P$D$K$B$S$7EM$VFPi3$EXTD16$VFPS$VFMA$PE$A:L22UL41UL21$X:L11$S22US41US21$IEEE1$IW$USESV6$~STKCKD$USESV7$~SHL$OSPACE$ROPI$EBA8$MICROLIB$REQ8$PRES8$EABIv2 0x00000000   Number         0  anon$$obj.o ABSOLUTE
    __ARM_use_no_argv                        0x00000000   Number         0  main.o ABSOLUTE
    _printf_a                                0x00000000   Number         0  stubs.o ABSOLUTE
    _printf_c                                0x00000000   Number         0  stubs.o ABSOLUTE
    _printf_charcount                        0x00000000   Number         0  stubs.o ABSOLUTE
    _printf_d                                0x00000000   Number         0  stubs.o ABSOLUTE
    _printf_e                                0x00000000   Number         0  stubs.o ABSOLUTE
    _printf_f                                0x00000000   Number         0  stubs.o ABSOLUTE
    _printf_flags                            0x00000000   Number         0  stubs.o ABSOLUTE
    _printf_fp_dec                           0x00000000   Number         0  stubs.o ABSOLUTE
    _printf_fp_hex                           0x00000000   Number         0  stubs.o ABSOLUTE
    _printf_g                                0x00000000   Number         0  stubs.o ABSOLUTE
    _printf_i                                0x00000000   Number         0  stubs.o ABSOLUTE
    _printf_int_dec                          0x00000000   Number         0  stubs.o ABSOLUTE
    _printf_l                                0x00000000   Number         0  stubs.o ABSOLUTE
    _printf_lc                               0x00000000   Number         0  stubs.o ABSOLUTE
    _printf_ll                               0x00000000   Number         0  stubs.o ABSOLUTE
    _printf_lld                              0x00000000   Number         0  stubs.o ABSOLUTE
    _printf_lli                              0x00000000   Number         0  stubs.o ABSOLUTE
    _printf_llo                              0x00000000   Number         0  stubs.o ABSOLUTE
    _printf_llu                              0x00000000   Number         0  stubs.o ABSOLUTE
    _printf_llx                              0x00000000   Number         0  stubs.o ABSOLUTE
    _printf_longlong_dec                     0x00000000   Number         0  stubs.o ABSOLUTE
    _printf_longlong_hex                     0x00000000   Number         0  stubs.o ABSOLUTE
    _printf_longlong_oct                     0x00000000   Number         0  stubs.o ABSOLUTE
    _printf_ls                               0x00000000   Number         0  stubs.o ABSOLUTE
    _printf_mbtowc                           0x00000000   Number         0  stubs.o ABSOLUTE
    _printf_n                                0x00000000   Number         0  stubs.o ABSOLUTE
    _printf_o                                0x00000000   Number         0  stubs.o ABSOLUTE
    _printf_p                                0x00000000   Number         0  stubs.o ABSOLUTE
    _printf_percent                          0x00000000   Number         0  stubs.o ABSOLUTE
    _printf_pre_padding                      0x00000000   Number         0  stubs.o ABSOLUTE
    _printf_return_value                     0x00000000   Number         0  stubs.o ABSOLUTE
    _printf_s                                0x00000000   Number         0  stubs.o ABSOLUTE
    _printf_sizespec                         0x00000000   Number         0  stubs.o ABSOLUTE
    _printf_str                              0x00000000   Number         0  stubs.o ABSOLUTE
    _printf_truncate_signed                  0x00000000   Number         0  stubs.o ABSOLUTE
    _printf_truncate_unsigned                0x00000000   Number         0  stubs.o ABSOLUTE
    _printf_u                                0x00000000   Number         0  stubs.o ABSOLUTE
    _printf_wc                               0x00000000   Number         0  stubs.o ABSOLUTE
    _printf_wctomb                           0x00000000   Number         0  stubs.o ABSOLUTE
    _printf_widthprec                        0x00000000   Number         0  stubs.o ABSOLUTE
    _printf_x                                0x00000000   Number         0  stubs.o ABSOLUTE
    __arm_fini_                               - Undefined Weak Reference
    __cpp_initialize__aeabi_                  - Undefined Weak Reference
    __cxa_finalize                            - Undefined Weak Reference
    __decompress                              - Undefined Weak Reference
    _clock_init                               - Undefined Weak Reference
    _microlib_exit                            - Undefined Weak Reference
    __Vectors_Size                           0x00000188   Number         0  startup_stm32f407xx.o ABSOLUTE
    __Vectors                                0x08000000   Data           4  startup_stm32f407xx.o(RESET)
    __Vectors_End                            0x08000188   Data           0  startup_stm32f407xx.o(RESET)
    __main                                   0x08000189   Thumb Code     0  entry.o(.ARM.Collect$$$$00000000)
    _main_stk                                0x08000189   Thumb Code     0  entry2.o(.ARM.Collect$$$$00000001)
    _main_scatterload                        0x0800018d   Thumb Code     0  entry5.o(.ARM.Collect$$$$00000004)
    __main_after_scatterload                 0x08000191   Thumb Code     0  entry5.o(.ARM.Collect$$$$00000004)
    _main_clock                              0x08000191   Thumb Code     0  entry7b.o(.ARM.Collect$$$$00000008)
    _main_cpp_init                           0x08000191   Thumb Code     0  entry8b.o(.ARM.Collect$$$$0000000A)
    _main_init                               0x08000191   Thumb Code     0  entry9a.o(.ARM.Collect$$$$0000000B)
    __rt_lib_shutdown_fini                   0x08000199   Thumb Code     0  entry12b.o(.ARM.Collect$$$$0000000E)
    __rt_final_cpp                           0x0800019d   Thumb Code     0  entry10a.o(.ARM.Collect$$$$0000000F)
    __rt_final_exit                          0x0800019d   Thumb Code     0  entry11a.o(.ARM.Collect$$$$00000011)
    Reset_Handler                            0x080001a1   Thumb Code     8  startup_stm32f407xx.o(.text)
    ADC_IRQHandler                           0x080001bb   Thumb Code     0  startup_stm32f407xx.o(.text)
    CAN1_RX0_IRQHandler                      0x080001bb   Thumb Code     0  startup_stm32f407xx.o(.text)
    CAN1_RX1_IRQHandler                      0x080001bb   Thumb Code     0  startup_stm32f407xx.o(.text)
    CAN1_SCE_IRQHandler                      0x080001bb   Thumb Code     0  startup_stm32f407xx.o(.text)
    CAN1_TX_IRQHandler                       0x080001bb   Thumb Code     0  startup_stm32f407xx.o(.text)
    CAN2_RX0_IRQHandler                      0x080001bb   Thumb Code     0  startup_stm32f407xx.o(.text)
    CAN2_RX1_IRQHandler                      0x080001bb   Thumb Code     0  startup_stm32f407xx.o(.text)
    CAN2_SCE_IRQHandler                      0x080001bb   Thumb Code     0  startup_stm32f407xx.o(.text)
    CAN2_TX_IRQHandler                       0x080001bb   Thumb Code     0  startup_stm32f407xx.o(.text)
    DCMI_IRQHandler                          0x080001bb   Thumb Code     0  startup_stm32f407xx.o(.text)
    DMA1_Stream0_IRQHandler                  0x080001bb   Thumb Code     0  startup_stm32f407xx.o(.text)
    DMA1_Stream1_IRQHandler                  0x080001bb   Thumb Code     0  startup_stm32f407xx.o(.text)
    DMA1_Stream2_IRQHandler                  0x080001bb   Thumb Code     0  startup_stm32f407xx.o(.text)
    DMA1_Stream3_IRQHandler                  0x080001bb   Thumb Code     0  startup_stm32f407xx.o(.text)
    DMA1_Stream4_IRQHandler                  0x080001bb   Thumb Code     0  startup_stm32f407xx.o(.text)
    DMA1_Stream5_IRQHandler                  0x080001bb   Thumb Code     0  startup_stm32f407xx.o(.text)
    DMA1_Stream6_IRQHandler                  0x080001bb   Thumb Code     0  startup_stm32f407xx.o(.text)
    DMA1_Stream7_IRQHandler                  0x080001bb   Thumb Code     0  startup_stm32f407xx.o(.text)
    DMA2_Stream0_IRQHandler                  0x080001bb   Thumb Code     0  startup_stm32f407xx.o(.text)
    DMA2_Stream1_IRQHandler                  0x080001bb   Thumb Code     0  startup_stm32f407xx.o(.text)
    DMA2_Stream2_IRQHandler                  0x080001bb   Thumb Code     0  startup_stm32f407xx.o(.text)
    DMA2_Stream3_IRQHandler                  0x080001bb   Thumb Code     0  startup_stm32f407xx.o(.text)
    DMA2_Stream4_IRQHandler                  0x080001bb   Thumb Code     0  startup_stm32f407xx.o(.text)
    DMA2_Stream5_IRQHandler                  0x080001bb   Thumb Code     0  startup_stm32f407xx.o(.text)
    DMA2_Stream6_IRQHandler                  0x080001bb   Thumb Code     0  startup_stm32f407xx.o(.text)
    DMA2_Stream7_IRQHandler                  0x080001bb   Thumb Code     0  startup_stm32f407xx.o(.text)
    ETH_IRQHandler                           0x080001bb   Thumb Code     0  startup_stm32f407xx.o(.text)
    ETH_WKUP_IRQHandler                      0x080001bb   Thumb Code     0  startup_stm32f407xx.o(.text)
    EXTI15_10_IRQHandler                     0x080001bb   Thumb Code     0  startup_stm32f407xx.o(.text)
    EXTI1_IRQHandler                         0x080001bb   Thumb Code     0  startup_stm32f407xx.o(.text)
    EXTI2_IRQHandler                         0x080001bb   Thumb Code     0  startup_stm32f407xx.o(.text)
    EXTI3_IRQHandler                         0x080001bb   Thumb Code     0  startup_stm32f407xx.o(.text)
    EXTI4_IRQHandler                         0x080001bb   Thumb Code     0  startup_stm32f407xx.o(.text)
    EXTI9_5_IRQHandler                       0x080001bb   Thumb Code     0  startup_stm32f407xx.o(.text)
    FLASH_IRQHandler                         0x080001bb   Thumb Code     0  startup_stm32f407xx.o(.text)
    FMC_IRQHandler                           0x080001bb   Thumb Code     0  startup_stm32f407xx.o(.text)
    FPU_IRQHandler                           0x080001bb   Thumb Code     0  startup_stm32f407xx.o(.text)
    HASH_RNG_IRQHandler                      0x080001bb   Thumb Code     0  startup_stm32f407xx.o(.text)
    I2C1_ER_IRQHandler                       0x080001bb   Thumb Code     0  startup_stm32f407xx.o(.text)
    I2C1_EV_IRQHandler                       0x080001bb   Thumb Code     0  startup_stm32f407xx.o(.text)
    I2C2_ER_IRQHandler                       0x080001bb   Thumb Code     0  startup_stm32f407xx.o(.text)
    I2C2_EV_IRQHandler                       0x080001bb   Thumb Code     0  startup_stm32f407xx.o(.text)
    I2C3_ER_IRQHandler                       0x080001bb   Thumb Code     0  startup_stm32f407xx.o(.text)
    I2C3_EV_IRQHandler                       0x080001bb   Thumb Code     0  startup_stm32f407xx.o(.text)
    OTG_FS_IRQHandler                        0x080001bb   Thumb Code     0  startup_stm32f407xx.o(.text)
    OTG_FS_WKUP_IRQHandler                   0x080001bb   Thumb Code     0  startup_stm32f407xx.o(.text)
    OTG_HS_EP1_IN_IRQHandler                 0x080001bb   Thumb Code     0  startup_stm32f407xx.o(.text)
    OTG_HS_EP1_OUT_IRQHandler                0x080001bb   Thumb Code     0  startup_stm32f407xx.o(.text)
    OTG_HS_IRQHandler                        0x080001bb   Thumb Code     0  startup_stm32f407xx.o(.text)
    OTG_HS_WKUP_IRQHandler                   0x080001bb   Thumb Code     0  startup_stm32f407xx.o(.text)
    PVD_IRQHandler                           0x080001bb   Thumb Code     0  startup_stm32f407xx.o(.text)
    RCC_IRQHandler                           0x080001bb   Thumb Code     0  startup_stm32f407xx.o(.text)
    RTC_Alarm_IRQHandler                     0x080001bb   Thumb Code     0  startup_stm32f407xx.o(.text)
    RTC_WKUP_IRQHandler                      0x080001bb   Thumb Code     0  startup_stm32f407xx.o(.text)
    SDIO_IRQHandler                          0x080001bb   Thumb Code     0  startup_stm32f407xx.o(.text)
    SPI1_IRQHandler                          0x080001bb   Thumb Code     0  startup_stm32f407xx.o(.text)
    SPI2_IRQHandler                          0x080001bb   Thumb Code     0  startup_stm32f407xx.o(.text)
    SPI3_IRQHandler                          0x080001bb   Thumb Code     0  startup_stm32f407xx.o(.text)
    TAMP_STAMP_IRQHandler                    0x080001bb   Thumb Code     0  startup_stm32f407xx.o(.text)
    TIM1_BRK_TIM9_IRQHandler                 0x080001bb   Thumb Code     0  startup_stm32f407xx.o(.text)
    TIM1_CC_IRQHandler                       0x080001bb   Thumb Code     0  startup_stm32f407xx.o(.text)
    TIM1_TRG_COM_TIM11_IRQHandler            0x080001bb   Thumb Code     0  startup_stm32f407xx.o(.text)
    TIM1_UP_TIM10_IRQHandler                 0x080001bb   Thumb Code     0  startup_stm32f407xx.o(.text)
    TIM2_IRQHandler                          0x080001bb   Thumb Code     0  startup_stm32f407xx.o(.text)
    TIM3_IRQHandler                          0x080001bb   Thumb Code     0  startup_stm32f407xx.o(.text)
    TIM4_IRQHandler                          0x080001bb   Thumb Code     0  startup_stm32f407xx.o(.text)
    TIM5_IRQHandler                          0x080001bb   Thumb Code     0  startup_stm32f407xx.o(.text)
    TIM6_DAC_IRQHandler                      0x080001bb   Thumb Code     0  startup_stm32f407xx.o(.text)
    TIM7_IRQHandler                          0x080001bb   Thumb Code     0  startup_stm32f407xx.o(.text)
    TIM8_BRK_TIM12_IRQHandler                0x080001bb   Thumb Code     0  startup_stm32f407xx.o(.text)
    TIM8_CC_IRQHandler                       0x080001bb   Thumb Code     0  startup_stm32f407xx.o(.text)
    TIM8_TRG_COM_TIM14_IRQHandler            0x080001bb   Thumb Code     0  startup_stm32f407xx.o(.text)
    TIM8_UP_TIM13_IRQHandler                 0x080001bb   Thumb Code     0  startup_stm32f407xx.o(.text)
    UART4_IRQHandler                         0x080001bb   Thumb Code     0  startup_stm32f407xx.o(.text)
    UART5_IRQHandler                         0x080001bb   Thumb Code     0  startup_stm32f407xx.o(.text)
    USART1_IRQHandler                        0x080001bb   Thumb Code     0  startup_stm32f407xx.o(.text)
    USART2_IRQHandler                        0x080001bb   Thumb Code     0  startup_stm32f407xx.o(.text)
    USART3_IRQHandler                        0x080001bb   Thumb Code     0  startup_stm32f407xx.o(.text)
    USART6_IRQHandler                        0x080001bb   Thumb Code     0  startup_stm32f407xx.o(.text)
    WWDG_IRQHandler                          0x080001bb   Thumb Code     0  startup_stm32f407xx.o(.text)
    LOS_StartToRun                           0x080001c5   Thumb Code     0  los_dispatch_keil.o(.text)
    LOS_IntLock                              0x08000215   Thumb Code     0  los_dispatch_keil.o(.text)
    LOS_IntUnLock                            0x0800021d   Thumb Code     0  los_dispatch_keil.o(.text)
    LOS_IntRestore                           0x08000225   Thumb Code     0  los_dispatch_keil.o(.text)
    osTaskSchedule                           0x0800022b   Thumb Code     0  los_dispatch_keil.o(.text)
    osPendSV                                 0x08000235   Thumb Code     0  los_dispatch_keil.o(.text)
    __aeabi_uldivmod                         0x080002a9   Thumb Code    98  uldiv.o(.text)
    __aeabi_memcpy                           0x0800030b   Thumb Code    36  memcpya.o(.text)
    __aeabi_memcpy4                          0x0800030b   Thumb Code     0  memcpya.o(.text)
    __aeabi_memcpy8                          0x0800030b   Thumb Code     0  memcpya.o(.text)
    __aeabi_memset                           0x0800032f   Thumb Code    14  memseta.o(.text)
    __aeabi_memset4                          0x0800032f   Thumb Code     0  memseta.o(.text)
    __aeabi_memset8                          0x0800032f   Thumb Code     0  memseta.o(.text)
    __aeabi_memclr                           0x0800033d   Thumb Code     4  memseta.o(.text)
    __aeabi_memclr4                          0x0800033d   Thumb Code     0  memseta.o(.text)
    __aeabi_memclr8                          0x0800033d   Thumb Code     0  memseta.o(.text)
    _memset$wrapper                          0x08000341   Thumb Code    18  memseta.o(.text)
    __aeabi_llsl                             0x08000353   Thumb Code    30  llshl.o(.text)
    _ll_shift_l                              0x08000353   Thumb Code     0  llshl.o(.text)
    __aeabi_llsr                             0x08000371   Thumb Code    32  llushr.o(.text)
    _ll_ushift_r                             0x08000371   Thumb Code     0  llushr.o(.text)
    __scatterload                            0x08000391   Thumb Code    28  init.o(.text)
    __scatterload_rt2                        0x08000391   Thumb Code     0  init.o(.text)
    BSP_Init                                 0x080003f9   Thumb Code    16  board.o(i.BSP_Init)
    BusFault_Handler                         0x08000409   Thumb Code     4  stm32f4xx_it.o(i.BusFault_Handler)
    DEBUG_USART_Config                       0x0800044d   Thumb Code    52  bsp_debug_usart.o(i.DEBUG_USART_Config)
    DebugMon_Handler                         0x08000489   Thumb Code     2  stm32f4xx_it.o(i.DebugMon_Handler)
    EXTI0_IRQHandler                         0x0800048b   Thumb Code     2  stm32f4xx_it.o(i.EXTI0_IRQHandler)
    HAL_GPIO_Init                            0x0800048d   Thumb Code   436  stm32f4xx_hal_gpio.o(i.HAL_GPIO_Init)
    HAL_GetREVID                             0x08000661   Thumb Code     8  stm32f4xx_hal.o(i.HAL_GetREVID)
    HAL_GetTick                              0x0800066d   Thumb Code    18  core_delay.o(i.HAL_GetTick)
    HAL_InitTick                             0x08000689   Thumb Code    34  core_delay.o(i.HAL_InitTick)
    HAL_NVIC_EnableIRQ                       0x080006b5   Thumb Code    26  stm32f4xx_hal_cortex.o(i.HAL_NVIC_EnableIRQ)
    HAL_NVIC_SetPriority                     0x080006cf   Thumb Code   124  stm32f4xx_hal_cortex.o(i.HAL_NVIC_SetPriority)
    HAL_RCC_ClockConfig                      0x0800074d   Thumb Code   366  stm32f4xx_hal_rcc.o(i.HAL_RCC_ClockConfig)
    HAL_RCC_GetHCLKFreq                      0x080008cd   Thumb Code     6  stm32f4xx_hal_rcc.o(i.HAL_RCC_GetHCLKFreq)
    HAL_RCC_GetPCLK1Freq                     0x080008d9   Thumb Code    22  stm32f4xx_hal_rcc.o(i.HAL_RCC_GetPCLK1Freq)
    HAL_RCC_GetPCLK2Freq                     0x080008f9   Thumb Code    22  stm32f4xx_hal_rcc.o(i.HAL_RCC_GetPCLK2Freq)
    HAL_RCC_GetSysClockFreq                  0x08000919   Thumb Code   162  stm32f4xx_hal_rcc.o(i.HAL_RCC_GetSysClockFreq)
    HAL_RCC_OscConfig                        0x080009c9   Thumb Code  1086  stm32f4xx_hal_rcc.o(i.HAL_RCC_OscConfig)
    HAL_UART_Init                            0x08000e11   Thumb Code   114  stm32f4xx_hal_uart.o(i.HAL_UART_Init)
    HAL_UART_MspInit                         0x08000e85   Thumb Code   168  bsp_debug_usart.o(i.HAL_UART_MspInit)
    HAL_UART_Transmit                        0x08000f35   Thumb Code   214  stm32f4xx_hal_uart.o(i.HAL_UART_Transmit)
    HardFault_Handler                        0x0800100b   Thumb Code     4  stm32f4xx_it.o(i.HardFault_Handler)
    LED_GPIO_Config                          0x08001011   Thumb Code   214  bsp_led.o(i.LED_GPIO_Config)
    LOS_Align                                0x080010f1   Thumb Code    28  los_misc.o(i.LOS_Align)
    LOS_KernelInit                           0x0800110d   Thumb Code   158  los_init.o(i.LOS_KernelInit)
    LOS_MemAlloc                             0x08001295   Thumb Code    30  los_memory.o(i.LOS_MemAlloc)
    LOS_MemAllocAlign                        0x080012b3   Thumb Code    90  los_memory.o(i.LOS_MemAllocAlign)
    LOS_MemFree                              0x0800130d   Thumb Code    58  los_memory.o(i.LOS_MemFree)
    LOS_MemInit                              0x08001349   Thumb Code   176  los_memory.o(i.LOS_MemInit)
    LOS_QueueCreate                          0x08001435   Thumb Code   210  los_queue.o(i.LOS_QueueCreate)
    LOS_QueueReadCopy                        0x08001515   Thumb Code    54  los_queue.o(i.LOS_QueueReadCopy)
    LOS_QueueWriteCopy                       0x0800154b   Thumb Code    54  los_queue.o(i.LOS_QueueWriteCopy)
    LOS_Schedule                             0x08001581   Thumb Code    56  los_hw.o(i.LOS_Schedule)
    LOS_Start                                0x080015c1   Thumb Code    38  los_init.o(i.LOS_Start)
    LOS_TaskCreate                           0x08001605   Thumb Code   140  los_task.o(i.LOS_TaskCreate)
    LOS_TaskCreateOnly                       0x080016a1   Thumb Code   358  los_task.o(i.LOS_TaskCreateOnly)
    LOS_TaskDelay                            0x08001829   Thumb Code   106  los_task.o(i.LOS_TaskDelay)
    LOS_TaskDelete                           0x080018a5   Thumb Code   336  los_task.o(i.LOS_TaskDelete)
    LOS_TaskYield                            0x08001a1d   Thumb Code   134  los_task.o(i.LOS_TaskYield)
    LOS_TickCountGet                         0x08001ab1   Thumb Code     6  los_sys.o(i.LOS_TickCountGet)
    MemManage_Handler                        0x08001abd   Thumb Code     4  stm32f4xx_it.o(i.MemManage_Handler)
    NMI_Handler                              0x08001ac1   Thumb Code     2  stm32f4xx_it.o(i.NMI_Handler)
    PendSV_Handler                           0x08001afd   Thumb Code     8  los_hwi.o(i.PendSV_Handler)
    SVC_Handler                              0x08001b05   Thumb Code     2  stm32f4xx_it.o(i.SVC_Handler)
    SysTick_Handler                          0x08001b07   Thumb Code     8  los_hwi.o(i.SysTick_Handler)
    SystemInit                               0x08001bd1   Thumb Code    82  system_stm32f4xx.o(i.SystemInit)
    UsageFault_Handler                       0x0800208d   Thumb Code     4  stm32f4xx_it.o(i.UsageFault_Handler)
    __0printf$8                              0x08002091   Thumb Code    22  printf8.o(i.__0printf$8)
    __1printf$8                              0x08002091   Thumb Code     0  printf8.o(i.__0printf$8)
    __2printf                                0x08002091   Thumb Code     0  printf8.o(i.__0printf$8)
    __scatterload_copy                       0x080020b1   Thumb Code    14  handlers.o(i.__scatterload_copy)
    __scatterload_null                       0x080020bf   Thumb Code     2  handlers.o(i.__scatterload_null)
    __scatterload_zeroinit                   0x080020c1   Thumb Code    14  handlers.o(i.__scatterload_zeroinit)
    fputc                                    0x08002529   Thumb Code    22  bsp_debug_usart.o(i.fputc)
    main                                     0x08002545   Thumb Code    62  main.o(i.main)
    osAlarmHeapInfo                          0x080025dd   Thumb Code    36  los_heap.o(i.osAlarmHeapInfo)
    osHeapAlloc                              0x08002601   Thumb Code   302  los_heap.o(i.osHeapAlloc)
    osHeapFree                               0x08002775   Thumb Code   272  los_heap.o(i.osHeapFree)
    osHeapInit                               0x080028a9   Thumb Code    68  los_heap.o(i.osHeapInit)
    osHeapPrvGetNext                         0x080028ed   Thumb Code    26  los_heap.o(i.osHeapPrvGetNext)
    osHeapStatisticsGet                      0x08002909   Thumb Code    90  los_heap.o(i.osHeapStatisticsGet)
    osIdleTask                               0x0800296d   Thumb Code     4  los_task.o(i.osIdleTask)
    osIdleTaskCreate                         0x08002971   Thumb Code    54  los_task.o(i.osIdleTaskCreate)
    osIntNumGet                              0x080029bd   Thumb Code     8  los_hwi.o(i.osIntNumGet)
    osMemSystemInit                          0x080029c5   Thumb Code    20  los_memory.o(i.osMemSystemInit)
    osPriqueueDequeue                        0x080029e1   Thumb Code    24  los_priqueue.o(i.osPriqueueDequeue)
    osPriqueueEnqueue                        0x080029f9   Thumb Code    32  los_priqueue.o(i.osPriqueueEnqueue)
    osPriqueueInit                           0x08002a1d   Thumb Code    64  los_priqueue.o(i.osPriqueueInit)
    osPriqueueSize                           0x08002a65   Thumb Code    36  los_priqueue.o(i.osPriqueueSize)
    osPriqueueTop                            0x08002a8d   Thumb Code    54  los_priqueue.o(i.osPriqueueTop)
    osQueueInit                              0x08002bb9   Thumb Code    96  los_queue.o(i.osQueueInit)
    osQueueOperate                           0x08002c29   Thumb Code   374  los_queue.o(i.osQueueOperate)
    osSchedule                               0x08002e3d   Thumb Code     8  los_hw.o(i.osSchedule)
    osSemInit                                0x08002e45   Thumb Code    80  los_sem.o(i.osSemInit)
    osSwTmrInit                              0x08002ea5   Thumb Code   122  los_swtmr.o(i.osSwTmrInit)
    osSwTmrStart                             0x08002f39   Thumb Code    72  los_swtmr.o(i.osSwTmrStart)
    osSwTmrTask                              0x08002f85   Thumb Code    62  los_swtmr.o(i.osSwTmrTask)
    osSwTmrTaskCreate                        0x08002fc9   Thumb Code    48  los_swtmr.o(i.osSwTmrTaskCreate)
    osSwtmrScan                              0x080030a1   Thumb Code    32  los_swtmr.o(i.osSwtmrScan)
    osTaskAdd2TimerList                      0x080030c5   Thumb Code   188  los_task.o(i.osTaskAdd2TimerList)
    osTaskEntry                              0x08003185   Thumb Code    40  los_task.o(i.osTaskEntry)
    osTaskExit                               0x080031b5   Thumb Code     6  los_hw.o(i.osTaskExit)
    osTaskInit                               0x080031bd   Thumb Code   258  los_task.o(i.osTaskInit)
    osTaskMonInit                            0x080032e5   Thumb Code    32  los_task.o(i.osTaskMonInit)
    osTaskScan                               0x08003315   Thumb Code   214  los_task.o(i.osTaskScan)
    osTaskSwitchCheck                        0x080033f1   Thumb Code   238  los_task.o(i.osTaskSwitchCheck)
    osTaskWait                               0x08003575   Thumb Code    72  los_task.o(i.osTaskWait)
    osTaskWake                               0x080035c1   Thumb Code    70  los_task.o(i.osTaskWake)
    osTickHandler                            0x08003609   Thumb Code    30  los_tick.o(i.osTickHandler)
    osTickStart                              0x0800362d   Thumb Code   144  los_hw_tick.o(i.osTickStart)
    osTimerListDelete                        0x080036d5   Thumb Code    66  los_task.o(i.osTimerListDelete)
    osTskStackInit                           0x0800371d   Thumb Code   308  los_hw.o(i.osTskStackInit)
    AHBPrescTable                            0x0800385c   Data          16  system_stm32f4xx.o(.constdata)
    APBPrescTable                            0x0800386c   Data           8  system_stm32f4xx.o(.constdata)
    Region$$Table$$Base                      0x080038b8   Number         0  anon$$obj.o(Region$$Table)
    Region$$Table$$Limit                     0x080038d8   Number         0  anon$$obj.o(Region$$Table)
    SystemCoreClock                          0x20000000   Data           4  system_stm32f4xx.o(.data)
    Test1_Task_Handle                        0x20000004   Data           4  main.o(.data)
    g_pstLosPriorityQueueList                0x20000008   Data           4  los_priqueue.o(.data)
    m_uwSwTmrHandlerQueue                    0x2000000c   Data           4  los_swtmr.o(.data)
    m_pstSwtmrCBArray                        0x20000010   Data           4  los_swtmr.o(.data)
    m_pstSwtmrFreeList                       0x20000014   Data           4  los_swtmr.o(.data)
    m_pstSwtmrSortList                       0x20000018   Data           4  los_swtmr.o(.data)
    g_pstTaskCBArray                         0x2000001c   Data           4  los_task.o(.data)
    g_stLosTask                              0x20000020   Data           8  los_task.o(.data)
    g_usLosTaskLock                          0x20000028   Data           2  los_task.o(.data)
    g_uwTskMaxNum                            0x2000002c   Data           4  los_task.o(.data)
    g_uwIdleTaskID                           0x20000030   Data           4  los_task.o(.data)
    g_uwSwtmrTaskID                          0x20000034   Data           4  los_task.o(.data)
    g_stTaskTimerList                        0x20000038   Data           8  los_task.o(.data)
    g_stLosFreeTask                          0x20000040   Data           8  los_task.o(.data)
    g_stTskRecyleList                        0x20000048   Data           8  los_task.o(.data)
    g_stTskSortLink                          0x20000050   Data           8  los_task.o(.data)
    g_bTaskScheduled                         0x20000058   Data           4  los_task.o(.data)
    g_pfnTskSwitchHook                       0x2000005c   Data           4  los_task.o(.data)
    g_pfnUsrTskSwitchHook                    0x20000060   Data           4  los_task.o(.data)
    g_ullTickCount                           0x20000068   Data           8  los_tick.o(.data)
    g_uwTicksPerSec                          0x20000070   Data           4  los_tick.o(.data)
    g_uwCyclePerSec                          0x20000074   Data           4  los_tick.o(.data)
    g_uwCyclesPerTick                        0x20000078   Data           4  los_tick.o(.data)
    g_uwSysClock                             0x2000007c   Data           4  los_tick.o(.data)
    g_pstAllQueue                            0x20000080   Data           4  los_queue.o(.data)
    g_stFreeQueueList                        0x20000084   Data           8  los_queue.o(.data)
    g_stUnusedSemList                        0x2000008c   Data           8  los_sem.o(.data)
    g_pstAllSem                              0x20000094   Data           4  los_sem.o(.data)
    g_pPoolHead                              0x200000a8   Data           4  los_memory.o(.data)
    m_aucSysMem0                             0x200000ac   Data           4  los_init.o(.data)
    __stdout                                 0x200000b0   Data           4  stdout.o(.data)
    UartHandle                               0x200000b4   Data          64  bsp_debug_usart.o(.bss)
    g_astTskSwitchInfo                       0x200000f4   Data         342  los_task.o(.bss)
    Image$$RW_IRAM1$$ZI$$Limit               0x20000650   Number         0  anon$$obj.o ABSOLUTE
    __initial_sp                             0x20000650   Data           0  startup_stm32f407xx.o(STACK)



==============================================================================

Memory Map of the image

  Image Entry point : 0x08000189

  Load Region LR_IROM1 (Base: 0x08000000, Size: 0x0000398c, Max: 0x00080000, ABSOLUTE)

    Execution Region ER_IROM1 (Exec base: 0x08000000, Load base: 0x08000000, Size: 0x000038d8, Max: 0x00080000, ABSOLUTE)

    Exec Addr    Load Addr    Size         Type   Attr      Idx    E Section Name        Object

    0x08000000   0x08000000   0x00000188   Data   RO            3    RESET               startup_stm32f407xx.o
    0x08000188   0x08000188   0x00000000   Code   RO         9506  * .ARM.Collect$$$$00000000  mc_w.l(entry.o)
    0x08000188   0x08000188   0x00000004   Code   RO         9788    .ARM.Collect$$$$00000001  mc_w.l(entry2.o)
    0x0800018c   0x0800018c   0x00000004   Code   RO         9791    .ARM.Collect$$$$00000004  mc_w.l(entry5.o)
    0x08000190   0x08000190   0x00000000   Code   RO         9793    .ARM.Collect$$$$00000008  mc_w.l(entry7b.o)
    0x08000190   0x08000190   0x00000000   Code   RO         9795    .ARM.Collect$$$$0000000A  mc_w.l(entry8b.o)
    0x08000190   0x08000190   0x00000008   Code   RO         9796    .ARM.Collect$$$$0000000B  mc_w.l(entry9a.o)
    0x08000198   0x08000198   0x00000004   Code   RO         9803    .ARM.Collect$$$$0000000E  mc_w.l(entry12b.o)
    0x0800019c   0x0800019c   0x00000000   Code   RO         9798    .ARM.Collect$$$$0000000F  mc_w.l(entry10a.o)
    0x0800019c   0x0800019c   0x00000000   Code   RO         9800    .ARM.Collect$$$$00000011  mc_w.l(entry11a.o)
    0x0800019c   0x0800019c   0x00000004   Code   RO         9789    .ARM.Collect$$$$00002712  mc_w.l(entry2.o)
    0x080001a0   0x080001a0   0x00000024   Code   RO            4    .text               startup_stm32f407xx.o
    0x080001c4   0x080001c4   0x000000e4   Code   RO         9370    .text               los_dispatch_keil.o
    0x080002a8   0x080002a8   0x00000062   Code   RO         9509    .text               mc_w.l(uldiv.o)
    0x0800030a   0x0800030a   0x00000024   Code   RO         9511    .text               mc_w.l(memcpya.o)
    0x0800032e   0x0800032e   0x00000024   Code   RO         9513    .text               mc_w.l(memseta.o)
    0x08000352   0x08000352   0x0000001e   Code   RO         9807    .text               mc_w.l(llshl.o)
    0x08000370   0x08000370   0x00000020   Code   RO         9809    .text               mc_w.l(llushr.o)
    0x08000390   0x08000390   0x00000024   Code   RO         9820    .text               mc_w.l(init.o)
    0x080003b4   0x080003b4   0x00000044   Code   RO         7070    i.AppTaskCreate     main.o
    0x080003f8   0x080003f8   0x00000010   Code   RO         7289    i.BSP_Init          board.o
    0x08000408   0x08000408   0x00000004   Code   RO         7193    i.BusFault_Handler  stm32f4xx_it.o
    0x0800040c   0x0800040c   0x00000040   Code   RO         7071    i.Creat_Test1_Task  main.o
    0x0800044c   0x0800044c   0x0000003c   Code   RO         7360    i.DEBUG_USART_Config  bsp_debug_usart.o
    0x08000488   0x08000488   0x00000002   Code   RO         7194    i.DebugMon_Handler  stm32f4xx_it.o
    0x0800048a   0x0800048a   0x00000002   Code   RO         7195    i.EXTI0_IRQHandler  stm32f4xx_it.o
    0x0800048c   0x0800048c   0x000001d4   Code   RO         1593    i.HAL_GPIO_Init     stm32f4xx_hal_gpio.o
    0x08000660   0x08000660   0x0000000c   Code   RO          254    i.HAL_GetREVID      stm32f4xx_hal.o
    0x0800066c   0x0800066c   0x0000001c   Code   RO         7320    i.HAL_GetTick       core_delay.o
    0x08000688   0x08000688   0x0000002c   Code   RO         7321    i.HAL_InitTick      core_delay.o
    0x080006b4   0x080006b4   0x0000001a   Code   RO          733    i.HAL_NVIC_EnableIRQ  stm32f4xx_hal_cortex.o
    0x080006ce   0x080006ce   0x0000007c   Code   RO          739    i.HAL_NVIC_SetPriority  stm32f4xx_hal_cortex.o
    0x0800074a   0x0800074a   0x00000002   PAD
    0x0800074c   0x0800074c   0x00000180   Code   RO         3493    i.HAL_RCC_ClockConfig  stm32f4xx_hal_rcc.o
    0x080008cc   0x080008cc   0x0000000c   Code   RO         3498    i.HAL_RCC_GetHCLKFreq  stm32f4xx_hal_rcc.o
    0x080008d8   0x080008d8   0x00000020   Code   RO         3500    i.HAL_RCC_GetPCLK1Freq  stm32f4xx_hal_rcc.o
    0x080008f8   0x080008f8   0x00000020   Code   RO         3501    i.HAL_RCC_GetPCLK2Freq  stm32f4xx_hal_rcc.o
    0x08000918   0x08000918   0x000000b0   Code   RO         3502    i.HAL_RCC_GetSysClockFreq  stm32f4xx_hal_rcc.o
    0x080009c8   0x080009c8   0x00000448   Code   RO         3505    i.HAL_RCC_OscConfig  stm32f4xx_hal_rcc.o
    0x08000e10   0x08000e10   0x00000072   Code   RO         5868    i.HAL_UART_Init     stm32f4xx_hal_uart.o
    0x08000e82   0x08000e82   0x00000002   PAD
    0x08000e84   0x08000e84   0x000000b0   Code   RO         7361    i.HAL_UART_MspInit  bsp_debug_usart.o
    0x08000f34   0x08000f34   0x000000d6   Code   RO         5876    i.HAL_UART_Transmit  stm32f4xx_hal_uart.o
    0x0800100a   0x0800100a   0x00000004   Code   RO         7196    i.HardFault_Handler  stm32f4xx_it.o
    0x0800100e   0x0800100e   0x00000002   PAD
    0x08001010   0x08001010   0x000000e0   Code   RO         7262    i.LED_GPIO_Config   bsp_led.o
    0x080010f0   0x080010f0   0x0000001c   Code   RO         9256    i.LOS_Align         los_misc.o
    0x0800110c   0x0800110c   0x00000108   Code   RO         9319    i.LOS_KernelInit    los_init.o
    0x08001214   0x08001214   0x0000000e   Code   RO         8108    i.LOS_ListAdd       los_task.o
    0x08001222   0x08001222   0x0000000e   Code   RO         8568    i.LOS_ListAdd       los_queue.o
    0x08001230   0x08001230   0x0000000e   Code   RO         8715    i.LOS_ListAdd       los_sem.o
    0x0800123e   0x0800123e   0x00000014   Code   RO         8109    i.LOS_ListDelete    los_task.o
    0x08001252   0x08001252   0x00000010   Code   RO         8110    i.LOS_ListEmpty     los_task.o
    0x08001262   0x08001262   0x00000010   Code   RO         8569    i.LOS_ListEmpty     los_queue.o
    0x08001272   0x08001272   0x00000006   Code   RO         8111    i.LOS_ListInit      los_task.o
    0x08001278   0x08001278   0x00000006   Code   RO         8570    i.LOS_ListInit      los_queue.o
    0x0800127e   0x0800127e   0x00000006   Code   RO         8717    i.LOS_ListInit      los_sem.o
    0x08001284   0x08001284   0x00000010   Code   RO         8112    i.LOS_ListTailInsert  los_task.o
    0x08001294   0x08001294   0x0000001e   Code   RO         8921    i.LOS_MemAlloc      los_memory.o
    0x080012b2   0x080012b2   0x0000005a   Code   RO         8922    i.LOS_MemAllocAlign  los_memory.o
    0x0800130c   0x0800130c   0x0000003a   Code   RO         8924    i.LOS_MemFree       los_memory.o
    0x08001346   0x08001346   0x00000002   PAD
    0x08001348   0x08001348   0x000000ec   Code   RO         8926    i.LOS_MemInit       los_memory.o
    0x08001434   0x08001434   0x000000e0   Code   RO         8571    i.LOS_QueueCreate   los_queue.o
    0x08001514   0x08001514   0x00000036   Code   RO         8575    i.LOS_QueueReadCopy  los_queue.o
    0x0800154a   0x0800154a   0x00000036   Code   RO         8577    i.LOS_QueueWriteCopy  los_queue.o
    0x08001580   0x08001580   0x00000040   Code   RO         9376    i.LOS_Schedule      los_hw.o
    0x080015c0   0x080015c0   0x00000044   Code   RO         9321    i.LOS_Start         los_init.o
    0x08001604   0x08001604   0x0000009c   Code   RO         8115    i.LOS_TaskCreate    los_task.o
    0x080016a0   0x080016a0   0x00000188   Code   RO         8116    i.LOS_TaskCreateOnly  los_task.o
    0x08001828   0x08001828   0x0000007c   Code   RO         8117    i.LOS_TaskDelay     los_task.o
    0x080018a4   0x080018a4   0x00000178   Code   RO         8118    i.LOS_TaskDelete    los_task.o
    0x08001a1c   0x08001a1c   0x00000094   Code   RO         8131    i.LOS_TaskYield     los_task.o
    0x08001ab0   0x08001ab0   0x0000000c   Code   RO         8051    i.LOS_TickCountGet  los_sys.o
    0x08001abc   0x08001abc   0x00000004   Code   RO         7197    i.MemManage_Handler  stm32f4xx_it.o
    0x08001ac0   0x08001ac0   0x00000002   Code   RO         7198    i.NMI_Handler       stm32f4xx_it.o
    0x08001ac2   0x08001ac2   0x00000002   PAD
    0x08001ac4   0x08001ac4   0x00000010   Code   RO          746    i.NVIC_GetPriorityGrouping  stm32f4xx_hal_cortex.o
    0x08001ad4   0x08001ad4   0x00000028   Code   RO          747    i.NVIC_SetPriority  stm32f4xx_hal_cortex.o
    0x08001afc   0x08001afc   0x00000008   Code   RO         9470    i.PendSV_Handler    los_hwi.o
    0x08001b04   0x08001b04   0x00000002   Code   RO         7199    i.SVC_Handler       stm32f4xx_it.o
    0x08001b06   0x08001b06   0x00000008   Code   RO         9471    i.SysTick_Handler   los_hwi.o
    0x08001b0e   0x08001b0e   0x00000002   PAD
    0x08001b10   0x08001b10   0x000000c0   Code   RO         7290    i.SystemClock_Config  board.o
    0x08001bd0   0x08001bd0   0x00000064   Code   RO           14    i.SystemInit        system_stm32f4xx.o
    0x08001c34   0x08001c34   0x00000084   Code   RO         7072    i.Test1_Task        main.o
    0x08001cb8   0x08001cb8   0x00000368   Code   RO         5895    i.UART_SetConfig    stm32f4xx_hal_uart.o
    0x08002020   0x08002020   0x0000006c   Code   RO         5897    i.UART_WaitOnFlagUntilTimeout  stm32f4xx_hal_uart.o
    0x0800208c   0x0800208c   0x00000004   Code   RO         7200    i.UsageFault_Handler  stm32f4xx_it.o
    0x08002090   0x08002090   0x00000020   Code   RO         9726    i.__0printf$8       mc_w.l(printf8.o)
    0x080020b0   0x080020b0   0x0000000e   Code   RO         9826    i.__scatterload_copy  mc_w.l(handlers.o)
    0x080020be   0x080020be   0x00000002   Code   RO         9827    i.__scatterload_null  mc_w.l(handlers.o)
    0x080020c0   0x080020c0   0x0000000e   Code   RO         9828    i.__scatterload_zeroinit  mc_w.l(handlers.o)
    0x080020ce   0x080020ce   0x00000002   PAD
    0x080020d0   0x080020d0   0x00000404   Code   RO         9733    i._printf_core      mc_w.l(printf8.o)
    0x080024d4   0x080024d4   0x00000024   Code   RO         9734    i._printf_post_padding  mc_w.l(printf8.o)
    0x080024f8   0x080024f8   0x0000002e   Code   RO         9735    i._printf_pre_padding  mc_w.l(printf8.o)
    0x08002526   0x08002526   0x00000002   PAD
    0x08002528   0x08002528   0x0000001c   Code   RO         7364    i.fputc             bsp_debug_usart.o
    0x08002544   0x08002544   0x00000098   Code   RO         7073    i.main              main.o
    0x080025dc   0x080025dc   0x00000024   Code   RO         8798    i.osAlarmHeapInfo   los_heap.o
    0x08002600   0x08002600   0x00000174   Code   RO         8799    i.osHeapAlloc       los_heap.o
    0x08002774   0x08002774   0x00000134   Code   RO         8800    i.osHeapFree        los_heap.o
    0x080028a8   0x080028a8   0x00000044   Code   RO         8803    i.osHeapInit        los_heap.o
    0x080028ec   0x080028ec   0x0000001a   Code   RO         8804    i.osHeapPrvGetNext  los_heap.o
    0x08002906   0x08002906   0x00000002   PAD
    0x08002908   0x08002908   0x00000064   Code   RO         8805    i.osHeapStatisticsGet  los_heap.o
    0x0800296c   0x0800296c   0x00000004   Code   RO         8135    i.osIdleTask        los_task.o
    0x08002970   0x08002970   0x0000004c   Code   RO         8136    i.osIdleTaskCreate  los_task.o
    0x080029bc   0x080029bc   0x00000008   Code   RO         9472    i.osIntNumGet       los_hwi.o
    0x080029c4   0x080029c4   0x0000001c   Code   RO         8930    i.osMemSystemInit   los_memory.o
    0x080029e0   0x080029e0   0x00000018   Code   RO         7841    i.osPriqueueDequeue  los_priqueue.o
    0x080029f8   0x080029f8   0x00000024   Code   RO         7842    i.osPriqueueEnqueue  los_priqueue.o
    0x08002a1c   0x08002a1c   0x00000048   Code   RO         7843    i.osPriqueueInit    los_priqueue.o
    0x08002a64   0x08002a64   0x00000028   Code   RO         7844    i.osPriqueueSize    los_priqueue.o
    0x08002a8c   0x08002a8c   0x0000003c   Code   RO         7845    i.osPriqueueTop     los_priqueue.o
    0x08002ac8   0x08002ac8   0x000000f0   Code   RO         8580    i.osQueueBufferOperate  los_queue.o
    0x08002bb8   0x08002bb8   0x00000070   Code   RO         8581    i.osQueueInit       los_queue.o
    0x08002c28   0x08002c28   0x00000188   Code   RO         8584    i.osQueueOperate    los_queue.o
    0x08002db0   0x08002db0   0x00000040   Code   RO         8585    i.osQueueReadParameterCheck  los_queue.o
    0x08002df0   0x08002df0   0x00000040   Code   RO         8586    i.osQueueWriteParameterCheck  los_queue.o
    0x08002e30   0x08002e30   0x0000000c   Code   RO         9323    i.osRegister        los_init.o
    0x08002e3c   0x08002e3c   0x00000008   Code   RO         9378    i.osSchedule        los_hw.o
    0x08002e44   0x08002e44   0x00000060   Code   RO         8723    i.osSemInit         los_sem.o
    0x08002ea4   0x08002ea4   0x00000094   Code   RO         7925    i.osSwTmrInit       los_swtmr.o
    0x08002f38   0x08002f38   0x0000004c   Code   RO         7926    i.osSwTmrStart      los_swtmr.o
    0x08002f84   0x08002f84   0x00000044   Code   RO         7927    i.osSwTmrTask       los_swtmr.o
    0x08002fc8   0x08002fc8   0x00000044   Code   RO         7928    i.osSwTmrTaskCreate  los_swtmr.o
    0x0800300c   0x0800300c   0x00000080   Code   RO         7929    i.osSwTmrTimeoutHandle  los_swtmr.o
    0x0800308c   0x0800308c   0x00000014   Code   RO         7931    i.osSwtmrDelete     los_swtmr.o
    0x080030a0   0x080030a0   0x00000024   Code   RO         7932    i.osSwtmrScan       los_swtmr.o
    0x080030c4   0x080030c4   0x000000c0   Code   RO         8137    i.osTaskAdd2TimerList  los_task.o
    0x08003184   0x08003184   0x00000030   Code   RO         8138    i.osTaskEntry       los_task.o
    0x080031b4   0x080031b4   0x00000006   Code   RO         9379    i.osTaskExit        los_hw.o
    0x080031ba   0x080031ba   0x00000002   PAD
    0x080031bc   0x080031bc   0x00000128   Code   RO         8139    i.osTaskInit        los_task.o
    0x080032e4   0x080032e4   0x00000030   Code   RO         8140    i.osTaskMonInit     los_task.o
    0x08003314   0x08003314   0x000000dc   Code   RO         8143    i.osTaskScan        los_task.o
    0x080033f0   0x080033f0   0x00000184   Code   RO         8144    i.osTaskSwitchCheck  los_task.o
    0x08003574   0x08003574   0x0000004c   Code   RO         8145    i.osTaskWait        los_task.o
    0x080035c0   0x080035c0   0x00000046   Code   RO         8146    i.osTaskWake        los_task.o
    0x08003606   0x08003606   0x00000002   PAD
    0x08003608   0x08003608   0x00000024   Code   RO         8408    i.osTickHandler     los_tick.o
    0x0800362c   0x0800362c   0x000000a8   Code   RO         9427    i.osTickStart       los_hw_tick.o
    0x080036d4   0x080036d4   0x00000048   Code   RO         8147    i.osTimerListDelete  los_task.o
    0x0800371c   0x0800371c   0x00000140   Code   RO         9380    i.osTskStackInit    los_hw.o
    0x0800385c   0x0800385c   0x00000018   Data   RO           15    .constdata          system_stm32f4xx.o
    0x08003874   0x08003874   0x00000044   Data   RO         7074    .conststring        main.o
    0x080038b8   0x080038b8   0x00000020   Data   RO         9824    Region$$Table       anon$$obj.o


    Execution Region RW_IRAM1 (Exec base: 0x20000000, Load base: 0x080038d8, Size: 0x00000650, Max: 0x00020000, ABSOLUTE)

    Exec Addr    Load Addr    Size         Type   Attr      Idx    E Section Name        Object

    0x20000000   0x080038d8   0x00000004   Data   RW           16    .data               system_stm32f4xx.o
    0x20000004   0x080038dc   0x00000004   Data   RW         7075    .data               main.o
    0x20000008   0x080038e0   0x00000004   Data   RW         7847    .data               los_priqueue.o
    0x2000000c   0x080038e4   0x00000010   Data   RW         7935    .data               los_swtmr.o
    0x2000001c   0x080038f4   0x00000048   Data   RW         8150    .data               los_task.o
    0x20000064   0x0800393c   0x00000004   PAD
    0x20000068   0x08003940   0x00000018   Data   RW         8409    .data               los_tick.o
    0x20000080   0x08003958   0x0000000c   Data   RW         8587    .data               los_queue.o
    0x2000008c   0x08003964   0x0000000c   Data   RW         8724    .data               los_sem.o
    0x20000098   0x08003970   0x00000010   Data   RW         8806    .data               los_heap.o
    0x200000a8   0x08003980   0x00000004   Data   RW         8932    .data               los_memory.o
    0x200000ac   0x08003984   0x00000004   Data   RW         9324    .data               los_init.o
    0x200000b0   0x08003988   0x00000004   Data   RW         9804    .data               mc_w.l(stdout.o)
    0x200000b4        -       0x00000040   Zero   RW         7365    .bss                bsp_debug_usart.o
    0x200000f4        -       0x00000156   Zero   RW         8148    .bss                los_task.o
    0x2000024a   0x0800398c   0x00000006   PAD
    0x20000250        -       0x00000400   Zero   RW            1    STACK               startup_stm32f407xx.o


==============================================================================

Image component sizes


      Code (inc. data)   RO Data    RW Data    ZI Data      Debug   Object Name

       208         12          0          0          0       1539   board.o
       264         22          0          0         64       2521   bsp_debug_usart.o
       224         10          0          0          0       1034   bsp_led.o
         0          0          0          0          0       5570   cmsis_liteos.o
        72         20          0          0          0       1025   core_delay.o
       228         26          0          0          0        380   los_dispatch_keil.o
       910        116          0         16          0       6267   los_heap.o
       398         20          0          0          0       2966   los_hw.o
       168         24          0          0          0      27501   los_hw_tick.o
        24          0          0          0          0       6009   los_hwi.o
       344        140          0          4          0       2348   los_init.o
       442         68          0          4          0       4351   los_memory.o
        28          0          0          0          0        628   los_misc.o
       232         22          0          4          0       6078   los_priqueue.o
      1240        100          0         12          0      20176   los_queue.o
       116         16          0         12          0       3236   los_sem.o
       544         72          0         16          0       6533   los_swtmr.o
        12          6          0          0          0        523   los_sys.o
      2758        376          0         72        342      25952   los_task.o
        36          6          0         24          0        964   los_tick.o
       416        160         68          4          0      10779   main.o
        36          8        392          0       1024        952   startup_stm32f407xx.o
        12          4          0          0          0        547   stm32f4xx_hal.o
       206         14          0          0          0      29399   stm32f4xx_hal_cortex.o
       468         32          0          0          0       1652   stm32f4xx_hal_gpio.o
      1732         84          0          0          0       5592   stm32f4xx_hal_rcc.o
      1308          8          0          0          0       3772   stm32f4xx_hal_uart.o
        24          0          0          0          0       3698   stm32f4xx_it.o
       100         18         24          4          0     386587   system_stm32f4xx.o

    ----------------------------------------------------------------------
     12568       1384        516        176       1436     568579   Object Totals
         0          0         32          0          0          0   (incl. Generated)
        18          0          0          4          6          0   (incl. Padding)

    ----------------------------------------------------------------------

      Code (inc. data)   RO Data    RW Data    ZI Data      Debug   Library Member Name

         0          0          0          0          0          0   entry.o
         0          0          0          0          0          0   entry10a.o
         0          0          0          0          0          0   entry11a.o
         4          0          0          0          0          0   entry12b.o
         8          4          0          0          0          0   entry2.o
         4          0          0          0          0          0   entry5.o
         0          0          0          0          0          0   entry7b.o
         0          0          0          0          0          0   entry8b.o
         8          4          0          0          0          0   entry9a.o
        30          0          0          0          0          0   handlers.o
        36          8          0          0          0         68   init.o
        30          0          0          0          0         68   llshl.o
        32          0          0          0          0         68   llushr.o
        36          0          0          0          0         68   memcpya.o
        36          0          0          0          0        108   memseta.o
      1142         54          0          0          0        352   printf8.o
         0          0          0          4          0          0   stdout.o
        98          0          0          0          0         92   uldiv.o

    ----------------------------------------------------------------------
      1468         70          0          4          0        824   Library Totals
         4          0          0          0          0          0   (incl. Padding)

    ----------------------------------------------------------------------

      Code (inc. data)   RO Data    RW Data    ZI Data      Debug   Library Name

      1464         70          0          4          0        824   mc_w.l

    ----------------------------------------------------------------------
      1468         70          0          4          0        824   Library Totals

    ----------------------------------------------------------------------

==============================================================================


      Code (inc. data)   RO Data    RW Data    ZI Data      Debug   

     14036       1454        516        180       1436     558943   Grand Totals
     14036       1454        516        180       1436     558943   ELF Image Totals
     14036       1454        516        180          0          0   ROM Totals

==============================================================================

    Total RO  Size (Code + RO Data)                14552 (  14.21kB)
    Total RW  Size (RW Data + ZI Data)              1616 (   1.58kB)
    Total ROM Size (Code + RO Data + RW Data)      14732 (  14.39kB)

==============================================================================

